2026-02-07 16:48:55.655  1484-1700  AudioCapabilities       com.rpeters.jellyfin                 W  Unsupported mediaType audio/x-ape
2026-02-07 16:48:55.655  1484-1700  AudioCapabilities       com.rpeters.jellyfin                 W  Unsupported mediaType audio/evrc
2026-02-07 16:48:55.655  1484-1700  AudioCapabilities       com.rpeters.jellyfin                 W  Unsupported mediaType audio/evrc
2026-02-07 16:48:55.655  1484-1700  AudioCapabilities       com.rpeters.jellyfin                 W  Unsupported mediaType audio/x-ima
2026-02-07 16:48:55.655  1484-1700  AudioCapabilities       com.rpeters.jellyfin                 W  Unsupported mediaType audio/mpeg-L1
2026-02-07 16:48:55.655  1484-1700  AudioCapabilities       com.rpeters.jellyfin                 W  Unsupported mediaType audio/mpeg-L2
2026-02-07 16:48:55.655  1484-1700  AudioCapabilities       com.rpeters.jellyfin                 W  Unsupported mediaType audio/qcelp
2026-02-07 16:48:55.655  1484-1700  AudioCapabilities       com.rpeters.jellyfin                 W  Unsupported mediaType audio/qcelp
2026-02-07 16:48:55.656  1484-1700  VideoCapabilities       com.rpeters.jellyfin                 W  Unsupported mime video/wvc1
2026-02-07 16:48:55.656  1484-1700  VideoCapabilities       com.rpeters.jellyfin                 W  Unsupported mime video/x-ms-wmv
2026-02-07 16:48:55.661  1484-1700  VideoCapabilities       com.rpeters.jellyfin                 W  Unsupported mime video/x-mvhevc
2026-02-07 16:48:55.662  1484-1700  VideoCapabilities       com.rpeters.jellyfin                 W  Unsupported mime image/vnd.android.heic
2026-02-07 16:48:55.662  1484-1700  VideoCapabilities       com.rpeters.jellyfin                 W  Unrecognized profile/level 32768/256 for video/mp4v-es
2026-02-07 16:48:55.665  1484-1700  AudioCapabilities       com.rpeters.jellyfin                 W  Unsupported mediaType audio/x-ape
2026-02-07 16:48:55.665  1484-1700  AudioCapabilities       com.rpeters.jellyfin                 W  Unsupported mediaType audio/evrc
2026-02-07 16:48:55.665  1484-1700  AudioCapabilities       com.rpeters.jellyfin                 W  Unsupported mediaType audio/evrc
2026-02-07 16:48:55.665  1484-1700  AudioCapabilities       com.rpeters.jellyfin                 W  Unsupported mediaType audio/x-ima
2026-02-07 16:48:55.665  1484-1700  AudioCapabilities       com.rpeters.jellyfin                 W  Unsupported mediaType audio/mpeg-L1
2026-02-07 16:48:55.665  1484-1700  AudioCapabilities       com.rpeters.jellyfin                 W  Unsupported mediaType audio/mpeg-L2
2026-02-07 16:48:55.665  1484-1700  AudioCapabilities       com.rpeters.jellyfin                 W  Unsupported mediaType audio/qcelp
2026-02-07 16:48:55.665  1484-1700  AudioCapabilities       com.rpeters.jellyfin                 W  Unsupported mediaType audio/qcelp
2026-02-07 16:48:55.665  1484-1700  VideoCapabilities       com.rpeters.jellyfin                 W  Unsupported mime video/wvc1
2026-02-07 16:48:55.666  1484-1700  VideoCapabilities       com.rpeters.jellyfin                 W  Unsupported mime video/x-ms-wmv
2026-02-07 16:48:55.671  1484-1700  VideoCapabilities       com.rpeters.jellyfin                 W  Unsupported mime video/x-mvhevc
2026-02-07 16:48:55.671  1484-1700  VideoCapabilities       com.rpeters.jellyfin                 W  Unsupported mime image/vnd.android.heic
2026-02-07 16:48:55.671  1484-1700  VideoCapabilities       com.rpeters.jellyfin                 W  Unrecognized profile/level 32768/256 for video/mp4v-es
2026-02-07 16:48:55.676  1484-1700  AudioCapabilities       com.rpeters.jellyfin                 W  Unsupported mime audio/x-ape
2026-02-07 16:48:55.676  1484-1700  AudioCapabilities       com.rpeters.jellyfin                 W  Unsupported mime audio/evrc
2026-02-07 16:48:55.677  1484-1700  AudioCapabilities       com.rpeters.jellyfin                 W  Unsupported mime audio/evrc
2026-02-07 16:48:55.677  1484-1700  AudioCapabilities       com.rpeters.jellyfin                 W  Unsupported mime audio/x-ima
2026-02-07 16:48:55.677  1484-1700  AudioCapabilities       com.rpeters.jellyfin                 W  Unsupported mime audio/mpeg-L1
2026-02-07 16:48:55.677  1484-1700  AudioCapabilities       com.rpeters.jellyfin                 W  Unsupported mime audio/mpeg-L2
2026-02-07 16:48:55.677  1484-1700  AudioCapabilities       com.rpeters.jellyfin                 W  Unsupported mime audio/qcelp
2026-02-07 16:48:55.677  1484-1700  AudioCapabilities       com.rpeters.jellyfin                 W  Unsupported mime audio/qcelp
2026-02-07 16:48:55.678  1484-1700  VideoCapabilities       com.rpeters.jellyfin                 W  Unsupported mime video/wvc1
2026-02-07 16:48:55.678  1484-1700  VideoCapabilities       com.rpeters.jellyfin                 W  Unsupported mime video/x-ms-wmv
2026-02-07 16:48:55.684  1484-1700  VideoCapabilities       com.rpeters.jellyfin                 W  Unsupported mime video/x-mvhevc
2026-02-07 16:48:55.685  1484-1700  VideoCapabilities       com.rpeters.jellyfin                 W  Unsupported mime image/vnd.android.heic
2026-02-07 16:48:55.685  1484-1700  VideoCapabilities       com.rpeters.jellyfin                 W  Unrecognized profile/level 32768/256 for video/mp4v-es
2026-02-07 16:48:55.688  1484-1700  VideoCapabilities       com.rpeters.jellyfin                 W  Unsupported mime video/wvc1
2026-02-07 16:48:55.692  1484-1700  VideoCapabilities       com.rpeters.jellyfin                 W  Unsupported mime image/vnd.android.heic
2026-02-07 16:48:55.694  1484-1700  DeviceCapabilities      com.rpeters.jellyfin                 D  [VERBOSE] Video codecs supported: [h264, h265, vp9, av1, mpeg4, h263, vp8]
2026-02-07 16:48:55.694  1484-1700  DeviceCapabilities      com.rpeters.jellyfin                 D  [VERBOSE] Audio codecs supported: [flac, mp3, ac3, eac3, aac, opus, pcm, vorbis]
2026-02-07 16:48:55.695  1484-1700  DeviceCapabilities      com.rpeters.jellyfin                 D  Detected max resolution: 3840x2160
2026-02-07 16:48:55.695  1484-1700  DeviceCapabilities      com.rpeters.jellyfin                 D  Device: samsung SM-S938U1, Display: 1440x3120
2026-02-07 16:48:55.696  1484-1700  DeviceCapabilities      com.rpeters.jellyfin                 D  Detected total RAM: 11653MB
2026-02-07 16:48:55.697  1484-1700  DeviceCapabilities      com.rpeters.jellyfin                 D  Hardware codecs: [flac, mp3, ac3, eac3, h264, h265, vp9, av1, mpeg4]
2026-02-07 16:48:55.697  1484-1700  DeviceCapabilities      com.rpeters.jellyfin                 D  Software codecs: [aac, flac, mp3, opus, pcm, vorbis, av1, h264, h263, h265, mpeg4, vp8, vp9]
2026-02-07 16:48:55.697  1484-1700  JellyfinRepository      com.rpeters.jellyfin                 D  Device capabilities: maxResolution=(3840, 2160), supports4K=true
2026-02-07 16:48:55.698  1484-1700  JellyfinDeviceProfile   com.rpeters.jellyfin                 D  Creating dynamic device profile for 7 video and 8 audio codecs
2026-02-07 16:48:55.700  1484-1700  JellyfinRepository      com.rpeters.jellyfin                 D  DeviceProfile created with codecProfiles: 7
2026-02-07 16:48:55.700  1484-1700  JellyfinRepository      com.rpeters.jellyfin                 D    CodecProfile[0]: type=Video, codec=h264, conditions=2
2026-02-07 16:48:55.700  1484-1700  JellyfinRepository      com.rpeters.jellyfin                 D      Condition: Width LessThanEqual 3840
2026-02-07 16:48:55.700  1484-1700  JellyfinRepository      com.rpeters.jellyfin                 D      Condition: Height LessThanEqual 2160
2026-02-07 16:48:55.700  1484-1700  JellyfinRepository      com.rpeters.jellyfin                 D    CodecProfile[1]: type=Video, codec=h265, conditions=3
2026-02-07 16:48:55.700  1484-1700  JellyfinRepository      com.rpeters.jellyfin                 D      Condition: Width LessThanEqual 3840
2026-02-07 16:48:55.700  1484-1700  JellyfinRepository      com.rpeters.jellyfin                 D      Condition: Height LessThanEqual 2160
2026-02-07 16:48:55.700  1484-1700  JellyfinRepository      com.rpeters.jellyfin                 D      Condition: VideoBitDepth LessThanEqual 10
2026-02-07 16:48:55.700  1484-1700  JellyfinRepository      com.rpeters.jellyfin                 D    CodecProfile[2]: type=Video, codec=vp9, conditions=2
2026-02-07 16:48:55.700  1484-1700  JellyfinRepository      com.rpeters.jellyfin                 D      Condition: Width LessThanEqual 3840
2026-02-07 16:48:55.700  1484-1700  JellyfinRepository      com.rpeters.jellyfin                 D      Condition: Height LessThanEqual 2160
2026-02-07 16:48:55.700  1484-1700  JellyfinRepository      com.rpeters.jellyfin                 D    CodecProfile[3]: type=Video, codec=av1, conditions=2
2026-02-07 16:48:55.700  1484-1700  JellyfinRepository      com.rpeters.jellyfin                 D      Condition: Width LessThanEqual 3840
2026-02-07 16:48:55.701  1484-1700  JellyfinRepository      com.rpeters.jellyfin                 D      Condition: Height LessThanEqual 2160
2026-02-07 16:48:55.701  1484-1700  JellyfinRepository      com.rpeters.jellyfin                 D    CodecProfile[4]: type=Video, codec=mpeg4, conditions=2
2026-02-07 16:48:55.701  1484-1700  JellyfinRepository      com.rpeters.jellyfin                 D      Condition: Width LessThanEqual 3840
2026-02-07 16:48:55.701  1484-1700  JellyfinRepository      com.rpeters.jellyfin                 D      Condition: Height LessThanEqual 2160
2026-02-07 16:48:55.701  1484-1700  JellyfinRepository      com.rpeters.jellyfin                 D    CodecProfile[5]: type=Video, codec=h263, conditions=2
2026-02-07 16:48:55.701  1484-1700  JellyfinRepository      com.rpeters.jellyfin                 D      Condition: Width LessThanEqual 3840
2026-02-07 16:48:55.701  1484-1700  JellyfinRepository      com.rpeters.jellyfin                 D      Condition: Height LessThanEqual 2160
2026-02-07 16:48:55.701  1484-1700  JellyfinRepository      com.rpeters.jellyfin                 D    CodecProfile[6]: type=Video, codec=vp8, conditions=2
2026-02-07 16:48:55.701  1484-1700  JellyfinRepository      com.rpeters.jellyfin                 D      Condition: Width LessThanEqual 3840
2026-02-07 16:48:55.701  1484-1700  JellyfinRepository      com.rpeters.jellyfin                 D      Condition: Height LessThanEqual 2160
2026-02-07 16:48:55.702  1484-1700  JellyfinRepository      com.rpeters.jellyfin                 D  PlaybackInfo request for item UUID-***: maxBitrate=80000000 (80Mbps), directPlay=true, directStream=true, transcode=true
2026-02-07 16:48:55.702  1484-1700  JellyfinRepository      com.rpeters.jellyfin                 D  Network-based maxStreamingBitrate: 80Mbps
2026-02-07 16:48:55.702  1484-1700  JellyfinRepository      com.rpeters.jellyfin                 D  DeviceProfile: Jellyfin Android Client (Dynamic), maxStreamBitrate=100000000, maxStaticBitrate=100000000
2026-02-07 16:48:55.702  1484-1700  JellyfinRepository      com.rpeters.jellyfin                 D    DirectPlayProfile[0]: container=mp4, type=Video, videoCodec=h264,h265,vp9,av1,mpeg4,h263,vp8, audioCodec=flac,mp3,ac3,eac3,aac,opus,pcm,vorbis,alac
2026-02-07 16:48:55.702  1484-1700  JellyfinRepository      com.rpeters.jellyfin                 D    DirectPlayProfile[1]: container=m4v, type=Video, videoCodec=h264,h265,vp9,av1,mpeg4,h263,vp8, audioCodec=flac,mp3,ac3,eac3,aac,opus,pcm,vorbis,alac
2026-02-07 16:48:55.702  1484-1700  JellyfinRepository      com.rpeters.jellyfin                 D    DirectPlayProfile[2]: container=3gp, type=Video, videoCodec=h264,h265,vp9,av1,mpeg4,h263,vp8, audioCodec=flac,mp3,ac3,eac3,aac,opus,pcm,vorbis,alac
2026-02-07 16:48:55.702  1484-1700  JellyfinRepository      com.rpeters.jellyfin                 D    DirectPlayProfile[3]: container=3gpp, type=Video, videoCodec=h264,h265,vp9,av1,mpeg4,h263,vp8, audioCodec=flac,mp3,ac3,eac3,aac,opus,pcm,vorbis,alac
2026-02-07 16:48:55.702  1484-1700  JellyfinRepository      com.rpeters.jellyfin                 D    DirectPlayProfile[4]: container=3g2, type=Video, videoCodec=h264,h265,vp9,av1,mpeg4,h263,vp8, audioCodec=flac,mp3,ac3,eac3,aac,opus,pcm,vorbis,alac
2026-02-07 16:48:55.702  1484-1700  JellyfinRepository      com.rpeters.jellyfin                 D    DirectPlayProfile[5]: container=3gpp2, type=Video, videoCodec=h264,h265,vp9,av1,mpeg4,h263,vp8, audioCodec=flac,mp3,ac3,eac3,aac,opus,pcm,vorbis,alac
2026-02-07 16:48:55.702  1484-1700  JellyfinRepository      com.rpeters.jellyfin                 D    DirectPlayProfile[6]: container=webm, type=Video, videoCodec=h264,h265,vp9,av1,mpeg4,h263,vp8, audioCodec=flac,mp3,ac3,eac3,aac,opus,pcm,vorbis,alac
2026-02-07 16:48:55.702  1484-1700  JellyfinRepository      com.rpeters.jellyfin                 D    DirectPlayProfile[7]: container=mkv, type=Video, videoCodec=h264,h265,vp9,av1,mpeg4,h263,vp8, audioCodec=flac,mp3,ac3,eac3,aac,opus,pcm,vorbis,alac
2026-02-07 16:48:55.702  1484-1700  JellyfinRepository      com.rpeters.jellyfin                 D    DirectPlayProfile[8]: container=avi, type=Video, videoCodec=h264,h265,vp9,av1,mpeg4,h263,vp8, audioCodec=flac,mp3,ac3,eac3,aac,opus,pcm,vorbis,alac
2026-02-07 16:48:55.702  1484-1700  JellyfinRepository      com.rpeters.jellyfin                 D    DirectPlayProfile[9]: container=mov, type=Video, videoCodec=h264,h265,vp9,av1,mpeg4,h263,vp8, audioCodec=flac,mp3,ac3,eac3,aac,opus,pcm,vorbis,alac
2026-02-07 16:48:55.702  1484-1700  JellyfinRepository      com.rpeters.jellyfin                 D    DirectPlayProfile[10]: container=flv, type=Video, videoCodec=h264,h265,vp9,av1,mpeg4,h263,vp8, audioCodec=flac,mp3,ac3,eac3,aac,opus,pcm,vorbis,alac
2026-02-07 16:48:55.702  1484-1700  JellyfinRepository      com.rpeters.jellyfin                 D    DirectPlayProfile[11]: container=asf, type=Video, videoCodec=h264,h265,vp9,av1,mpeg4,h263,vp8, audioCodec=flac,mp3,ac3,eac3,aac,opus,pcm,vorbis,alac
2026-02-07 16:48:55.702  1484-1700  JellyfinRepository      com.rpeters.jellyfin                 D    DirectPlayProfile[12]: container=wmv, type=Video, videoCodec=h264,h265,vp9,av1,mpeg4,h263,vp8, audioCodec=flac,mp3,ac3,eac3,aac,opus,pcm,vorbis,alac
2026-02-07 16:48:55.702  1484-1700  JellyfinRepository      com.rpeters.jellyfin                 D    DirectPlayProfile[13]: container=flac, type=Audio, videoCodec=, audioCodec=flac
2026-02-07 16:48:55.702  1484-1700  JellyfinRepository      com.rpeters.jellyfin                 D    DirectPlayProfile[14]: container=mp3, type=Audio, videoCodec=, audioCodec=mp3
2026-02-07 16:48:55.702  1484-1700  JellyfinRepository      com.rpeters.jellyfin                 D    DirectPlayProfile[15]: container=ogg, type=Audio, videoCodec=, audioCodec=vorbis,opus
2026-02-07 16:48:55.702  1484-1700  JellyfinRepository      com.rpeters.jellyfin                 D    DirectPlayProfile[16]: container=m4a, type=Audio, videoCodec=, audioCodec=aac
2026-02-07 16:48:55.702  1484-1700  JellyfinRepository      com.rpeters.jellyfin                 D    TranscodingProfile[0]: codec=h265,hevc, container=mp4, protocol=http, conditions=2
2026-02-07 16:48:55.702  1484-1700  JellyfinRepository      com.rpeters.jellyfin                 D      Condition: Width LessThanEqual 3840
2026-02-07 16:48:55.702  1484-1700  JellyfinRepository      com.rpeters.jellyfin                 D      Condition: Height LessThanEqual 2160
2026-02-07 16:48:55.702  1484-1700  JellyfinRepository      com.rpeters.jellyfin                 D    TranscodingProfile[1]: codec=h264, container=mp4, protocol=hls, conditions=2
2026-02-07 16:48:55.702  1484-1700  JellyfinRepository      com.rpeters.jellyfin                 D      Condition: Width LessThanEqual 3840
2026-02-07 16:48:55.702  1484-1700  JellyfinRepository      com.rpeters.jellyfin                 D      Condition: Height LessThanEqual 2160
2026-02-07 16:48:55.702  1484-1700  JellyfinRepository      com.rpeters.jellyfin                 D    TranscodingProfile[2]: codec=, container=mp3, protocol=http, conditions=0
2026-02-07 16:48:55.902  1484-1700  JellyfinRepository      com.rpeters.jellyfin                 D  Server response:
2026-02-07 16:48:55.903  1484-1700  JellyfinRepository      com.rpeters.jellyfin                 D    PlaySessionId: 042a10ad25b54eb29efc06c759302816
2026-02-07 16:48:55.903  1484-1700  JellyfinRepository      com.rpeters.jellyfin                 D    MediaSources: 1
2026-02-07 16:48:55.903  1484-1700  JellyfinRepository      com.rpeters.jellyfin                 D    MediaSource[0]:
2026-02-07 16:48:55.903  1484-1700  JellyfinRepository      com.rpeters.jellyfin                 D      Name: The Wrecking Crew (2026) WEBDL-1080p
2026-02-07 16:48:55.903  1484-1700  JellyfinRepository      com.rpeters.jellyfin                 D      Container: mkv
2026-02-07 16:48:55.903  1484-1700  JellyfinRepository      com.rpeters.jellyfin                 D      Size: 9267008333
2026-02-07 16:48:55.903  1484-1700  JellyfinRepository      com.rpeters.jellyfin                 D      IsRemote: false
2026-02-07 16:48:55.903  1484-1700  JellyfinRepository      com.rpeters.jellyfin                 D      Video Stream: h264, 1920x800, bitrate=9942587
2026-02-07 16:48:55.903  1484-1700  JellyfinRepository      com.rpeters.jellyfin                 D      SupportsDirectPlay: true
2026-02-07 16:48:55.903  1484-1700  JellyfinRepository      com.rpeters.jellyfin                 D      SupportsDirectStream: true
2026-02-07 16:48:55.903  1484-1700  JellyfinRepository      com.rpeters.jellyfin                 D      SupportsTranscoding: true
2026-02-07 16:48:55.903  1484-1700  JellyfinRepository      com.rpeters.jellyfin                 D  PlaybackInfo response: playSessionId=*** mediaSources=1
2026-02-07 16:48:55.903  1484-1700  JellyfinRepository      com.rpeters.jellyfin                 D  [VERBOSE] PlaybackInfo sources: id=c6fc48199c78f0638e73edd943991c11, directPlay=true, directStream=true, transcode=true, container=mkv, transcodingUrl=false
2026-02-07 16:48:55.904  1484-1700  EnhancedPlaybackManager com.rpeters.jellyfin                 D  Received 1 media sources from server:
2026-02-07 16:48:55.904  1484-1700  EnhancedPlaybackManager com.rpeters.jellyfin                 D    Source[0]: directPlay=true, directStream=true, transcode=true
2026-02-07 16:48:55.908  1484-1700  EnhancedPlaybackManager com.rpeters.jellyfin                 D   Device CAN direct play: container=mkv, video=h264, audio=eac3
2026-02-07 16:48:55.909  1484-1700  EnhancedPlaybackManager com.rpeters.jellyfin                 D   FORCING Direct Play - server supports it and device is capable
2026-02-07 16:48:55.909  1484-1700  EnhancedPlaybackManager com.rpeters.jellyfin                 D  [VERBOSE] Server-directed direct play: https://rpeters1428.huron.usbx.me/jellyfin/Videos/UUID-***/stream.mkv?static=true&mediaSourceId=c6fc48199c78f0638e73edd943991c11&PlaySessionId=***
2026-02-07 16:48:55.910  1484-1700  RepositoryUtils         com.rpeters.jellyfin                 D  [VERBOSE] validateServer: Server validation passed for user rpeters1428 on https://rpeters1428.huron.usbx.me/jellyfin
2026-02-07 16:48:55.918  1484-1484  DetailNavGraph          com.rpeters.jellyfin                 D  MovieDetail: enable_immersive_ui=true, immersive_movie_detail=true, using immersive: true
2026-02-07 16:48:55.952  1484-2033  NetworkStateInterceptor com.rpeters.jellyfin                 D  Request to rpeters1428.huron.usbx.me via WIFI
2026-02-07 16:48:55.953  1484-2033  OkHttp                  com.rpeters.jellyfin                 I  --> GET https://rpeters1428.huron.usbx.me/jellyfin/Items/c6fc4819-9c78-f063-8e73-edd943991c11/Images/Logo?tag=ad719e22cd9b5c3cc2f6043b9c0fc353
2026-02-07 16:48:55.953  1484-2033  OkHttp                  com.rpeters.jellyfin                 I  Connection: keep-alive
2026-02-07 16:48:55.953  1484-2033  OkHttp                  com.rpeters.jellyfin                 I  Accept-Encoding: gzip, deflate
2026-02-07 16:48:55.953  1484-2033  OkHttp                  com.rpeters.jellyfin                 I  User-Agent: JellyfinAndroid/1.0.0
2026-02-07 16:48:55.953  1484-2033  OkHttp                  com.rpeters.jellyfin                 I  X-Emby-Authorization: MediaBrowser Client="Jellyfin Android", Device="Samsung SM-S938U1", DeviceId="9f50be16948c2bec", Version="14.07", Token="bc86a4ad1d974a3d8f18d14cf1c90139"
2026-02-07 16:48:55.953  1484-2033  OkHttp                  com.rpeters.jellyfin                 I  Authorization: MediaBrowser Token="bc86a4ad1d974a3d8f18d14cf1c90139"
2026-02-07 16:48:55.953  1484-2033  OkHttp                  com.rpeters.jellyfin                 I  X-Emby-Token: bc86a4ad1d974a3d8f18d14cf1c90139
2026-02-07 16:48:55.953  1484-2033  OkHttp                  com.rpeters.jellyfin                 I  --> END GET
2026-02-07 16:48:55.955  1484-1484  RealImageLoader         com.rpeters.jellyfin                 I   Successful (MEMORY_CACHE) - https://rpeters1428.huron.usbx.me/jellyfin/Items/c6fc4819-9c78-f063-8e73-edd943991c11/Images/Backdrop?tag=0a4e5f52cc933c660e839ff6212a8d1a&maxHeight=400&maxWidth=800
2026-02-07 16:48:55.999  1484-1484  peters.jellyfin         com.rpeters.jellyfin                 W  Method void com.google.android.gms.common.api.GoogleApiClient.dumpAll(java.lang.String, java.io.FileDescriptor, java.io.PrintWriter, java.lang.String[]) failed lock verification and will run slower.
2026-02-07 16:48:55.999  1484-1484  peters.jellyfin         com.rpeters.jellyfin                 W  Method void com.google.android.gms.common.api.internal.GoogleApiManager.reportSignOut() failed lock verification and will run slower.
2026-02-07 16:48:55.999  1484-1484  peters.jellyfin         com.rpeters.jellyfin                 W  Method void com.google.android.gms.common.api.internal.GoogleApiManager.zae(com.google.android.gms.common.api.internal.zaab) failed lock verification and will run slower.
2026-02-07 16:48:55.999  1484-1484  peters.jellyfin         com.rpeters.jellyfin                 W  Method void com.google.android.gms.common.api.internal.GoogleApiManager.zaf(com.google.android.gms.common.api.internal.zaab) failed lock verification and will run slower.
2026-02-07 16:48:55.999  1484-1484  peters.jellyfin         com.rpeters.jellyfin                 W  Method void com.google.android.gms.common.internal.GmsClientSupervisor.setDefaultBindExecutor(java.util.concurrent.Executor) failed lock verification and will run slower.
2026-02-07 16:48:55.999  1484-1484  peters.jellyfin         com.rpeters.jellyfin                 W  Method void com.google.android.gms.common.internal.GmsClientSupervisor.setUseHandlerThreadForCallbacks() failed lock verification and will run slower.
2026-02-07 16:48:56.000  1484-1484  peters.jellyfin         com.rpeters.jellyfin                 W  Method void com.google.android.gms.common.GoogleApiAvailability.setDefaultNotificationChannelId(android.content.Context, java.lang.String) failed lock verification and will run slower.
2026-02-07 16:48:56.000  1484-1484  peters.jellyfin         com.rpeters.jellyfin                 W  Method int com.google.android.gms.common.internal.zao.zaa(android.content.Context, com.google.android.gms.common.api.Api$Client) failed lock verification and will run slower.
2026-02-07 16:48:56.000  1484-1484  peters.jellyfin         com.rpeters.jellyfin                 W  Method void com.google.android.gms.common.internal.zao.zac() failed lock verification and will run slower.
2026-02-07 16:48:56.001  1484-1484  peters.jellyfin         com.rpeters.jellyfin                 W  Method void com.google.android.gms.internal.cast.zzbx.zzw(androidx.mediarouter.media.MediaRouteSelector, int) failed lock verification and will run slower.
2026-02-07 16:48:56.004  1484-1484  MediaRouter             com.rpeters.jellyfin                 V  Selecting route: RouteInfo{ name=Phone, description=null, status=null, category=RouteCategory{ name=System types=ROUTE_TYPE_LIVE_AUDIO ROUTE_TYPE_LIVE_VIDEO  groupable=false }, supportedTypes=ROUTE_TYPE_LIVE_AUDIO ROUTE_TYPE_LIVE_VIDEO , presentationDisplay=null }
2026-02-07 16:48:56.004  1484-1484  MediaRouter             com.rpeters.jellyfin                 I  Skip setBluetoothA2dpOn(): types=8388615, isPlaybackActive()=false, BT route=null
2026-02-07 16:48:56.004  1484-2089  peters.jellyfin         com.rpeters.jellyfin                 W  Method void com.google.android.gms.common.internal.BaseGmsClient.zzp(int, android.os.IInterface) failed lock verification and will run slower.
2026-02-07 16:48:56.004  1484-1484  AxMediaRouter           com.rpeters.jellyfin                 I  Found default route: MediaRouter.RouteInfo{ uniqueId=DEFAULT_ROUTE, name=Phone, description=null, iconUri=null, enabled=true, isSystemRoute=true, connectionState=0, canDisconnect=false, playbackType=0, playbackStream=3, deviceType=0, volumeHandling=1, volume=0, volumeMax=15, presentationDisplayId=-1, extras=null, settingsIntent=null, providerPackageName=android }
2026-02-07 16:48:56.004  1484-1484  AxMediaRouter           com.rpeters.jellyfin                 I  Unselecting the current route because it is no longer selectable: null
2026-02-07 16:48:56.006  1484-2089  peters.jellyfin         com.rpeters.jellyfin                 W  Method void com.google.android.gms.common.internal.zzq.zzc(com.google.android.gms.common.internal.zzn, android.content.ServiceConnection, java.lang.String) failed lock verification and will run slower.
2026-02-07 16:48:56.006  1484-2089  peters.jellyfin         com.rpeters.jellyfin                 W  Method void com.google.android.gms.common.internal.zzq.zzd(android.os.Looper) failed lock verification and will run slower.
2026-02-07 16:48:56.006  1484-2089  peters.jellyfin         com.rpeters.jellyfin                 W  Method void com.google.android.gms.common.internal.zzq.zze(java.util.concurrent.Executor) failed lock verification and will run slower.
2026-02-07 16:48:56.007  1484-1484  AxMediaRouter           com.rpeters.jellyfin                 W  Ignoring attempt to select selected route: MediaRouter.RouteInfo{ uniqueId=DEFAULT_ROUTE, name=Phone, description=null, iconUri=null, enabled=true, isSystemRoute=true, connectionState=0, canDisconnect=false, playbackType=0, playbackStream=3, deviceType=0, volumeHandling=1, volume=0, volumeMax=15, presentationDisplayId=-1, extras=null, settingsIntent=null, providerPackageName=android }
2026-02-07 16:48:56.007  1484-2090  peters.jellyfin         com.rpeters.jellyfin                 W  Method void com.google.android.gms.internal.cast.zzbq.zza(androidx.mediarouter.media.MediaRouter$RouteInfo, boolean) failed lock verification and will run slower.
2026-02-07 16:48:56.008  1484-1484  MediaRouter             com.rpeters.jellyfin                 V  Selecting route: RouteInfo{ name=Phone, description=null, status=null, category=RouteCategory{ name=System types=ROUTE_TYPE_LIVE_AUDIO ROUTE_TYPE_LIVE_VIDEO  groupable=false }, supportedTypes=ROUTE_TYPE_LIVE_AUDIO ROUTE_TYPE_LIVE_VIDEO , presentationDisplay=null }
2026-02-07 16:48:56.011  1484-2089  peters.jellyfin         com.rpeters.jellyfin                 W  Method void com.google.android.gms.common.internal.zzo.onServiceConnected(android.content.ComponentName, android.os.IBinder) failed lock verification and will run slower.
2026-02-07 16:48:56.011  1484-2089  peters.jellyfin         com.rpeters.jellyfin                 W  Method void com.google.android.gms.common.internal.zzo.onServiceDisconnected(android.content.ComponentName) failed lock verification and will run slower.
2026-02-07 16:48:56.014  1484-1484  peters.jellyfin         com.rpeters.jellyfin                 W  Method void com.google.android.gms.common.internal.zzc.zze() failed lock verification and will run slower.
2026-02-07 16:48:56.014  1484-1484  peters.jellyfin         com.rpeters.jellyfin                 W  Method void com.google.android.gms.common.internal.zzc.zzf() failed lock verification and will run slower.
2026-02-07 16:48:56.014  1484-2090  DynamiteModule          com.rpeters.jellyfin                 I  Considering local module com.google.android.gms.cast.framework.dynamite:0 and remote module com.google.android.gms.cast.framework.dynamite:260533000
2026-02-07 16:48:56.015  1484-2090  DynamiteModule          com.rpeters.jellyfin                 I  Selected remote version of com.google.android.gms.cast.framework.dynamite, version >= 260533000
2026-02-07 16:48:56.015  1484-2090  DynamiteModule          com.rpeters.jellyfin                 V  Dynamite loader version >= 2, using loadModule2NoCrashUtils
2026-02-07 16:48:56.023  1484-2090  peters.jellyfin         com.rpeters.jellyfin                 W  ClassLoaderContext classpath size mismatch. expected=1, found=2 (DLC[];PCL[base.apk*1242147503]{PCL[/system/framework/org.apache.http.legacy.jar*3558608148]#PCL[/system/system_ext/framework/org.carconnectivity.android.digitalkey.rangingintent.jar*560278203]#PCL[/system/system_ext/framework/org.carconnectivity.android.digitalkey.secureelement.jar*3277496667]#PCL[/system_ext/framework/org.carconnectivity.android.digitalkey.timesync.jar*1887653037]#PCL[/system/framework/com.android.location.provider.jar*1880069816]#PCL[/system/framework/com.android.media.remotedisplay.jar*1838754544]#PCL[/system_ext/framework/androidx.window.extensions.jar*708456526]#PCL[/system_ext/framework/androidx.window.sidecar.jar*3846558453]} | DLC[];PCL[/data/data/com.rpeters.jellyfin/code_cache/.overlay/base.apk/classes16.dex*1198242925:/data/app/~~ZTH1JUFeujuI-ba-YAwzYg==/com.rpeters.jellyfin-c9QVd6Vc3o36DFnfLsYHgA==/base.apk*4193427537]{PCL[/system_ext/framework/androidx.window.extensions.jar*708456526]#PCL[/system_ext/framework/androidx.window.sidecar.jar*3846558453]})
2026-02-07 16:48:56.024  1484-1484  MediaRouterProxy        com.rpeters.jellyfin                 I  media transfer = false, session transfer = true, transfer to local = false, in-app output switcher = false
2026-02-07 16:48:56.032  1484-2090  CastDynamiteModuleImpl  com.rpeters.jellyfin                 I  sj created by ClassLoader dalvik.system.DelegateLastClassLoader[DexPathList[[zip file "/data/app/~~CSvQHerMSK8FMulL1sgMvw==/com.google.android.gms-e_gErB0c75dODsK5f7EMhA==/split_DynamiteModulesC_installtime.apk"],nativeLibraryDirectories=[/data/app/~~CSvQHerMSK8FMulL1sgMvw==/com.google.android.gms-e_gErB0c75dODsK5f7EMhA==/split_DynamiteModulesC_installtime.apk!/lib/arm64-v8a, /system/lib64, /system_ext/lib64]]].
2026-02-07 16:48:56.039  1484-2090  ConnectivityManager     com.rpeters.jellyfin                 D  StackLog: [android.net.ConnectivityManager.sendRequestForNetwork(ConnectivityManager.java:4738)] [android.net.ConnectivityManager.sendRequestForNetwork(ConnectivityManager.java:4906)] [android.net.ConnectivityManager.registerNetworkCallback(ConnectivityManager.java:5323)] [android.net.ConnectivityManager.registerNetworkCallback(ConnectivityManager.java:5293)] [com.google.android.gms.internal.cast.zzek.zza(com.google.android.gms:play-services-cast@@22.2.0:10)] [com.google.android.gms.cast.framework.CastContext.<init>(com.google.android.gms:play-services-cast-framework@@22.2.0:19)] [com.google.android.gms.cast.framework.CastContext.zzd(com.google.android.gms:play-services-cast-framework@@22.2.0:2)] [com.google.android.gms.cast.framework.zzi.call(Unknown Source:14)] [com.google.android.gms.tasks.zzx.run(com.google.android.gms:play-services-tasks@@18.4.0:1)] [java.util.concurrent.ThreadPoolExecutor.runWorker(ThreadPoolExecutor.java:1154)] [java.util.concurrent.ThreadPoolExecutor$Worker.run(ThreadPoolExecutor.java:652)] [java.lang.Thread.run(Thread.java:1563)]
2026-02-07 16:48:56.040  1484-1484  CastManager             com.rpeters.jellyfin                 D  Cast manager initialized successfully (existing session: false)
2026-02-07 16:48:56.044  1484-1484  StrictMode              com.rpeters.jellyfin                 D  StrictMode policy violation; ~duration=1 ms: android.os.strictmode.DiskReadViolation (Fix with AI)
                                                                                                    	at android.os.StrictMode$AndroidBlockGuardPolicy.onReadFromDisk(StrictMode.java:1760)
                                                                                                    	at libcore.io.BlockGuardOs.access(BlockGuardOs.java:74)
                                                                                                    	at libcore.io.ForwardingOs.access(ForwardingOs.java:129)
                                                                                                    	at android.app.AndroidForwardingOs.access(AndroidForwardingOs.java:111)
                                                                                                    	at java.io.UnixFileSystem.checkAccess(UnixFileSystem.java:337)
                                                                                                    	at java.io.File.exists(File.java:829)
                                                                                                    	at android.app.ContextImpl.ensurePrivateDirExists(ContextImpl.java:885)
                                                                                                    	at android.app.ContextImpl.ensurePrivateDirExists(ContextImpl.java:874)
                                                                                                    	at android.app.ContextImpl.getPreferencesDir(ContextImpl.java:826)
                                                                                                    	at android.app.ContextImpl.getSharedPreferencesPath(ContextImpl.java:1076)
                                                                                                    	at android.app.ContextImpl.getSharedPreferences(ContextImpl.java:655)
                                                                                                    	at android.content.ContextWrapper.getSharedPreferences(ContextWrapper.java:243)
                                                                                                    	at com.google.android.gms.internal.cast.zzj.zzb(com.google.android.gms:play-services-cast-framework@@22.2.0:20)
                                                                                                    	at com.google.android.gms.cast.framework.CastContext.zze(com.google.android.gms:play-services-cast-framework@@22.2.0:3)
                                                                                                    	at com.google.android.gms.cast.framework.zzg.onSuccess(Unknown Source:8)
                                                                                                    	at com.google.android.gms.tasks.zzm.run(com.google.android.gms:play-services-tasks@@18.4.0:1)
                                                                                                    	at android.os.Handler.handleCallback(Handler.java:1070)
                                                                                                    	at android.os.Handler.dispatchMessage(Handler.java:125)
                                                                                                    	at android.os.Looper.dispatchMessage(Looper.java:358)
                                                                                                    	at android.os.Looper.loopOnce(Looper.java:288)
                                                                                                    	at android.os.Looper.loop(Looper.java:392)
                                                                                                    	at android.app.ActivityThread.main(ActivityThread.java:10343)
                                                                                                    	at java.lang.reflect.Method.invoke(Native Method)
                                                                                                    	at com.android.internal.os.RuntimeInit$MethodAndArgsCaller.run(RuntimeInit.java:605)
                                                                                                    	at com.android.internal.os.ZygoteInit.main(ZygoteInit.java:972)
2026-02-07 16:48:56.044  1484-1484  StrictMode              com.rpeters.jellyfin                 D  StrictMode policy violation; ~duration=1 ms: android.os.strictmode.DiskReadViolation (Fix with AI)
                                                                                                    	at android.os.StrictMode$AndroidBlockGuardPolicy.onReadFromDisk(StrictMode.java:1760)
                                                                                                    	at android.app.SharedPreferencesImpl.awaitLoadedLocked(SharedPreferencesImpl.java:283)
                                                                                                    	at android.app.SharedPreferencesImpl.getString(SharedPreferencesImpl.java:309)
                                                                                                    	at com.google.android.gms.internal.cast.zzr.zzc(com.google.android.gms:play-services-cast-framework@@22.2.0:1)
                                                                                                    	at com.google.android.gms.internal.cast.zzj.zzb(com.google.android.gms:play-services-cast-framework@@22.2.0:25)
                                                                                                    	at com.google.android.gms.cast.framework.CastContext.zze(com.google.android.gms:play-services-cast-framework@@22.2.0:3)
                                                                                                    	at com.google.android.gms.cast.framework.zzg.onSuccess(Unknown Source:8)
                                                                                                    	at com.google.android.gms.tasks.zzm.run(com.google.android.gms:play-services-tasks@@18.4.0:1)
                                                                                                    	at android.os.Handler.handleCallback(Handler.java:1070)
                                                                                                    	at android.os.Handler.dispatchMessage(Handler.java:125)
                                                                                                    	at android.os.Looper.dispatchMessage(Looper.java:358)
                                                                                                    	at android.os.Looper.loopOnce(Looper.java:288)
                                                                                                    	at android.os.Looper.loop(Looper.java:392)
                                                                                                    	at android.app.ActivityThread.main(ActivityThread.java:10343)
                                                                                                    	at java.lang.reflect.Method.invoke(Native Method)
                                                                                                    	at com.android.internal.os.RuntimeInit$MethodAndArgsCaller.run(RuntimeInit.java:605)
                                                                                                    	at com.android.internal.os.ZygoteInit.main(ZygoteInit.java:972)
2026-02-07 16:48:56.094  1484-2033  OkHttp                  com.rpeters.jellyfin                 I  <-- 200 OK https://rpeters1428.huron.usbx.me/jellyfin/Items/c6fc4819-9c78-f063-8e73-edd943991c11/Images/Logo?tag=ad719e22cd9b5c3cc2f6043b9c0fc353 (140ms)
2026-02-07 16:48:56.095  1484-2033  OkHttp                  com.rpeters.jellyfin                 I  Server: nginx
2026-02-07 16:48:56.095  1484-2033  OkHttp                  com.rpeters.jellyfin                 I  Date: Sun, 08 Feb 2026 00:48:56 GMT
2026-02-07 16:48:56.095  1484-2033  OkHttp                  com.rpeters.jellyfin                 I  Content-Type: image/png
2026-02-07 16:48:56.095  1484-2033  OkHttp                  com.rpeters.jellyfin                 I  Content-Length: 218987
2026-02-07 16:48:56.095  1484-2033  OkHttp                  com.rpeters.jellyfin                 I  Connection: keep-alive
2026-02-07 16:48:56.095  1484-2033  OkHttp                  com.rpeters.jellyfin                 I  Keep-Alive: timeout=60
2026-02-07 16:48:56.095  1484-2033  OkHttp                  com.rpeters.jellyfin                 I  Age: 921053
2026-02-07 16:48:56.095  1484-2033  OkHttp                  com.rpeters.jellyfin                 I  Cache-Control: public, max-age=31536000
2026-02-07 16:48:56.095  1484-2033  OkHttp                  com.rpeters.jellyfin                 I  Last-Modified: Wed, 28 Jan 2026 08:58:02 GMT
2026-02-07 16:48:56.096  1484-2033  OkHttp                  com.rpeters.jellyfin                 I  Vary: Accept
2026-02-07 16:48:56.096  1484-2033  OkHttp                  com.rpeters.jellyfin                 I  transferMode.dlna.org: Interactive
2026-02-07 16:48:56.096  1484-2033  OkHttp                  com.rpeters.jellyfin                 I  realTimeInfo.dlna.org: DLNA.ORG_TLAG=*
2026-02-07 16:48:56.096  1484-2033  OkHttp                  com.rpeters.jellyfin                 I  Content-Disposition: attachment
2026-02-07 16:48:56.096  1484-2033  OkHttp                  com.rpeters.jellyfin                 I  X-Response-Time-ms: 20.6446
2026-02-07 16:48:56.096  1484-2033  OkHttp                  com.rpeters.jellyfin                 I  X-Frame-Options: SAMEORIGIN
2026-02-07 16:48:56.096  1484-2033  OkHttp                  com.rpeters.jellyfin                 I  <-- END HTTP
2026-02-07 16:48:56.132  1484-1484  RealImageLoader         com.rpeters.jellyfin                 I   Successful (NETWORK) - https://rpeters1428.huron.usbx.me/jellyfin/Items/c6fc4819-9c78-f063-8e73-edd943991c11/Images/Logo?tag=ad719e22cd9b5c3cc2f6043b9c0fc353
2026-02-07 16:48:56.143  1484-1484  DetailNavGraph          com.rpeters.jellyfin                 D  MovieDetail: enable_immersive_ui=true, immersive_movie_detail=true, using immersive: true
2026-02-07 16:48:58.053  1484-1484  VRI[MainAc...y]@ea1b2c8 com.rpeters.jellyfin                 I  call setFrameRateCategory for touch hint category=no preference, reason=boost timeout, vri=VRI[MainActivity]@ea1b2c8
2026-02-07 16:48:58.530  1484-1484  VRI[MainAc...y]@ea1b2c8 com.rpeters.jellyfin                 I  ViewPostIme pointer 0
2026-02-07 16:48:58.536  1484-1484  VRI[MainAc...y]@ea1b2c8 com.rpeters.jellyfin                 I  call setFrameRateCategory for touch hint category=high hint, reason=touch, vri=VRI[MainActivity]@ea1b2c8
2026-02-07 16:48:58.728  1484-2033  NetworkStateInterceptor com.rpeters.jellyfin                 D  Request to rpeters1428.huron.usbx.me via WIFI
2026-02-07 16:48:58.728  1484-2036  NetworkStateInterceptor com.rpeters.jellyfin                 D  Request to rpeters1428.huron.usbx.me via WIFI
2026-02-07 16:48:58.736  1484-2031  NetworkStateInterceptor com.rpeters.jellyfin                 D  Request to rpeters1428.huron.usbx.me via WIFI
2026-02-07 16:48:58.736  1484-2036  OkHttp                  com.rpeters.jellyfin                 I  --> GET https://rpeters1428.huron.usbx.me/jellyfin/Items/458a6e0c-0c62-1d3f-663b-ec58cea190ad/Images/Primary?maxHeight=400&maxWidth=400&tag=ac72d369716ca64aab538df643eb4522
2026-02-07 16:48:58.736  1484-2036  OkHttp                  com.rpeters.jellyfin                 I  Connection: keep-alive
2026-02-07 16:48:58.736  1484-2033  OkHttp                  com.rpeters.jellyfin                 I  --> GET https://rpeters1428.huron.usbx.me/jellyfin/Items/180aa308-f717-7e57-a6c7-e30d246d5d8b/Images/Primary?maxHeight=400&maxWidth=400&tag=b72ce134d17cf07e5eb009bfdf99ab39
2026-02-07 16:48:58.736  1484-2036  OkHttp                  com.rpeters.jellyfin                 I  Accept-Encoding: gzip, deflate
2026-02-07 16:48:58.736  1484-2033  OkHttp                  com.rpeters.jellyfin                 I  Connection: keep-alive
2026-02-07 16:48:58.736  1484-2036  OkHttp                  com.rpeters.jellyfin                 I  User-Agent: JellyfinAndroid/1.0.0
2026-02-07 16:48:58.736  1484-2033  OkHttp                  com.rpeters.jellyfin                 I  Accept-Encoding: gzip, deflate
2026-02-07 16:48:58.736  1484-2036  OkHttp                  com.rpeters.jellyfin                 I  X-Emby-Authorization: MediaBrowser Client="Jellyfin Android", Device="Samsung SM-S938U1", DeviceId="9f50be16948c2bec", Version="14.07", Token="bc86a4ad1d974a3d8f18d14cf1c90139"
2026-02-07 16:48:58.736  1484-2033  OkHttp                  com.rpeters.jellyfin                 I  User-Agent: JellyfinAndroid/1.0.0
2026-02-07 16:48:58.736  1484-2036  OkHttp                  com.rpeters.jellyfin                 I  Authorization: MediaBrowser Token="bc86a4ad1d974a3d8f18d14cf1c90139"
2026-02-07 16:48:58.736  1484-2033  OkHttp                  com.rpeters.jellyfin                 I  X-Emby-Authorization: MediaBrowser Client="Jellyfin Android", Device="Samsung SM-S938U1", DeviceId="9f50be16948c2bec", Version="14.07", Token="bc86a4ad1d974a3d8f18d14cf1c90139"
2026-02-07 16:48:58.736  1484-2036  OkHttp                  com.rpeters.jellyfin                 I  X-Emby-Token: bc86a4ad1d974a3d8f18d14cf1c90139
2026-02-07 16:48:58.736  1484-2033  OkHttp                  com.rpeters.jellyfin                 I  Authorization: MediaBrowser Token="bc86a4ad1d974a3d8f18d14cf1c90139"
2026-02-07 16:48:58.736  1484-2036  OkHttp                  com.rpeters.jellyfin                 I  --> END GET
2026-02-07 16:48:58.736  1484-2033  OkHttp                  com.rpeters.jellyfin                 I  X-Emby-Token: bc86a4ad1d974a3d8f18d14cf1c90139
2026-02-07 16:48:58.736  1484-2033  OkHttp                  com.rpeters.jellyfin                 I  --> END GET
2026-02-07 16:48:58.739  1484-2031  OkHttp                  com.rpeters.jellyfin                 I  --> GET https://rpeters1428.huron.usbx.me/jellyfin/Items/52299aec-e0df-92ee-1af6-e28d7810886d/Images/Primary?maxHeight=400&maxWidth=400&tag=bcfaa248f77d35d2f0d26bb608554185
2026-02-07 16:48:58.739  1484-2031  OkHttp                  com.rpeters.jellyfin                 I  Connection: keep-alive
2026-02-07 16:48:58.739  1484-2031  OkHttp                  com.rpeters.jellyfin                 I  Accept-Encoding: gzip, deflate
2026-02-07 16:48:58.739  1484-2031  OkHttp                  com.rpeters.jellyfin                 I  User-Agent: JellyfinAndroid/1.0.0
2026-02-07 16:48:58.739  1484-2031  OkHttp                  com.rpeters.jellyfin                 I  X-Emby-Authorization: MediaBrowser Client="Jellyfin Android", Device="Samsung SM-S938U1", DeviceId="9f50be16948c2bec", Version="14.07", Token="bc86a4ad1d974a3d8f18d14cf1c90139"
2026-02-07 16:48:58.739  1484-2031  OkHttp                  com.rpeters.jellyfin                 I  Authorization: MediaBrowser Token="bc86a4ad1d974a3d8f18d14cf1c90139"
2026-02-07 16:48:58.739  1484-2031  OkHttp                  com.rpeters.jellyfin                 I  X-Emby-Token: bc86a4ad1d974a3d8f18d14cf1c90139
2026-02-07 16:48:58.739  1484-2031  OkHttp                  com.rpeters.jellyfin                 I  --> END GET
2026-02-07 16:48:58.768  1484-1484  VRI[MainAc...y]@ea1b2c8 com.rpeters.jellyfin                 I  ViewPostIme pointer 1
2026-02-07 16:48:58.883  1484-2036  OkHttp                  com.rpeters.jellyfin                 I  <-- 200 OK https://rpeters1428.huron.usbx.me/jellyfin/Items/458a6e0c-0c62-1d3f-663b-ec58cea190ad/Images/Primary?maxHeight=400&maxWidth=400&tag=ac72d369716ca64aab538df643eb4522 (146ms)
2026-02-07 16:48:58.883  1484-2036  OkHttp                  com.rpeters.jellyfin                 I  Server: nginx
2026-02-07 16:48:58.883  1484-2036  OkHttp                  com.rpeters.jellyfin                 I  Date: Sun, 08 Feb 2026 00:48:58 GMT
2026-02-07 16:48:58.883  1484-2036  OkHttp                  com.rpeters.jellyfin                 I  Content-Type: image/webp
2026-02-07 16:48:58.883  1484-2036  OkHttp                  com.rpeters.jellyfin                 I  Content-Length: 138348
2026-02-07 16:48:58.883  1484-2036  OkHttp                  com.rpeters.jellyfin                 I  Connection: keep-alive
2026-02-07 16:48:58.883  1484-2036  OkHttp                  com.rpeters.jellyfin                 I  Keep-Alive: timeout=60
2026-02-07 16:48:58.883  1484-2036  OkHttp                  com.rpeters.jellyfin                 I  Age: 878325
2026-02-07 16:48:58.883  1484-2036  OkHttp                  com.rpeters.jellyfin                 I  Cache-Control: public, max-age=31536000
2026-02-07 16:48:58.883  1484-2036  OkHttp                  com.rpeters.jellyfin                 I  Last-Modified: Wed, 28 Jan 2026 20:50:13 GMT
2026-02-07 16:48:58.883  1484-2036  OkHttp                  com.rpeters.jellyfin                 I  Vary: Accept
2026-02-07 16:48:58.883  1484-2036  OkHttp                  com.rpeters.jellyfin                 I  transferMode.dlna.org: Interactive
2026-02-07 16:48:58.883  1484-2036  OkHttp                  com.rpeters.jellyfin                 I  realTimeInfo.dlna.org: DLNA.ORG_TLAG=*
2026-02-07 16:48:58.883  1484-2036  OkHttp                  com.rpeters.jellyfin                 I  Content-Disposition: attachment
2026-02-07 16:48:58.883  1484-2036  OkHttp                  com.rpeters.jellyfin                 I  X-Response-Time-ms: 12.3013
2026-02-07 16:48:58.883  1484-2036  OkHttp                  com.rpeters.jellyfin                 I  X-Frame-Options: SAMEORIGIN
2026-02-07 16:48:58.883  1484-2036  OkHttp                  com.rpeters.jellyfin                 I  <-- END HTTP
2026-02-07 16:48:58.884  1484-2033  OkHttp                  com.rpeters.jellyfin                 I  <-- 200 OK https://rpeters1428.huron.usbx.me/jellyfin/Items/180aa308-f717-7e57-a6c7-e30d246d5d8b/Images/Primary?maxHeight=400&maxWidth=400&tag=b72ce134d17cf07e5eb009bfdf99ab39 (147ms)
