2026-02-07 16:49:07.824  1484-1529  ConnectivityManager     com.rpeters.jellyfin                 D  StackLog: [android.net.ConnectivityManager.unregisterNetworkCallback(ConnectivityManager.java:5573)] [androidx.work.impl.constraints.trackers.NetworkStateTracker24.stopTracking(NetworkStateTracker.kt:230)] [androidx.work.impl.constraints.trackers.ConstraintTracker.removeListener(ConstraintTracker.kt:66)] [androidx.work.impl.constraints.controllers.BaseConstraintController$track$1.invokeSuspend$lambda$0(ContraintControllers.kt:63)] [androidx.work.impl.constraints.controllers.BaseConstraintController$track$1$$ExternalSyntheticLambda0.invoke(D8$$SyntheticClass:0)] [kotlinx.coroutines.channels.ProduceKt.awaitClose(Produce.kt:69)] [kotlinx.coroutines.channels.ProduceKt$awaitClose$1.invokeSuspend(Unknown Source:17)] [kotlin.coroutines.jvm.internal.BaseContinuationImpl.resumeWith(ContinuationImpl.kt:34)] [kotlinx.coroutines.DispatchedTask.run(DispatchedTask.kt:98)] [androidx.work.impl.utils.SerialExecutorImpl$Task.run(SerialExecutorImpl.java:96)] [java.util.concurrent.ThreadPoolExecutor.runWorker(ThreadPoolExecutor.java:1154)] [java.util.concurrent.ThreadPoolExecutor$Worker.run(ThreadPoolExecutor.java:652)] [java.lang.Thread.run(Thread.java:1563)]
2026-02-07 16:49:07.826  1484-1529  WM-Processor            com.rpeters.jellyfin                 D  Processor: processing WorkGenerationalId(workSpecId=df9c86a8-9cfa-44b0-8cf3-1b72bffb2f97, generation=0)
2026-02-07 16:49:07.827  1484-1529  WM-Processor            com.rpeters.jellyfin                 D  WorkerWrapper interrupted for df9c86a8-9cfa-44b0-8cf3-1b72bffb2f97
2026-02-07 16:49:07.827  1484-1529  WM-StopWorkRunnable     com.rpeters.jellyfin                 D  StopWorkRunnable for df9c86a8-9cfa-44b0-8cf3-1b72bffb2f97; Processor.stopWork = true
2026-02-07 16:49:07.827  1484-1529  WM-WorkerWrapper        com.rpeters.jellyfin                 D  Status for df9c86a8-9cfa-44b0-8cf3-1b72bffb2f97 is FAILED ; not doing any work
2026-02-07 16:49:07.828  1484-1484  WM-Processor            com.rpeters.jellyfin                 D  Processor df9c86a8-9cfa-44b0-8cf3-1b72bffb2f97 executed; reschedule = false
2026-02-07 16:49:07.828  1484-1529  WM-GreedyScheduler      com.rpeters.jellyfin                 D  Cancelling work ID df9c86a8-9cfa-44b0-8cf3-1b72bffb2f97
2026-02-07 16:49:08.270  1484-1700  EnhancedPlaybackManager com.rpeters.jellyfin                 D  [VERBOSE] Getting optimal playback URL for: The Housemaid (Movie) [Audio: null, Sub: null]
2026-02-07 16:49:08.271  1484-1700  DeviceCapabilities      com.rpeters.jellyfin                 D  Detected total RAM: 11653MB
2026-02-07 16:49:08.273  1484-1700  DeviceCapabilities      com.rpeters.jellyfin                 D  Hardware codecs: [flac, mp3, ac3, eac3, h264, h265, vp9, av1, mpeg4]
2026-02-07 16:49:08.273  1484-1700  DeviceCapabilities      com.rpeters.jellyfin                 D  Software codecs: [aac, flac, mp3, opus, pcm, vorbis, av1, h264, h263, h265, mpeg4, vp8, vp9]
2026-02-07 16:49:08.273  1484-1700  JellyfinRepository      com.rpeters.jellyfin                 D  Device capabilities: maxResolution=(3840, 2160), supports4K=true
2026-02-07 16:49:08.273  1484-1700  JellyfinDeviceProfile   com.rpeters.jellyfin                 D  Creating dynamic device profile for 7 video and 8 audio codecs
2026-02-07 16:49:08.273  1484-1700  JellyfinRepository      com.rpeters.jellyfin                 D  DeviceProfile created with codecProfiles: 7
2026-02-07 16:49:08.273  1484-1700  JellyfinRepository      com.rpeters.jellyfin                 D    CodecProfile[0]: type=Video, codec=h264, conditions=2
2026-02-07 16:49:08.273  1484-1700  JellyfinRepository      com.rpeters.jellyfin                 D      Condition: Width LessThanEqual 3840
2026-02-07 16:49:08.274  1484-1700  JellyfinRepository      com.rpeters.jellyfin                 D      Condition: Height LessThanEqual 2160
2026-02-07 16:49:08.274  1484-1700  JellyfinRepository      com.rpeters.jellyfin                 D    CodecProfile[1]: type=Video, codec=h265, conditions=3
2026-02-07 16:49:08.274  1484-1700  JellyfinRepository      com.rpeters.jellyfin                 D      Condition: Width LessThanEqual 3840
2026-02-07 16:49:08.274  1484-1700  JellyfinRepository      com.rpeters.jellyfin                 D      Condition: Height LessThanEqual 2160
2026-02-07 16:49:08.274  1484-1700  JellyfinRepository      com.rpeters.jellyfin                 D      Condition: VideoBitDepth LessThanEqual 10
2026-02-07 16:49:08.274  1484-1700  JellyfinRepository      com.rpeters.jellyfin                 D    CodecProfile[2]: type=Video, codec=vp9, conditions=2
2026-02-07 16:49:08.274  1484-1700  JellyfinRepository      com.rpeters.jellyfin                 D      Condition: Width LessThanEqual 3840
2026-02-07 16:49:08.274  1484-1700  JellyfinRepository      com.rpeters.jellyfin                 D      Condition: Height LessThanEqual 2160
2026-02-07 16:49:08.274  1484-1700  JellyfinRepository      com.rpeters.jellyfin                 D    CodecProfile[3]: type=Video, codec=av1, conditions=2
2026-02-07 16:49:08.274  1484-1700  JellyfinRepository      com.rpeters.jellyfin                 D      Condition: Width LessThanEqual 3840
2026-02-07 16:49:08.274  1484-1700  JellyfinRepository      com.rpeters.jellyfin                 D      Condition: Height LessThanEqual 2160
2026-02-07 16:49:08.274  1484-1700  JellyfinRepository      com.rpeters.jellyfin                 D    CodecProfile[4]: type=Video, codec=mpeg4, conditions=2
2026-02-07 16:49:08.274  1484-1700  JellyfinRepository      com.rpeters.jellyfin                 D      Condition: Width LessThanEqual 3840
2026-02-07 16:49:08.274  1484-1700  JellyfinRepository      com.rpeters.jellyfin                 D      Condition: Height LessThanEqual 2160
2026-02-07 16:49:08.274  1484-1700  JellyfinRepository      com.rpeters.jellyfin                 D    CodecProfile[5]: type=Video, codec=h263, conditions=2
2026-02-07 16:49:08.274  1484-1700  JellyfinRepository      com.rpeters.jellyfin                 D      Condition: Width LessThanEqual 3840
2026-02-07 16:49:08.274  1484-1700  JellyfinRepository      com.rpeters.jellyfin                 D      Condition: Height LessThanEqual 2160
2026-02-07 16:49:08.274  1484-1700  JellyfinRepository      com.rpeters.jellyfin                 D    CodecProfile[6]: type=Video, codec=vp8, conditions=2
2026-02-07 16:49:08.274  1484-1700  JellyfinRepository      com.rpeters.jellyfin                 D      Condition: Width LessThanEqual 3840
2026-02-07 16:49:08.274  1484-1700  JellyfinRepository      com.rpeters.jellyfin                 D      Condition: Height LessThanEqual 2160
2026-02-07 16:49:08.275  1484-1700  JellyfinRepository      com.rpeters.jellyfin                 D  PlaybackInfo request for item UUID-***: maxBitrate=80000000 (80Mbps), directPlay=true, directStream=true, transcode=true
2026-02-07 16:49:08.275  1484-1700  JellyfinRepository      com.rpeters.jellyfin                 D  Network-based maxStreamingBitrate: 80Mbps
2026-02-07 16:49:08.275  1484-1700  JellyfinRepository      com.rpeters.jellyfin                 D  DeviceProfile: Jellyfin Android Client (Dynamic), maxStreamBitrate=100000000, maxStaticBitrate=100000000
2026-02-07 16:49:08.275  1484-1700  JellyfinRepository      com.rpeters.jellyfin                 D    DirectPlayProfile[0]: container=mp4, type=Video, videoCodec=h264,h265,vp9,av1,mpeg4,h263,vp8, audioCodec=flac,mp3,ac3,eac3,aac,opus,pcm,vorbis,alac
2026-02-07 16:49:08.275  1484-1700  JellyfinRepository      com.rpeters.jellyfin                 D    DirectPlayProfile[1]: container=m4v, type=Video, videoCodec=h264,h265,vp9,av1,mpeg4,h263,vp8, audioCodec=flac,mp3,ac3,eac3,aac,opus,pcm,vorbis,alac
2026-02-07 16:49:08.275  1484-1700  JellyfinRepository      com.rpeters.jellyfin                 D    DirectPlayProfile[2]: container=3gp, type=Video, videoCodec=h264,h265,vp9,av1,mpeg4,h263,vp8, audioCodec=flac,mp3,ac3,eac3,aac,opus,pcm,vorbis,alac
2026-02-07 16:49:08.275  1484-1700  JellyfinRepository      com.rpeters.jellyfin                 D    DirectPlayProfile[3]: container=3gpp, type=Video, videoCodec=h264,h265,vp9,av1,mpeg4,h263,vp8, audioCodec=flac,mp3,ac3,eac3,aac,opus,pcm,vorbis,alac
2026-02-07 16:49:08.275  1484-1700  JellyfinRepository      com.rpeters.jellyfin                 D    DirectPlayProfile[4]: container=3g2, type=Video, videoCodec=h264,h265,vp9,av1,mpeg4,h263,vp8, audioCodec=flac,mp3,ac3,eac3,aac,opus,pcm,vorbis,alac
2026-02-07 16:49:08.275  1484-1700  JellyfinRepository      com.rpeters.jellyfin                 D    DirectPlayProfile[5]: container=3gpp2, type=Video, videoCodec=h264,h265,vp9,av1,mpeg4,h263,vp8, audioCodec=flac,mp3,ac3,eac3,aac,opus,pcm,vorbis,alac
2026-02-07 16:49:08.275  1484-1700  JellyfinRepository      com.rpeters.jellyfin                 D    DirectPlayProfile[6]: container=webm, type=Video, videoCodec=h264,h265,vp9,av1,mpeg4,h263,vp8, audioCodec=flac,mp3,ac3,eac3,aac,opus,pcm,vorbis,alac
2026-02-07 16:49:08.275  1484-1700  JellyfinRepository      com.rpeters.jellyfin                 D    DirectPlayProfile[7]: container=mkv, type=Video, videoCodec=h264,h265,vp9,av1,mpeg4,h263,vp8, audioCodec=flac,mp3,ac3,eac3,aac,opus,pcm,vorbis,alac
2026-02-07 16:49:08.275  1484-1700  JellyfinRepository      com.rpeters.jellyfin                 D    DirectPlayProfile[8]: container=avi, type=Video, videoCodec=h264,h265,vp9,av1,mpeg4,h263,vp8, audioCodec=flac,mp3,ac3,eac3,aac,opus,pcm,vorbis,alac
2026-02-07 16:49:08.275  1484-1700  JellyfinRepository      com.rpeters.jellyfin                 D    DirectPlayProfile[9]: container=mov, type=Video, videoCodec=h264,h265,vp9,av1,mpeg4,h263,vp8, audioCodec=flac,mp3,ac3,eac3,aac,opus,pcm,vorbis,alac
2026-02-07 16:49:08.275  1484-1700  JellyfinRepository      com.rpeters.jellyfin                 D    DirectPlayProfile[10]: container=flv, type=Video, videoCodec=h264,h265,vp9,av1,mpeg4,h263,vp8, audioCodec=flac,mp3,ac3,eac3,aac,opus,pcm,vorbis,alac
2026-02-07 16:49:08.275  1484-1700  JellyfinRepository      com.rpeters.jellyfin                 D    DirectPlayProfile[11]: container=asf, type=Video, videoCodec=h264,h265,vp9,av1,mpeg4,h263,vp8, audioCodec=flac,mp3,ac3,eac3,aac,opus,pcm,vorbis,alac
2026-02-07 16:49:08.275  1484-1700  JellyfinRepository      com.rpeters.jellyfin                 D    DirectPlayProfile[12]: container=wmv, type=Video, videoCodec=h264,h265,vp9,av1,mpeg4,h263,vp8, audioCodec=flac,mp3,ac3,eac3,aac,opus,pcm,vorbis,alac
2026-02-07 16:49:08.275  1484-1700  JellyfinRepository      com.rpeters.jellyfin                 D    DirectPlayProfile[13]: container=flac, type=Audio, videoCodec=, audioCodec=flac
2026-02-07 16:49:08.275  1484-1700  JellyfinRepository      com.rpeters.jellyfin                 D    DirectPlayProfile[14]: container=mp3, type=Audio, videoCodec=, audioCodec=mp3
2026-02-07 16:49:08.275  1484-1700  JellyfinRepository      com.rpeters.jellyfin                 D    DirectPlayProfile[15]: container=ogg, type=Audio, videoCodec=, audioCodec=vorbis,opus
2026-02-07 16:49:08.275  1484-1700  JellyfinRepository      com.rpeters.jellyfin                 D    DirectPlayProfile[16]: container=m4a, type=Audio, videoCodec=, audioCodec=aac
2026-02-07 16:49:08.275  1484-1700  JellyfinRepository      com.rpeters.jellyfin                 D    TranscodingProfile[0]: codec=h265,hevc, container=mp4, protocol=http, conditions=2
2026-02-07 16:49:08.275  1484-1700  JellyfinRepository      com.rpeters.jellyfin                 D      Condition: Width LessThanEqual 3840
2026-02-07 16:49:08.276  1484-1700  JellyfinRepository      com.rpeters.jellyfin                 D      Condition: Height LessThanEqual 2160
2026-02-07 16:49:08.276  1484-1700  JellyfinRepository      com.rpeters.jellyfin                 D    TranscodingProfile[1]: codec=h264, container=mp4, protocol=hls, conditions=2
2026-02-07 16:49:08.276  1484-1700  JellyfinRepository      com.rpeters.jellyfin                 D      Condition: Width LessThanEqual 3840
2026-02-07 16:49:08.276  1484-1700  JellyfinRepository      com.rpeters.jellyfin                 D      Condition: Height LessThanEqual 2160
2026-02-07 16:49:08.276  1484-1700  JellyfinRepository      com.rpeters.jellyfin                 D    TranscodingProfile[2]: codec=, container=mp3, protocol=http, conditions=0
2026-02-07 16:49:08.453  1484-1700  JellyfinRepository      com.rpeters.jellyfin                 D  Server response:
2026-02-07 16:49:08.453  1484-1700  JellyfinRepository      com.rpeters.jellyfin                 D    PlaySessionId: f44124e64de74ca484988973b417b076
2026-02-07 16:49:08.453  1484-1700  JellyfinRepository      com.rpeters.jellyfin                 D    MediaSources: 1
2026-02-07 16:49:08.453  1484-1700  JellyfinRepository      com.rpeters.jellyfin                 D    MediaSource[0]:
2026-02-07 16:49:08.453  1484-1700  JellyfinRepository      com.rpeters.jellyfin                 D      Name: The Housemaid (2025) WEBDL-1080p
2026-02-07 16:49:08.453  1484-1700  JellyfinRepository      com.rpeters.jellyfin                 D      Container: mkv
2026-02-07 16:49:08.453  1484-1700  JellyfinRepository      com.rpeters.jellyfin                 D      Size: 8900358199
2026-02-07 16:49:08.453  1484-1700  JellyfinRepository      com.rpeters.jellyfin                 D      IsRemote: false
2026-02-07 16:49:08.454  1484-1700  JellyfinRepository      com.rpeters.jellyfin                 D      Video Stream: h264, 1920x800, bitrate=9033622
2026-02-07 16:49:08.454  1484-1700  JellyfinRepository      com.rpeters.jellyfin                 D      SupportsDirectPlay: true
2026-02-07 16:49:08.454  1484-1700  JellyfinRepository      com.rpeters.jellyfin                 D      SupportsDirectStream: true
2026-02-07 16:49:08.454  1484-1700  JellyfinRepository      com.rpeters.jellyfin                 D      SupportsTranscoding: true
2026-02-07 16:49:08.454  1484-1700  JellyfinRepository      com.rpeters.jellyfin                 D  PlaybackInfo response: playSessionId=*** mediaSources=1
2026-02-07 16:49:08.454  1484-1700  JellyfinRepository      com.rpeters.jellyfin                 D  [VERBOSE] PlaybackInfo sources: id=c66e31d9ee18cde731eded9a19cc141f, directPlay=true, directStream=true, transcode=true, container=mkv, transcodingUrl=false
2026-02-07 16:49:08.455  1484-1700  EnhancedPlaybackManager com.rpeters.jellyfin                 D  Received 1 media sources from server:
2026-02-07 16:49:08.455  1484-1700  EnhancedPlaybackManager com.rpeters.jellyfin                 D    Source[0]: directPlay=true, directStream=true, transcode=true
2026-02-07 16:49:08.457  1484-1700  EnhancedPlaybackManager com.rpeters.jellyfin                 D   Device CAN direct play: container=mkv, video=h264, audio=eac3
2026-02-07 16:49:08.458  1484-1700  EnhancedPlaybackManager com.rpeters.jellyfin                 D   FORCING Direct Play - server supports it and device is capable
2026-02-07 16:49:08.458  1484-1700  EnhancedPlaybackManager com.rpeters.jellyfin                 D  [VERBOSE] Server-directed direct play: https://rpeters1428.huron.usbx.me/jellyfin/Videos/UUID-***/stream.mkv?static=true&mediaSourceId=c66e31d9ee18cde731eded9a19cc141f&PlaySessionId=***
2026-02-07 16:49:08.462  1484-1700  RepositoryUtils         com.rpeters.jellyfin                 D  [VERBOSE] validateServer: Server validation passed for user rpeters1428 on https://rpeters1428.huron.usbx.me/jellyfin
2026-02-07 16:49:08.472  1484-1484  DetailNavGraph          com.rpeters.jellyfin                 D  MovieDetail: enable_immersive_ui=true, immersive_movie_detail=true, using immersive: true
2026-02-07 16:49:08.502  1484-2033  NetworkStateInterceptor com.rpeters.jellyfin                 D  Request to rpeters1428.huron.usbx.me via WIFI
2026-02-07 16:49:08.504  1484-2033  OkHttp                  com.rpeters.jellyfin                 I  --> GET https://rpeters1428.huron.usbx.me/jellyfin/Items/c66e31d9-ee18-cde7-31ed-ed9a19cc141f/Images/Logo?tag=87c27d25e30cbf1f3797c19fad9901c0
2026-02-07 16:49:08.504  1484-2033  OkHttp                  com.rpeters.jellyfin                 I  Connection: keep-alive
2026-02-07 16:49:08.504  1484-2033  OkHttp                  com.rpeters.jellyfin                 I  Accept-Encoding: gzip, deflate
2026-02-07 16:49:08.504  1484-2033  OkHttp                  com.rpeters.jellyfin                 I  User-Agent: JellyfinAndroid/1.0.0
2026-02-07 16:49:08.504  1484-2033  OkHttp                  com.rpeters.jellyfin                 I  X-Emby-Authorization: MediaBrowser Client="Jellyfin Android", Device="Samsung SM-S938U1", DeviceId="9f50be16948c2bec", Version="14.07", Token="bc86a4ad1d974a3d8f18d14cf1c90139"
2026-02-07 16:49:08.504  1484-2033  OkHttp                  com.rpeters.jellyfin                 I  Authorization: MediaBrowser Token="bc86a4ad1d974a3d8f18d14cf1c90139"
2026-02-07 16:49:08.504  1484-2033  OkHttp                  com.rpeters.jellyfin                 I  X-Emby-Token: bc86a4ad1d974a3d8f18d14cf1c90139
2026-02-07 16:49:08.504  1484-2033  OkHttp                  com.rpeters.jellyfin                 I  --> END GET
2026-02-07 16:49:08.544  1484-1484  RealImageLoader         com.rpeters.jellyfin                 I   Successful (DISK) - https://rpeters1428.huron.usbx.me/jellyfin/Items/c66e31d9-ee18-cde7-31ed-ed9a19cc141f/Images/Backdrop?tag=690d3a585bd034cc484ae7e1a3cfb7ef&maxHeight=400&maxWidth=800
2026-02-07 16:49:08.555  1484-1484  DetailNavGraph          com.rpeters.jellyfin                 D  MovieDetail: enable_immersive_ui=true, immersive_movie_detail=true, using immersive: true
2026-02-07 16:49:08.583  1484-1484  DetailNavGraph          com.rpeters.jellyfin                 D  MovieDetail: enable_immersive_ui=true, immersive_movie_detail=true, using immersive: true
2026-02-07 16:49:08.650  1484-2033  OkHttp                  com.rpeters.jellyfin                 I  <-- 200 OK https://rpeters1428.huron.usbx.me/jellyfin/Items/c66e31d9-ee18-cde7-31ed-ed9a19cc141f/Images/Logo?tag=87c27d25e30cbf1f3797c19fad9901c0 (145ms)
2026-02-07 16:49:08.650  1484-2033  OkHttp                  com.rpeters.jellyfin                 I  Server: nginx
2026-02-07 16:49:08.650  1484-2033  OkHttp                  com.rpeters.jellyfin                 I  Date: Sun, 08 Feb 2026 00:49:08 GMT
2026-02-07 16:49:08.650  1484-2033  OkHttp                  com.rpeters.jellyfin                 I  Content-Type: image/png
2026-02-07 16:49:08.650  1484-2033  OkHttp                  com.rpeters.jellyfin                 I  Content-Length: 74650
2026-02-07 16:49:08.650  1484-2033  OkHttp                  com.rpeters.jellyfin                 I  Connection: keep-alive
2026-02-07 16:49:08.650  1484-2033  OkHttp                  com.rpeters.jellyfin                 I  Keep-Alive: timeout=60
2026-02-07 16:49:08.650  1484-2033  OkHttp                  com.rpeters.jellyfin                 I  Age: 412326
2026-02-07 16:49:08.650  1484-2033  OkHttp                  com.rpeters.jellyfin                 I  Cache-Control: public, max-age=31536000
2026-02-07 16:49:08.650  1484-2033  OkHttp                  com.rpeters.jellyfin                 I  Last-Modified: Tue, 03 Feb 2026 06:17:02 GMT
2026-02-07 16:49:08.650  1484-2033  OkHttp                  com.rpeters.jellyfin                 I  Vary: Accept
2026-02-07 16:49:08.650  1484-2033  OkHttp                  com.rpeters.jellyfin                 I  transferMode.dlna.org: Interactive
2026-02-07 16:49:08.651  1484-2033  OkHttp                  com.rpeters.jellyfin                 I  realTimeInfo.dlna.org: DLNA.ORG_TLAG=*
2026-02-07 16:49:08.651  1484-2033  OkHttp                  com.rpeters.jellyfin                 I  Content-Disposition: attachment
2026-02-07 16:49:08.651  1484-2033  OkHttp                  com.rpeters.jellyfin                 I  X-Response-Time-ms: 21.4783
2026-02-07 16:49:08.651  1484-2033  OkHttp                  com.rpeters.jellyfin                 I  X-Frame-Options: SAMEORIGIN
2026-02-07 16:49:08.651  1484-2033  OkHttp                  com.rpeters.jellyfin                 I  <-- END HTTP
2026-02-07 16:49:08.672  1484-1484  RealImageLoader         com.rpeters.jellyfin                 I   Successful (NETWORK) - https://rpeters1428.huron.usbx.me/jellyfin/Items/c66e31d9-ee18-cde7-31ed-ed9a19cc141f/Images/Logo?tag=87c27d25e30cbf1f3797c19fad9901c0
2026-02-07 16:49:08.677  1484-1484  DetailNavGraph          com.rpeters.jellyfin                 D  MovieDetail: enable_immersive_ui=true, immersive_movie_detail=true, using immersive: true
2026-02-07 16:49:10.758  1484-1484  VRI[MainAc...y]@ea1b2c8 com.rpeters.jellyfin                 I  call setFrameRateCategory for touch hint category=no preference, reason=boost timeout, vri=VRI[MainActivity]@ea1b2c8
2026-02-07 16:49:12.888  1484-1525  peters.jellyfin         com.rpeters.jellyfin                 I  Explicit concurrent mark compact GC freed 16MB AllocSpace bytes, 6(128KB) LOS objects, 66% free, 16MB/50MB, paused 224us,2.016ms total 63.246ms
2026-02-07 16:49:15.719  1484-1484  VRI[MainAc...y]@ea1b2c8 com.rpeters.jellyfin                 I  ViewPostIme pointer 0
2026-02-07 16:49:15.725  1484-1484  VRI[MainAc...y]@ea1b2c8 com.rpeters.jellyfin                 I  call setFrameRateCategory for touch hint category=high hint, reason=touch, vri=VRI[MainActivity]@ea1b2c8
2026-02-07 16:49:15.881  1484-1484  VRI[MainAc...y]@ea1b2c8 com.rpeters.jellyfin                 I  ViewPostIme pointer 1
2026-02-07 16:49:15.917  1484-2033  NetworkStateInterceptor com.rpeters.jellyfin                 D  Request to rpeters1428.huron.usbx.me via WIFI
2026-02-07 16:49:15.917  1484-2031  NetworkStateInterceptor com.rpeters.jellyfin                 D  Request to rpeters1428.huron.usbx.me via WIFI
2026-02-07 16:49:15.923  1484-2033  OkHttp                  com.rpeters.jellyfin                 I  --> GET https://rpeters1428.huron.usbx.me/jellyfin/Items/c35ec7bf-adeb-3473-372a-699f672875ad/Images/Primary?maxHeight=400&maxWidth=400&tag=b61734c48acf2dbddef7fc34a7a2e282
2026-02-07 16:49:15.923  1484-2031  OkHttp                  com.rpeters.jellyfin                 I  --> GET https://rpeters1428.huron.usbx.me/jellyfin/Items/7ec30a81-f44f-3533-61bc-4b56d1cf2d07/Images/Primary?maxHeight=400&maxWidth=400&tag=48b6a63cbec360ba5b59ddcf78991c75
2026-02-07 16:49:15.923  1484-2033  OkHttp                  com.rpeters.jellyfin                 I  Connection: keep-alive
2026-02-07 16:49:15.923  1484-2031  OkHttp                  com.rpeters.jellyfin                 I  Connection: keep-alive
2026-02-07 16:49:15.923  1484-2033  OkHttp                  com.rpeters.jellyfin                 I  Accept-Encoding: gzip, deflate
2026-02-07 16:49:15.923  1484-2031  OkHttp                  com.rpeters.jellyfin                 I  Accept-Encoding: gzip, deflate
2026-02-07 16:49:15.923  1484-2033  OkHttp                  com.rpeters.jellyfin                 I  User-Agent: JellyfinAndroid/1.0.0
2026-02-07 16:49:15.923  1484-2031  OkHttp                  com.rpeters.jellyfin                 I  User-Agent: JellyfinAndroid/1.0.0
2026-02-07 16:49:15.923  1484-2033  OkHttp                  com.rpeters.jellyfin                 I  X-Emby-Authorization: MediaBrowser Client="Jellyfin Android", Device="Samsung SM-S938U1", DeviceId="9f50be16948c2bec", Version="14.07", Token="bc86a4ad1d974a3d8f18d14cf1c90139"
2026-02-07 16:49:15.924  1484-2031  OkHttp                  com.rpeters.jellyfin                 I  X-Emby-Authorization: MediaBrowser Client="Jellyfin Android", Device="Samsung SM-S938U1", DeviceId="9f50be16948c2bec", Version="14.07", Token="bc86a4ad1d974a3d8f18d14cf1c90139"
2026-02-07 16:49:15.924  1484-2033  OkHttp                  com.rpeters.jellyfin                 I  Authorization: MediaBrowser Token="bc86a4ad1d974a3d8f18d14cf1c90139"
2026-02-07 16:49:15.924  1484-2031  OkHttp                  com.rpeters.jellyfin                 I  Authorization: MediaBrowser Token="bc86a4ad1d974a3d8f18d14cf1c90139"
2026-02-07 16:49:15.924  1484-2033  OkHttp                  com.rpeters.jellyfin                 I  X-Emby-Token: bc86a4ad1d974a3d8f18d14cf1c90139
2026-02-07 16:49:15.924  1484-2031  OkHttp                  com.rpeters.jellyfin                 I  X-Emby-Token: bc86a4ad1d974a3d8f18d14cf1c90139
2026-02-07 16:49:15.924  1484-2031  OkHttp                  com.rpeters.jellyfin                 I  --> END GET
2026-02-07 16:49:15.924  1484-2033  OkHttp                  com.rpeters.jellyfin                 I  --> END GET
2026-02-07 16:49:15.930  1484-2036  NetworkStateInterceptor com.rpeters.jellyfin                 D  Request to rpeters1428.huron.usbx.me via WIFI
2026-02-07 16:49:15.931  1484-2036  OkHttp                  com.rpeters.jellyfin                 I  --> GET https://rpeters1428.huron.usbx.me/jellyfin/Items/f0c1785d-990d-63b0-3400-8eebd622da82/Images/Primary?maxHeight=400&maxWidth=400&tag=544d621a1d054e6244845922139d737b
2026-02-07 16:49:15.931  1484-2036  OkHttp                  com.rpeters.jellyfin                 I  Connection: keep-alive
2026-02-07 16:49:15.931  1484-2036  OkHttp                  com.rpeters.jellyfin                 I  Accept-Encoding: gzip, deflate
2026-02-07 16:49:15.932  1484-2036  OkHttp                  com.rpeters.jellyfin                 I  User-Agent: JellyfinAndroid/1.0.0
2026-02-07 16:49:15.932  1484-2036  OkHttp                  com.rpeters.jellyfin                 I  X-Emby-Authorization: MediaBrowser Client="Jellyfin Android", Device="Samsung SM-S938U1", DeviceId="9f50be16948c2bec", Version="14.07", Token="bc86a4ad1d974a3d8f18d14cf1c90139"
2026-02-07 16:49:15.932  1484-2036  OkHttp                  com.rpeters.jellyfin                 I  Authorization: MediaBrowser Token="bc86a4ad1d974a3d8f18d14cf1c90139"
2026-02-07 16:49:15.932  1484-2036  OkHttp                  com.rpeters.jellyfin                 I  X-Emby-Token: bc86a4ad1d974a3d8f18d14cf1c90139
2026-02-07 16:49:15.932  1484-2036  OkHttp                  com.rpeters.jellyfin                 I  --> END GET
2026-02-07 16:49:16.139  1484-2036  OkHttp                  com.rpeters.jellyfin                 I  <-- 200 OK https://rpeters1428.huron.usbx.me/jellyfin/Items/f0c1785d-990d-63b0-3400-8eebd622da82/Images/Primary?maxHeight=400&maxWidth=400&tag=544d621a1d054e6244845922139d737b (207ms)
2026-02-07 16:49:16.139  1484-2036  OkHttp                  com.rpeters.jellyfin                 I  Server: nginx
2026-02-07 16:49:16.139  1484-2036  OkHttp                  com.rpeters.jellyfin                 I  Date: Sun, 08 Feb 2026 00:49:16 GMT
2026-02-07 16:49:16.139  1484-2036  OkHttp                  com.rpeters.jellyfin                 I  Content-Type: image/webp
2026-02-07 16:49:16.139  1484-2036  OkHttp                  com.rpeters.jellyfin                 I  Content-Length: 153174
2026-02-07 16:49:16.139  1484-2036  OkHttp                  com.rpeters.jellyfin                 I  Connection: keep-alive
2026-02-07 16:49:16.139  1484-2036  OkHttp                  com.rpeters.jellyfin                 I  Keep-Alive: timeout=60
2026-02-07 16:49:16.139  1484-2036  OkHttp                  com.rpeters.jellyfin                 I  Age: 342229
2026-02-07 16:49:16.139  1484-2036  OkHttp                  com.rpeters.jellyfin                 I  Cache-Control: public, max-age=31536000
2026-02-07 16:49:16.139  1484-2036  OkHttp                  com.rpeters.jellyfin                 I  Last-Modified: Wed, 04 Feb 2026 01:45:27 GMT
2026-02-07 16:49:16.140  1484-2036  OkHttp                  com.rpeters.jellyfin                 I  Vary: Accept
2026-02-07 16:49:16.140  1484-2036  OkHttp                  com.rpeters.jellyfin                 I  transferMode.dlna.org: Interactive
2026-02-07 16:49:16.140  1484-2031  OkHttp                  com.rpeters.jellyfin                 I  <-- 200 OK https://rpeters1428.huron.usbx.me/jellyfin/Items/7ec30a81-f44f-3533-61bc-4b56d1cf2d07/Images/Primary?maxHeight=400&maxWidth=400&tag=48b6a63cbec360ba5b59ddcf78991c75 (215ms)
2026-02-07 16:49:16.140  1484-2036  OkHttp                  com.rpeters.jellyfin                 I  realTimeInfo.dlna.org: DLNA.ORG_TLAG=*
2026-02-07 16:49:16.140  1484-2031  OkHttp                  com.rpeters.jellyfin                 I  Server: nginx
2026-02-07 16:49:16.140  1484-2036  OkHttp                  com.rpeters.jellyfin                 I  Content-Disposition: attachment
2026-02-07 16:49:16.140  1484-2031  OkHttp                  com.rpeters.jellyfin                 I  Date: Sun, 08 Feb 2026 00:49:16 GMT
2026-02-07 16:49:16.140  1484-2036  OkHttp                  com.rpeters.jellyfin                 I  X-Response-Time-ms: 11.4774
2026-02-07 16:49:16.140  1484-2031  OkHttp                  com.rpeters.jellyfin                 I  Content-Type: image/webp
2026-02-07 16:49:16.140  1484-2036  OkHttp                  com.rpeters.jellyfin                 I  X-Frame-Options: SAMEORIGIN
2026-02-07 16:49:16.140  1484-2031  OkHttp                  com.rpeters.jellyfin                 I  Content-Length: 170214
2026-02-07 16:49:16.140  1484-2036  OkHttp                  com.rpeters.jellyfin                 I  <-- END HTTP
2026-02-07 16:49:16.140  1484-2031  OkHttp                  com.rpeters.jellyfin                 I  Connection: keep-alive
2026-02-07 16:49:16.140  1484-2031  OkHttp                  com.rpeters.jellyfin                 I  Keep-Alive: timeout=60
2026-02-07 16:49:16.140  1484-2031  OkHttp                  com.rpeters.jellyfin                 I  Age: 342229
2026-02-07 16:49:16.140  1484-2031  OkHttp                  com.rpeters.jellyfin                 I  Cache-Control: public, max-age=31536000
2026-02-07 16:49:16.140  1484-2031  OkHttp                  com.rpeters.jellyfin                 I  Last-Modified: Wed, 04 Feb 2026 01:45:27 GMT
2026-02-07 16:49:16.140  1484-2031  OkHttp                  com.rpeters.jellyfin                 I  Vary: Accept
2026-02-07 16:49:16.140  1484-2031  OkHttp                  com.rpeters.jellyfin                 I  transferMode.dlna.org: Interactive
2026-02-07 16:49:16.140  1484-2031  OkHttp                  com.rpeters.jellyfin                 I  realTimeInfo.dlna.org: DLNA.ORG_TLAG=*
2026-02-07 16:49:16.140  1484-2031  OkHttp                  com.rpeters.jellyfin                 I  Content-Disposition: attachment
2026-02-07 16:49:16.140  1484-2031  OkHttp                  com.rpeters.jellyfin                 I  X-Response-Time-ms: 16.7642
2026-02-07 16:49:16.140  1484-2031  OkHttp                  com.rpeters.jellyfin                 I  X-Frame-Options: SAMEORIGIN
2026-02-07 16:49:16.140  1484-2031  OkHttp                  com.rpeters.jellyfin                 I  <-- END HTTP
2026-02-07 16:49:16.141  1484-2033  OkHttp                  com.rpeters.jellyfin                 I  <-- 200 OK https://rpeters1428.huron.usbx.me/jellyfin/Items/c35ec7bf-adeb-3473-372a-699f672875ad/Images/Primary?maxHeight=400&maxWidth=400&tag=b61734c48acf2dbddef7fc34a7a2e282 (217ms)
2026-02-07 16:49:16.141  1484-2033  OkHttp                  com.rpeters.jellyfin                 I  Server: nginx
2026-02-07 16:49:16.141  1484-2033  OkHttp                  com.rpeters.jellyfin                 I  Date: Sun, 08 Feb 2026 00:49:16 GMT
2026-02-07 16:49:16.141  1484-2033  OkHttp                  com.rpeters.jellyfin                 I  Content-Type: image/webp
2026-02-07 16:49:16.141  1484-2033  OkHttp                  com.rpeters.jellyfin                 I  Content-Length: 138250
2026-02-07 16:49:16.141  1484-2033  OkHttp                  com.rpeters.jellyfin                 I  Connection: keep-alive
2026-02-07 16:49:16.141  1484-2033  OkHttp                  com.rpeters.jellyfin                 I  Keep-Alive: timeout=60
2026-02-07 16:49:16.141  1484-2033  OkHttp                  com.rpeters.jellyfin                 I  Age: 593222
2026-02-07 16:49:16.141  1484-2033  OkHttp                  com.rpeters.jellyfin                 I  Cache-Control: public, max-age=31536000
2026-02-07 16:49:16.141  1484-2033  OkHttp                  com.rpeters.jellyfin                 I  Last-Modified: Sun, 01 Feb 2026 04:02:13 GMT
2026-02-07 16:49:16.141  1484-2033  OkHttp                  com.rpeters.jellyfin                 I  Vary: Accept
2026-02-07 16:49:16.141  1484-2033  OkHttp                  com.rpeters.jellyfin                 I  transferMode.dlna.org: Interactive
2026-02-07 16:49:16.141  1484-2033  OkHttp                  com.rpeters.jellyfin                 I  realTimeInfo.dlna.org: DLNA.ORG_TLAG=*
2026-02-07 16:49:16.141  1484-2033  OkHttp                  com.rpeters.jellyfin                 I  Content-Disposition: attachment
2026-02-07 16:49:16.141  1484-2033  OkHttp                  com.rpeters.jellyfin                 I  X-Response-Time-ms: 22.3784
2026-02-07 16:49:16.142  1484-2033  OkHttp                  com.rpeters.jellyfin                 I  X-Frame-Options: SAMEORIGIN
2026-02-07 16:49:16.142  1484-2033  OkHttp                  com.rpeters.jellyfin                 I  <-- END HTTP
2026-02-07 16:49:16.205  1484-1484  RealImageLoader         com.rpeters.jellyfin                 I   Successful (NETWORK) - https://rpeters1428.huron.usbx.me/jellyfin/Items/7ec30a81-f44f-3533-61bc-4b56d1cf2d07/Images/Primary?maxHeight=400&maxWidth=400&tag=48b6a63cbec360ba5b59ddcf78991c75
2026-02-07 16:49:16.205  1484-1484  RealImageLoader         com.rpeters.jellyfin                 I   Successful (NETWORK) - https://rpeters1428.huron.usbx.me/jellyfin/Items/f0c1785d-990d-63b0-3400-8eebd622da82/Images/Primary?maxHeight=400&maxWidth=400&tag=544d621a1d054e6244845922139d737b
2026-02-07 16:49:16.216  1484-1484  RealImageLoader         com.rpeters.jellyfin                 I   Successful (NETWORK) - https://rpeters1428.huron.usbx.me/jellyfin/Items/c35ec7bf-adeb-3473-372a-699f672875ad/Images/Primary?maxHeight=400&maxWidth=400&tag=b61734c48acf2dbddef7fc34a7a2e282
2026-02-07 16:49:16.399  1484-1484  VRI[MainAc...y]@ea1b2c8 com.rpeters.jellyfin                 I  ViewPostIme pointer 0
2026-02-07 16:49:16.615  1484-1484  VRI[MainAc...y]@ea1b2c8 com.rpeters.jellyfin                 I  ViewPostIme pointer 1
2026-02-07 16:49:16.922  1484-1484  VRI[MainAc...y]@ea1b2c8 com.rpeters.jellyfin                 I  ViewPostIme pointer 0
2026-02-07 16:49:17.130  1484-1484  VRI[MainAc...y]@ea1b2c8 com.rpeters.jellyfin                 I  ViewPostIme pointer 1
2026-02-07 16:49:17.240  1484-1484  RealImageLoader         com.rpeters.jellyfin                 I   Successful (MEMORY_CACHE) - https://rpeters1428.huron.usbx.me/jellyfin/Items/19b8011d-9962-7756-1fb4-6a1c6e1cf38b/Images/Primary?maxHeight=400&maxWidth=400
2026-02-07 16:49:17.266  1484-2033  NetworkStateInterceptor com.rpeters.jellyfin                 D  Request to rpeters1428.huron.usbx.me via WIFI
2026-02-07 16:49:17.267  1484-2033  OkHttp                  com.rpeters.jellyfin                 I  --> GET https://rpeters1428.huron.usbx.me/jellyfin/Items/3462a597-bc25-651c-df87-e53a79d1d562/Images/Primary?maxHeight=400&maxWidth=400
2026-02-07 16:49:17.267  1484-2033  OkHttp                  com.rpeters.jellyfin                 I  Connection: keep-alive
2026-02-07 16:49:17.267  1484-2033  OkHttp                  com.rpeters.jellyfin                 I  Accept-Encoding: gzip, deflate
2026-02-07 16:49:17.267  1484-2033  OkHttp                  com.rpeters.jellyfin                 I  User-Agent: JellyfinAndroid/1.0.0
2026-02-07 16:49:17.267  1484-2033  OkHttp                  com.rpeters.jellyfin                 I  X-Emby-Authorization: MediaBrowser Client="Jellyfin Android", Device="Samsung SM-S938U1", DeviceId="9f50be16948c2bec", Version="14.07", Token="bc86a4ad1d974a3d8f18d14cf1c90139"
2026-02-07 16:49:17.268  1484-2033  OkHttp                  com.rpeters.jellyfin                 I  Authorization: MediaBrowser Token="bc86a4ad1d974a3d8f18d14cf1c90139"
2026-02-07 16:49:17.268  1484-2033  OkHttp                  com.rpeters.jellyfin                 I  X-Emby-Token: bc86a4ad1d974a3d8f18d14cf1c90139
2026-02-07 16:49:17.268  1484-2033  OkHttp                  com.rpeters.jellyfin                 I  --> END GET
2026-02-07 16:49:17.428  1484-2033  OkHttp                  com.rpeters.jellyfin                 I  <-- 200 OK https://rpeters1428.huron.usbx.me/jellyfin/Items/3462a597-bc25-651c-df87-e53a79d1d562/Images/Primary?maxHeight=400&maxWidth=400 (160ms)
2026-02-07 16:49:17.428  1484-2033  OkHttp                  com.rpeters.jellyfin                 I  Server: nginx
2026-02-07 16:49:17.428  1484-2033  OkHttp                  com.rpeters.jellyfin                 I  Date: Sun, 08 Feb 2026 00:49:17 GMT
2026-02-07 16:49:17.428  1484-2033  OkHttp                  com.rpeters.jellyfin                 I  Content-Type: image/webp
2026-02-07 16:49:17.428  1484-2033  OkHttp                  com.rpeters.jellyfin                 I  Content-Length: 101190
2026-02-07 16:49:17.429  1484-2033  OkHttp                  com.rpeters.jellyfin                 I  Connection: keep-alive
2026-02-07 16:49:17.429  1484-2033  OkHttp                  com.rpeters.jellyfin                 I  Keep-Alive: timeout=60
2026-02-07 16:49:17.429  1484-2033  OkHttp                  com.rpeters.jellyfin                 I  Age: 1053474
2026-02-07 16:49:17.429  1484-2033  OkHttp                  com.rpeters.jellyfin                 I  Cache-Control: public
2026-02-07 16:49:17.429  1484-2033  OkHttp                  com.rpeters.jellyfin                 I  Last-Modified: Mon, 26 Jan 2026 20:11:23 GMT
2026-02-07 16:49:17.429  1484-2033  OkHttp                  com.rpeters.jellyfin                 I  Vary: Accept
2026-02-07 16:49:17.429  1484-2033  OkHttp                  com.rpeters.jellyfin                 I  transferMode.dlna.org: Interactive
2026-02-07 16:49:17.429  1484-2033  OkHttp                  com.rpeters.jellyfin                 I  realTimeInfo.dlna.org: DLNA.ORG_TLAG=*
2026-02-07 16:49:17.429  1484-2033  OkHttp                  com.rpeters.jellyfin                 I  Content-Disposition: attachment
2026-02-07 16:49:17.429  1484-2033  OkHttp                  com.rpeters.jellyfin                 I  X-Response-Time-ms: 9.0003
2026-02-07 16:49:17.429  1484-2033  OkHttp                  com.rpeters.jellyfin                 I  X-Frame-Options: SAMEORIGIN
2026-02-07 16:49:17.429  1484-2033  OkHttp                  com.rpeters.jellyfin                 I  <-- END HTTP
2026-02-07 16:49:17.456  1484-1484  RealImageLoader         com.rpeters.jellyfin                 I   Successful (NETWORK) - https://rpeters1428.huron.usbx.me/jellyfin/Items/3462a597-bc25-651c-df87-e53a79d1d562/Images/Primary?maxHeight=400&maxWidth=400
2026-02-07 16:49:17.623  1484-1484  VRI[MainAc...y]@ea1b2c8 com.rpeters.jellyfin                 I  ViewPostIme pointer 0
2026-02-07 16:49:17.812  1484-1484  VRI[MainAc...y]@ea1b2c8 com.rpeters.jellyfin                 I  ViewPostIme pointer 1
2026-02-07 16:49:18.621  1484-1484  VRI[MainAc...y]@ea1b2c8 com.rpeters.jellyfin                 I  ViewPostIme pointer 0
2026-02-07 16:49:18.887  1484-1484  VRI[MainAc...y]@ea1b2c8 com.rpeters.jellyfin                 I  ViewPostIme pointer 1
2026-02-07 16:49:19.754  1484-1484  VRI[MainAc...y]@ea1b2c8 com.rpeters.jellyfin                 I  ViewPostIme pointer 0
2026-02-07 16:49:19.869  1484-1484  VRI[MainAc...y]@ea1b2c8 com.rpeters.jellyfin                 I  ViewPostIme pointer 1
2026-02-07 16:49:20.584  1484-1484  VRI[MainAc...y]@ea1b2c8 com.rpeters.jellyfin                 I  ViewPostIme pointer 0
2026-02-07 16:49:20.651  1484-1484  DetailNavGraph          com.rpeters.jellyfin                 D  MovieDetail: enable_immersive_ui=true, immersive_movie_detail=true, using immersive: true
2026-02-07 16:49:20.662  1484-1484  DetailNavGraph          com.rpeters.jellyfin                 D  MovieDetail: enable_immersive_ui=true, immersive_movie_detail=true, using immersive: true
2026-02-07 16:49:20.664  1484-1484  MediaNavGraph           com.rpeters.jellyfin                 D  MoviesScreen: enable_immersive_ui=true, immersive_movies_browse=true, using immersive: true
2026-02-07 16:49:20.699  1484-1484  RealImageLoader         com.rpeters.jellyfin                 I   Successful (MEMORY_CACHE) - https://rpeters1428.huron.usbx.me/jellyfin/Items/c66e31d9-ee18-cde7-31ed-ed9a19cc141f/Images/Primary?maxHeight=400&maxWidth=400
2026-02-07 16:49:20.709  1484-1484  RealImageLoader         com.rpeters.jellyfin                 I   Successful (MEMORY_CACHE) - https://rpeters1428.huron.usbx.me/jellyfin/Items/d76da20d-a2c4-e0a3-66d8-3453973700b6/Images/Primary?maxHeight=400&maxWidth=400
2026-02-07 16:49:20.722  1484-1484  RealImageLoader         com.rpeters.jellyfin                 I   Successful (MEMORY_CACHE) - https://rpeters1428.huron.usbx.me/jellyfin/Items/ac8b6533-4559-b538-9b7b-29fe696d6cb8/Images/Primary?maxHeight=400&maxWidth=400
2026-02-07 16:49:20.737  1484-1484  VRI[MainAc...y]@ea1b2c8 com.rpeters.jellyfin                 I  ViewPostIme pointer 1
2026-02-07 16:49:20.744  1484-1484  DetailNavGraph          com.rpeters.jellyfin                 D  MovieDetail: enable_immersive_ui=true, immersive_movie_detail=true, using immersive: true
2026-02-07 16:49:20.745  1484-1484  MediaNavGraph           com.rpeters.jellyfin                 D  MoviesScreen: enable_immersive_ui=true, immersive_movies_browse=true, using immersive: true
2026-02-07 16:49:20.750  1484-1484  WindowOnBackDispatcher  com.rpeters.jellyfin                 D  onBackInvoked, callback=androidx.navigationevent.OnBackInvokedInput$createOnBackAnimationCallback$1@b94c305
2026-02-07 16:49:20.757  1484-1484  DetailNavGraph          com.rpeters.jellyfin                 D  MovieDetail: enable_immersive_ui=true, immersive_movie_detail=true, using immersive: true
2026-02-07 16:49:20.757  1484-1484  MediaNavGraph           com.rpeters.jellyfin                 D  MoviesScreen: enable_immersive_ui=true, immersive_movies_browse=true, using immersive: true
2026-02-07 16:49:20.759  1484-1484  ConnectivityManager     com.rpeters.jellyfin                 D  StackLog: [android.net.ConnectivityManager.unregisterNetworkCallback(ConnectivityManager.java:5573)] [com.rpeters.jellyfin.network.ConnectivityChecker$observeNetworkConnectivity$1.invokeSuspend$lambda$0(ConnectivityChecker.kt:139)] [com.rpeters.jellyfin.network.ConnectivityChecker$observeNetworkConnectivity$1$$ExternalSyntheticLambda1.invoke(D8$$SyntheticClass:0)] [kotlinx.coroutines.channels.ProduceKt.awaitClose(Produce.kt:69)] [kotlinx.coroutines.channels.ProduceKt$awaitClose$1.invokeSuspend(Unknown Source:17)] [kotlin.coroutines.jvm.internal.BaseContinuationImpl.resumeWith(ContinuationImpl.kt:34)] [kotlinx.coroutines.DispatchedTask.run(DispatchedTask.kt:98)] [androidx.compose.ui.platform.AndroidUiDispatcher.performTrampolineDispatch(AndroidUiDispatcher.android.kt:79)] [androidx.compose.ui.platform.AndroidUiDispatcher.access$performTrampolineDispatch(AndroidUiDispatcher.android.kt:41)] [androidx.compose.ui.platform.AndroidUiDispatcher$dispatchCallback$1.run(AndroidUiDispatcher.android.kt:57)]
2026-02-07 16:49:20.759  1484-1484  ConnectivityManager     com.rpeters.jellyfin                 D  StackLog: [android.net.ConnectivityManager.sendRequestForNetwork(ConnectivityManager.java:4738)] [android.net.ConnectivityManager.sendRequestForNetwork(ConnectivityManager.java:4906)] [android.net.ConnectivityManager.registerNetworkCallback(ConnectivityManager.java:5323)] [android.net.ConnectivityManager.registerNetworkCallback(ConnectivityManager.java:5293)] [com.rpeters.jellyfin.network.ConnectivityChecker$observeNetworkConnectivity$1.invokeSuspend(ConnectivityChecker.kt:133)] [com.rpeters.jellyfin.network.ConnectivityChecker$observeNetworkConnectivity$1.invoke(Unknown Source:14)] [com.rpeters.jellyfin.network.ConnectivityChecker$observeNetworkConnectivity$1.invoke(Unknown Source:12)] [kotlinx.coroutines.flow.ChannelFlowBuilder.collectTo$suspendImpl(Builders.kt:316)] [kotlinx.coroutines.flow.ChannelFlowBuilder.collectTo(Unknown Source:4)] [kotlinx.coroutines.flow.CallbackFlowBuilder.collectTo(Builders.kt:330)] [kotlinx.coroutines.flow.internal.ChannelFlow$collectToFun$1.invokeSuspend(ChannelFlow.kt:56)] [kotlin.coroutines.jvm.internal.BaseContinuationImpl.resumeWith(ContinuationImpl.kt:34)] [kotlinx.coroutines.DispatchedTask.run(DispatchedTask.kt:100)] [androidx.compose.ui.platform.AndroidUiDispatcher.performTrampolineDispatch(AndroidUiDispatcher.android.kt:79)] [androidx.compose.ui.platform.AndroidUiDispatcher.access$performTrampolineDispatch(AndroidUiDispatcher.android.kt:41)] [androidx.compose.ui.platform.AndroidUiDispatcher$dispatchCallback$1.run(AndroidUiDispatcher.android.kt:57)]
2026-02-07 16:49:20.761  1484-1657  ConnectivityChecker     com.rpeters.jellyfin                 D  Network available: 474
2026-02-07 16:49:21.482  1484-1484  MediaNavGraph           com.rpeters.jellyfin                 D  MoviesScreen: enable_immersive_ui=true, immersive_movies_browse=true, using immersive: true
2026-02-07 16:49:21.511  1484-1484  ConnectivityManager     com.rpeters.jellyfin                 D  StackLog: [android.net.ConnectivityManager.unregisterNetworkCallback(ConnectivityManager.java:5573)] [com.rpeters.jellyfin.network.ConnectivityChecker$observeNetworkConnectivity$1.invokeSuspend$lambda$0(ConnectivityChecker.kt:139)] [com.rpeters.jellyfin.network.ConnectivityChecker$observeNetworkConnectivity$1$$ExternalSyntheticLambda1.invoke(D8$$SyntheticClass:0)] [kotlinx.coroutines.channels.ProduceKt.awaitClose(Produce.kt:69)] [kotlinx.coroutines.channels.ProduceKt$awaitClose$1.invokeSuspend(Unknown Source:17)] [kotlin.coroutines.jvm.internal.BaseContinuationImpl.resumeWith(ContinuationImpl.kt:34)] [kotlinx.coroutines.DispatchedTaskKt.resume(DispatchedTask.kt:233)] [kotlinx.coroutines.DispatchedTaskKt.resumeUnconfined(DispatchedTask.kt:175)] [kotlinx.coroutines.DispatchedTaskKt.dispatch(DispatchedTask.kt:147)] [kotlinx.coroutines.CancellableContinuationImpl.dispatchResume(CancellableContinuationImpl.kt:470)] [kotlinx.coroutines.CancellableContinuationImpl.cancel(CancellableContinuationImpl.kt:214)] [kotlinx.coroutines.CancellableContinuationImpl.parentCancelled$kotlinx_coroutines_core(CancellableContinuationImpl.kt:221)] [kotlinx.coroutines.ChildContinuation.invoke(CancellableContinuationImpl.kt:698)] [kotlinx.coroutines.JobSupport.notifyCancelling(JobSupport.kt:1604)] [kotlinx.coroutines.JobSupport.tryMakeCancelling(JobSupport.kt:826)] [kotlinx.coroutines.JobSupport.makeCancelling(JobSupport.kt:786)] [kotlinx.coroutines.JobSupport.cancelImpl$kotlinx_coroutines_core(JobSupport.kt:702)] [kotlinx.coroutines.JobSupport.parentCancelled(JobSupport.kt:668)] [kotlinx.coroutines.ChildHandleNode.invoke(JobSupport.kt:1580)] [kotlinx.coroutines.JobSupport.notifyCancelling(JobSupport.kt:1604)] [kotlinx.coroutines.JobSupport.tryMakeCancelling(JobSupport.kt:826)] [kotlinx.coroutines.JobSupport.makeCancelling(JobSupport.kt:786)] [kotlinx.coroutines.JobSupport.cancelImpl$kotlinx_coroutines_core(JobSupport.kt:702)] [kotlinx.coroutines.JobSupport.parentCancelled(JobSupport.kt:668)] [kotlinx.coroutines.ChildHandleNode.invoke(JobSupport.kt:1580)] [kotlinx.coroutines.JobSupport.notifyCancelling(JobSupport.kt:1604)] [kotlinx.coroutines.JobSupport.tryMakeCancelling(JobSupport.kt:826)] [kotlinx.coroutines.JobSupport.makeCancelling(JobSupport.kt:786)] [kotlinx.coroutines.JobSupport.cancelImpl$kotlinx_coroutines_core(JobSupport.kt:702)] [kotlinx.coroutines.JobSupport.parentCancelled(JobSupport.kt:668)] [kotlinx.coroutines.ChildHandleNode.invoke(JobSupport.kt:1580)] [kotlinx.coroutines.JobSupport.notifyCancelling(JobSupport.kt:1604)] [kotlinx.coroutines.JobSupport.tryMakeCompletingSlowPath(JobSupport.kt:931)] [kotlinx.coroutines.JobSupport.tryMakeCompleting(JobSupport.kt:894)] [kotlinx.coroutines.JobSupport.cancelMakeCompleting(JobSupport.kt:727)] [kotlinx.coroutines.JobSupport.cancelImpl$kotlinx_coroutines_core(JobSupport.kt:698)] [kotlinx.coroutines.JobSupport.cancelInternal(JobSupport.kt:663)] [kotlinx.coroutines.JobSupport.cancel(JobSupport.kt:648)] [kotlinx.coroutines.JobKt__JobKt.cancel(Job.kt:563)] [kotlinx.coroutines.JobKt.cancel(Unknown Source:1)] [kotlinx.coroutines.JobKt__JobKt.cancel$default(Job.kt:562)] [kotlinx.coroutines.JobKt.cancel$default(Unknown Source:1)] [androidx.lifecycle.viewmodel.internal.CloseableCoroutineScope.close(CloseableCoroutineScope.kt:84)] [androidx.activity.OnBackPressedCallback$$ExternalSyntheticAutoCloseableDispatcher0.m(D8$$SyntheticClass:0)] [androidx.lifecycle.viewmodel.internal.ViewModelImpl.closeWithRuntimeException(ViewModelImpl.kt:126)] [androidx.lifecycle.viewmodel.internal.ViewModelImpl.access$closeWithRuntimeException(ViewModelImpl.kt:34)] [androidx.lifecycle.viewmodel.internal.ViewModelImpl.clear(ViewModelImpl.kt:82)] [androidx.lifecycle.ViewModel.clear$lifecycle_viewmodel(ViewModel.jvm.kt:67)] [androidx.lifecycle.ViewModelStore.clear(ViewModelStore.kt:58)] [androidx.navigation.NavControllerViewModel.clear(NavControllerViewModel.kt:36)] [androidx.navigation.internal.NavControllerImpl.markTransitionComplete$navigation_runtime_release(NavControllerIm
2026-02-07 16:49:21.521  1484-1484  MediaNavGraph           com.rpeters.jellyfin                 D  MoviesScreen: enable_immersive_ui=true, immersive_movies_browse=true, using immersive: true
2026-02-07 16:49:21.557  1484-1484  VRI[MainAc...y]@ea1b2c8 com.rpeters.jellyfin                 I  ViewPostIme pointer 0
2026-02-07 16:49:21.711  1484-1484  RealImageLoader         com.rpeters.jellyfin                 I   Successful (MEMORY_CACHE) - https://rpeters1428.huron.usbx.me/jellyfin/Items/c6fc4819-9c78-f063-8e73-edd943991c11/Images/Primary?maxHeight=400&maxWidth=400
2026-02-07 16:49:21.757  1484-1484  RealImageLoader         com.rpeters.jellyfin                 I   Successful (MEMORY_CACHE) - https://rpeters1428.huron.usbx.me/jellyfin/Items/4fef46a5-c3a1-2c2e-35a5-67ab47af8d0a/Images/Primary?maxHeight=400&maxWidth=400
2026-02-07 16:49:21.766  1484-1484  VRI[MainAc...y]@ea1b2c8 com.rpeters.jellyfin                 I  ViewPostIme pointer 1
