2026-02-03 20:12:10.139 17659-17659 BLASTBufferQueue_Java   com.rpeters.jellyfin                 I  new BLASTBufferQueue, mName= VRI[Pop-Up Window]@70ce132 mNativeObject= 0xb4000073e3d143a0 caller= android.view.ViewRootImpl.updateBlastSurfaceIfNeeded:3603 android.view.ViewRootImpl.relayoutWindow:11809 android.view.ViewRootImpl.performTraversals:4839 android.view.ViewRootImpl.doTraversal:3959 android.view.ViewRootImpl$TraversalRunnable.run:13030 android.view.Choreographer$CallbackRecord.run:1961 android.view.Choreographer$CallbackRecord.run:1970 android.view.Choreographer.doCallbacks:1423 android.view.Choreographer.doFrame:1348 android.view.Choreographer$FrameDisplayEventReceiver.run:1930
2026-02-03 20:12:10.139 17659-17659 BLASTBufferQueue_Java   com.rpeters.jellyfin                 I  update, w= 600 h= 780 mName = VRI[Pop-Up Window]@70ce132 mNativeObject= 0xb4000073e3d143a0 sc.mNativeObject= 0xb400007273dafd50 format= -3 caller= android.view.ViewRootImpl.updateBlastSurfaceIfNeeded:3608 android.view.ViewRootImpl.relayoutWindow:11809 android.view.ViewRootImpl.performTraversals:4839 android.view.ViewRootImpl.doTraversal:3959 android.view.ViewRootImpl$TraversalRunnable.run:13030 android.view.Choreographer$CallbackRecord.run:1961
2026-02-03 20:12:10.139 17659-17659 VRI[Pop-Up...w]@70ce132 com.rpeters.jellyfin                 I  Relayout returned: old=(128,0,3120,1440) new=(1905,532,2325,1132) relayoutAsync=false req=(420,600)0 dur=1 res=0x3 s={true 0xb400007333dbcc00} ch=true seqId=0
2026-02-03 20:12:10.139 17659-17659 VRI[Pop-Up...w]@70ce132 com.rpeters.jellyfin                 I  performConfigurationChange setNightDimText nightDimLevel=0
2026-02-03 20:12:10.140 17659-17659 VRI[Pop-Up...w]@70ce132 com.rpeters.jellyfin                 D  mThreadedRenderer.initialize() mSurface={isValid=true 0xb400007333dbcc00} hwInitialized=true
2026-02-03 20:12:10.142 17659-17659 VRI[Pop-Up...w]@70ce132 com.rpeters.jellyfin                 D  reportNextDraw android.view.ViewRootImpl.performTraversals:5503 android.view.ViewRootImpl.doTraversal:3959 android.view.ViewRootImpl$TraversalRunnable.run:13030 android.view.Choreographer$CallbackRecord.run:1961 android.view.Choreographer$CallbackRecord.run:1970
2026-02-03 20:12:10.142 17659-17659 VRI[Pop-Up...w]@70ce132 com.rpeters.jellyfin                 D  Setup new sync=wmsSync-VRI[Pop-Up Window]@70ce132#15
2026-02-03 20:12:10.142 17659-17659 VRI[Pop-Up...w]@70ce132 com.rpeters.jellyfin                 I  Creating new active sync group VRI[Pop-Up Window]@70ce132#16
2026-02-03 20:12:10.142 17659-17659 VRI[Pop-Up...w]@70ce132 com.rpeters.jellyfin                 D  registerCallbacksForSync syncBuffer=false
2026-02-03 20:12:10.144 17659-17755 VRI[Pop-Up...w]@70ce132 com.rpeters.jellyfin                 D  Received frameDrawingCallback syncResult=0 frameNum=1.
2026-02-03 20:12:10.144 17659-17755 VRI[Pop-Up...w]@70ce132 com.rpeters.jellyfin                 I  mWNT: t=0xb400007313da9260 mBlastBufferQueue=0xb4000073e3d143a0 fn= 1 HdrRenderState mRenderHdrSdrRatio=1.0 caller= android.view.ViewRootImpl$12.onFrameDraw:15557 android.view.ThreadedRenderer$1.onFrameDraw:751 <bottom of call stack>
2026-02-03 20:12:10.144 17659-17755 VRI[Pop-Up...w]@70ce132 com.rpeters.jellyfin                 I  Setting up sync and frameCommitCallback
2026-02-03 20:12:10.144 17659-17740 BLASTBufferQueue        com.rpeters.jellyfin                 I  [VRI[Pop-Up Window]@70ce132#5](f:0,a:0,s:0) onFrameAvailable the first frame is available
2026-02-03 20:12:10.144 17659-17740 SurfaceComposerClient   com.rpeters.jellyfin                 I  apply transaction with the first frame. layerId: 184916, bufferData(ID: 75844827480488, frameNumber: 1)
2026-02-03 20:12:10.144 17659-17740 VRI[Pop-Up...w]@70ce132 com.rpeters.jellyfin                 I  Received frameCommittedCallback lastAttemptedDrawFrameNum=1 didProduceBuffer=true
2026-02-03 20:12:10.144 17659-17740 HWUI                    com.rpeters.jellyfin                 D  CFMS:: SetUp Pid : 17659    Tid : 17740
2026-02-03 20:12:10.144 17659-17659 VRI[Pop-Up...w]@70ce132 com.rpeters.jellyfin                 D  reportDrawFinished seqId=0
2026-02-03 20:12:10.148 17659-17740 HWUI                    com.rpeters.jellyfin                 D  HWUI - treat SMPTE_170M as sRGB
2026-02-03 20:12:10.151 17659-17659 BLASTBufferQueue_Java   com.rpeters.jellyfin                 I  update, w= 600 h= 780 mName = VRI[Pop-Up Window]@70ce132 mNativeObject= 0xb4000073e3d143a0 sc.mNativeObject= 0xb400007273dafd50 format= -3 caller= android.view.ViewRootImpl.updateBlastSurfaceIfNeeded:3592 android.view.ViewRootImpl.relayoutWindow:11809 android.view.ViewRootImpl.performTraversals:4839 android.view.ViewRootImpl.doTraversal:3959 android.view.ViewRootImpl$TraversalRunnable.run:13030 android.view.Choreographer$CallbackRecord.run:1961
2026-02-03 20:12:10.151 17659-17659 VRI[Pop-Up...w]@70ce132 com.rpeters.jellyfin                 I  Relayout returned: old=(1905,532,2325,1132) new=(1905,532,2325,1132) relayoutAsync=true req=(420,600)0 dur=0 res=0x0 s={true 0xb400007333dbcc00} ch=false seqId=0
2026-02-03 20:12:10.151 17659-17659 VRI[Pop-Up...w]@70ce132 com.rpeters.jellyfin                 I  registerCallbackForPendingTransactions
2026-02-03 20:12:10.152 17659-17758 VRI[Pop-Up...w]@70ce132 com.rpeters.jellyfin                 I  mWNT: t=0xb400007313d4df30 mBlastBufferQueue=0xb4000073e3d143a0 fn= 2 HdrRenderState mRenderHdrSdrRatio=1.0 caller= android.view.ViewRootImpl$10.onFrameDraw:6611 android.view.ViewRootImpl$4.onFrameDraw:2485 android.view.ThreadedRenderer$1.onFrameDraw:751
2026-02-03 20:12:10.152 17659-17659 VRI[Pop-Up...w]@70ce132 com.rpeters.jellyfin                 I  handleResized, frames=ClientWindowFrames{frame=[1905,532][2325,1132] display=[128,0][3120,1440] parentFrame=[0,0][0,0] attachedFrame=[0,0][3120,1440]} displayId=0 dragResizing=false compatScale=1.0 frameChanged=false attachedFrameChanged=false configChanged=false displayChanged=false compatScaleChanged=false dragResizingChanged=false
2026-02-03 20:12:10.152 17659-17659 VRI[Pop-Up...w]@70ce132 com.rpeters.jellyfin                 I  handleResized mSyncSeqId = 0
2026-02-03 20:12:10.152 17659-17659 VRI[Pop-Up...w]@70ce132 com.rpeters.jellyfin                 D  reportNextDraw android.view.ViewRootImpl.handleResized:2995 android.view.ViewRootImpl.-$$Nest$mhandleResized:0 android.view.ViewRootImpl$W.resized:14196 android.app.servertransaction.WindowStateResizeItem.execute:81 android.app.servertransaction.WindowStateTransactionItem.execute:62
2026-02-03 20:12:10.156 17659-17659 BLASTBufferQueue_Java   com.rpeters.jellyfin                 I  update, w= 600 h= 780 mName = VRI[Pop-Up Window]@70ce132 mNativeObject= 0xb4000073e3d143a0 sc.mNativeObject= 0xb400007273dafd50 format= -3 caller= android.view.ViewRootImpl.updateBlastSurfaceIfNeeded:3592 android.view.ViewRootImpl.relayoutWindow:11809 android.view.ViewRootImpl.performTraversals:4839 android.view.ViewRootImpl.doTraversal:3959 android.view.ViewRootImpl$TraversalRunnable.run:13030 android.view.Choreographer$CallbackRecord.run:1961
2026-02-03 20:12:10.156 17659-17659 VRI[Pop-Up...w]@70ce132 com.rpeters.jellyfin                 I  Relayout returned: old=(1905,532,2325,1132) new=(1905,532,2325,1132) relayoutAsync=true req=(420,600)0 dur=0 res=0x0 s={true 0xb400007333dbcc00} ch=false seqId=0
2026-02-03 20:12:10.156 17659-17659 VRI[Pop-Up...w]@70ce132 com.rpeters.jellyfin                 D  Setup new sync=wmsSync-VRI[Pop-Up Window]@70ce132#17
2026-02-03 20:12:10.156 17659-17659 VRI[Pop-Up...w]@70ce132 com.rpeters.jellyfin                 I  Creating new active sync group VRI[Pop-Up Window]@70ce132#18
2026-02-03 20:12:10.156 17659-17659 VRI[Pop-Up...w]@70ce132 com.rpeters.jellyfin                 D  registerCallbacksForSync syncBuffer=false
2026-02-03 20:12:10.157 17659-17755 VRI[Pop-Up...w]@70ce132 com.rpeters.jellyfin                 D  Received frameDrawingCallback syncResult=0 frameNum=3.
2026-02-03 20:12:10.157 17659-17755 VRI[Pop-Up...w]@70ce132 com.rpeters.jellyfin                 I  mWNT: t=0xb400007313d3f5a0 mBlastBufferQueue=0xb4000073e3d143a0 fn= 3 HdrRenderState mRenderHdrSdrRatio=1.0 caller= android.view.ViewRootImpl$12.onFrameDraw:15557 android.view.ThreadedRenderer$1.onFrameDraw:751 <bottom of call stack>
2026-02-03 20:12:10.157 17659-17755 VRI[Pop-Up...w]@70ce132 com.rpeters.jellyfin                 I  Setting up sync and frameCommitCallback
2026-02-03 20:12:10.158 17659-17740 VRI[Pop-Up...w]@70ce132 com.rpeters.jellyfin                 I  Received frameCommittedCallback lastAttemptedDrawFrameNum=3 didProduceBuffer=true
2026-02-03 20:12:10.158 17659-17659 VRI[Pop-Up...w]@70ce132 com.rpeters.jellyfin                 D  reportDrawFinished seqId=0
2026-02-03 20:12:10.159 17659-17659 ImeFocusController      com.rpeters.jellyfin                 I  onPreWindowFocus: skipped hasWindowFocus=false mHasImeFocus=true
2026-02-03 20:12:10.159 17659-17659 ImeFocusController      com.rpeters.jellyfin                 I  onPostWindowFocus: skipped hasWindowFocus=false mHasImeFocus=true
2026-02-03 20:12:10.159 17659-17659 VRI[Pop-Up...w]@70ce132 com.rpeters.jellyfin                 D  mThreadedRenderer.initializeIfNeeded()#2 mSurface={isValid=true 0xb400007333dbcc00}
2026-02-03 20:12:10.160 17659-17659 InputMethodManagerUtils com.rpeters.jellyfin                 D  startInputInner - Id : 0
2026-02-03 20:12:10.160 17659-17659 InputMethodManager      com.rpeters.jellyfin                 I  startInputInner - IInputMethodManagerGlobalInvoker.startInputOrWindowGainedFocus
2026-02-03 20:12:10.160 17659-17659 InsetsController        com.rpeters.jellyfin                 D  hide(ime())
2026-02-03 20:12:10.160 17659-17659 ImeTracker              com.rpeters.jellyfin                 I  com.rpeters.jellyfin:44444793: onCancelled at PHASE_CLIENT_ALREADY_HIDDEN
2026-02-03 20:12:10.161 17659-17742 InputTransport          com.rpeters.jellyfin                 D  Input channel constructed: 'ClientS', fd=348
2026-02-03 20:12:10.507 17659-18118 RepositoryUtils         com.rpeters.jellyfin                 D  [VERBOSE] validateServer: Server validation passed for user rpeters1428 on https://rpeters1428.huron.usbx.me/jellyfin
2026-02-03 20:12:10.680 17659-18118 PlaybackProgressManager com.rpeters.jellyfin                 D  Reported progress at 15258ms for ed722338-a224-c138-d6be-5a759379850e
2026-02-03 20:12:10.917 17659-17659 VRI[Pop-Up...w]@70ce132 com.rpeters.jellyfin                 I  ViewPostIme pointer 0
2026-02-03 20:12:10.917 17659-17659 VRI[Pop-Up...w]@70ce132 com.rpeters.jellyfin                 I  call setFrameRateCategory for touch hint category=high hint, reason=touch, vri=VRI[Pop-Up Window]@70ce132
2026-02-03 20:12:10.966 17659-17659 VRI[Pop-Up...w]@70ce132 com.rpeters.jellyfin                 I  ViewPostIme pointer 1
2026-02-03 20:12:11.048 17659-17659 WindowManager           com.rpeters.jellyfin                 I  WindowManagerGlobal#removeView, ty=1002, view=androidx.compose.ui.window.PopupLayout{67653d V.E...... ......ID 0,0-420,600 #1020002 android:id/content aid=1073741826}, caller=android.view.WindowManagerGlobal.removeView:654 android.view.WindowManagerImpl.removeViewImmediate:254 androidx.compose.ui.window.PopupLayout.dismiss:812
2026-02-03 20:12:11.048 17659-17659 WindowOnBackDispatcher  com.rpeters.jellyfin                 D  setTopOnBackInvokedCallback (unwrapped): null
2026-02-03 20:12:11.051 17659-17659 VRI[Pop-Up...w]@70ce132 com.rpeters.jellyfin                 I  dispatchDetachedFromWindow
2026-02-03 20:12:11.055 17659-17659 InputTransport          com.rpeters.jellyfin                 D  Input channel destroyed: '9889aa9', fd=443
2026-02-03 20:12:11.057 17659-17659 LeakCanary              com.rpeters.jellyfin                 D  Watching instance of androidx.compose.ui.window.PopupLayout (androidx.compose.ui.window.PopupLayout received View#onDetachedFromWindow() callback) with key 54938bbd-9670-44d9-a658-88d41fb2b437
2026-02-03 20:12:11.072 17659-17659 VRI[VideoP...y]@a8454e2 com.rpeters.jellyfin                 D  mThreadedRenderer.initializeIfNeeded()#2 mSurface={isValid=true 0xb400007333d29e50}
2026-02-03 20:12:11.073 17659-17659 InputMethodManagerUtils com.rpeters.jellyfin                 D  startInputInner - Id : 0
2026-02-03 20:12:11.073 17659-17659 InputMethodManager      com.rpeters.jellyfin                 I  startInputInner - IInputMethodManagerGlobalInvoker.startInputOrWindowGainedFocus
2026-02-03 20:12:11.074 17659-17659 InsetsController        com.rpeters.jellyfin                 D  hide(ime())
2026-02-03 20:12:11.074 17659-17659 ImeTracker              com.rpeters.jellyfin                 I  com.rpeters.jellyfin:268059c7: onCancelled at PHASE_CLIENT_ALREADY_HIDDEN
2026-02-03 20:12:11.075 17659-17743 InputTransport          com.rpeters.jellyfin                 D  Input channel constructed: 'ClientS', fd=408
2026-02-03 20:12:11.529 17659-17668 peters.jellyfin         com.rpeters.jellyfin                 I  Compiler allocated 4760KB to compile kotlin.Unit com.rpeters.jellyfin.ui.player.ExpressiveVideoControlsKt.ExpressiveTopControls$lambda$2$0(com.rpeters.jellyfin.ui.player.VideoPlayerState, kotlin.jvm.functions.Function0, kotlin.jvm.functions.Function0, androidx.compose.runtime.Composer, int)
2026-02-03 20:12:11.707 17659-17659 VRI[VideoP...y]@a8454e2 com.rpeters.jellyfin                 I  ViewPostIme pointer 0
2026-02-03 20:12:11.756 17659-17659 VRI[VideoP...y]@a8454e2 com.rpeters.jellyfin                 I  ViewPostIme pointer 1
2026-02-03 20:12:11.765 17659-17659 WindowManager           com.rpeters.jellyfin                 I  WindowManagerGlobal#addView, ty=1002, view=androidx.compose.ui.window.PopupLayout{3cd4770 V.E...... ......I. 0,0-0,0 #1020002 android:id/content}, caller=android.view.WindowManagerImpl.addView:167 androidx.compose.ui.window.PopupLayout.show:581 androidx.compose.ui.window.AndroidPopup_androidKt$Popup$2$1.invoke:340
2026-02-03 20:12:11.765 17659-17659 ViewRootImpl            com.rpeters.jellyfin                 D  desktopMode is false
2026-02-03 20:12:11.765 17659-17659 ViewRootImpl            com.rpeters.jellyfin                 I  dVRR is disabled
2026-02-03 20:12:11.765 17659-17740 NativeCust...ncyManager com.rpeters.jellyfin                 D  [NativeCFMS] BpCustomFrequencyManager::BpCustomFrequencyManager()
2026-02-03 20:12:11.768 17659-17758 perf_hint               com.rpeters.jellyfin                 E  Session ID too large, must fit 32-bit integer
2026-02-03 20:12:11.768 17659-17659 InputTransport          com.rpeters.jellyfin                 D  Input channel constructed: 'a7b749f', fd=297
2026-02-03 20:12:11.768 17659-17659 InsetsController        com.rpeters.jellyfin                 I  onStateChanged: host=Pop-Up Window, from=android.view.ViewRootImpl.onInsetsStateChanged:3038, state=InsetsState: {mDisplayFrame=Rect(0, 0 - 3120, 1440), mDisplayCutout=DisplayCutout{insets=Rect(128, 0 - 0, 0) waterfall=Insets{left=0, top=0, right=0, bottom=0} boundingRect={Bounds=[Rect(0, 685 - 128, 755), Rect(0, 0 - 0, 0), Rect(0, 0 - 0, 0), Rect(0, 0 - 0, 0)]} cutoutPathParserInfo={CutoutPathParserInfo{displayWidth=1440 displayHeight=3120 physicalDisplayWidth=1440 physicalDisplayHeight=3120 density={3.75} cutoutSpec={M 0,0 H -9.333333333333333 V 34.13333333333333 H 9.333333333333333 V 0 H 0 Z @dp} rotation={1} scale={1.0} physicalPixelDisplaySizeRatio={1.0}}} sideOverrides={}}, mRoundedCorners=RoundedCorners{[RoundedCorner{position=TopLeft, radius=56, center=Point(56, 56)}, RoundedCorner{position=TopRight, radius=56, center=Point(3064, 56)}, RoundedCorner{position=BottomRight, radius=56, center=Point(3064, 1384)}, RoundedCorner{position=BottomLeft, radius=56, center=Point(56, 1384)}]}  mRoundedCornerFrame=Rect(0, 0 - 3120, 1440), mPrivacyIndicatorBounds=PrivacyIndicatorBounds {static bounds=Rect(2955, 0 - 3120, 113) rotation=1}, mDisplayShape=DisplayShape{ spec=-311912193 displayWidth=1440 displayHeight=3120 physicalPixelDisplaySizeRatio=1.0 rotation=1 offsetX=0 offsetY=0 scale=1.0}, mSources= { InsetsSource: {91450001 mType=navigationBars mFrame=[0,1384][3120,1440] mAttachedInsets=null mVisible=false mFlags=SUPPRESS_SCRIM mSideHint=BOTTOM mBoundingRects=null}, InsetsSource: {91450004 mType=systemGestures mFrame=[0,0][240,1440] mAttachedInsets=null mVisible=true mFlags= mSideHint=LEFT mBoundingRects=null}, InsetsSource: {91450005 mType=mandatorySystemGestures mFrame=[0,1320][3120,1440] mAttachedInsets=null mVisible=true mFlags= mSideHint=BOTTOM mBoundingRects=null}, InsetsSource: {91450006 mType=tappableElement mFrame=[0,0][0,0] mAttachedInsets=null mVisible=true mFlags= mSideHint=NONE mBoundingRects=null}, InsetsSource: {91450024 mType=systemGestures mFrame=[3008,0][3120,1440] mAttachedInsets=null mVisible=true mFlags= mSideHint=RIGHT mBoundingRects=null}, InsetsSource: {9c550000 mType=statusBars mFrame=[0,0][3120,113] mAttachedInsets=null mVisible=false mFlags= mSideHint=TOP mBoundingRects=null}, InsetsSource: {9c550005 mType=mandatorySystemGestures mFrame=[0,0][3120,113] mAttachedInsets=null mVisible=true mFlags= mSideHint=TOP mBoundingRects=null}, InsetsSource: {9c550006 mType=tappableElement mFrame=[0,0][3120,113] mAttachedInsets=null mVisible=true mFlags= mSideHint=TOP mBoundingRects=null}, InsetsSource: {3 mType=ime mFrame=[0,0][0,0] mAttachedInsets=null mVisible=false mFlags=INVALID mSideHint=NONE mBoundingRects=null}, InsetsSource: {7 mType=displayCutout mFrame=[0,0][128,1440] mAttachedInsets=null mVisible=true mFlags= mSideHint=LEFT mBoundingRects=null} }
2026-02-03 20:12:11.768 17659-17659 VRI[Pop-Up...w]@acbbae9 com.rpeters.jellyfin                 I  synced displayState. AttachInfo displayState=2
2026-02-03 20:12:11.769 17659-17659 VRI[Pop-Up...w]@acbbae9 com.rpeters.jellyfin                 I  setView = androidx.compose.ui.window.PopupLayout@3cd4770 IsHRR=false mFlingFrameRateChange=0 TM=true
2026-02-03 20:12:11.773 17659-17659 WindowOnBackDispatcher  com.rpeters.jellyfin                 D  setTopOnBackInvokedCallback (unwrapped): androidx.compose.ui.window.Api33Impl$$ExternalSyntheticLambda0@eff0c07
2026-02-03 20:12:11.785 17659-17659 BufferQueueProducer     com.rpeters.jellyfin                 I  [](id:44fb00000006,api:0,p:601192560,c:17659) setDequeueTimeout:2077252342
2026-02-03 20:12:11.785 17659-17659 BLASTBufferQueue_Java   com.rpeters.jellyfin                 I  new BLASTBufferQueue, mName= VRI[Pop-Up Window]@acbbae9 mNativeObject= 0xb4000073e3d022a0 caller= android.view.ViewRootImpl.updateBlastSurfaceIfNeeded:3603 android.view.ViewRootImpl.relayoutWindow:11809 android.view.ViewRootImpl.performTraversals:4839 android.view.ViewRootImpl.doTraversal:3959 android.view.ViewRootImpl$TraversalRunnable.run:13030 android.view.Choreographer$CallbackRecord.run:1961 android.view.Choreographer$CallbackRecord.run:1970 android.view.Choreographer.doCallbacks:1423 android.view.Choreographer.doFrame:1348 android.view.Choreographer$FrameDisplayEventReceiver.run:1930
2026-02-03 20:12:11.785 17659-17659 BLASTBufferQueue_Java   com.rpeters.jellyfin                 I  update, w= 600 h= 780 mName = VRI[Pop-Up Window]@acbbae9 mNativeObject= 0xb4000073e3d022a0 sc.mNativeObject= 0xb400007273d0f550 format= -3 caller= android.view.ViewRootImpl.updateBlastSurfaceIfNeeded:3608 android.view.ViewRootImpl.relayoutWindow:11809 android.view.ViewRootImpl.performTraversals:4839 android.view.ViewRootImpl.doTraversal:3959 android.view.ViewRootImpl$TraversalRunnable.run:13030 android.view.Choreographer$CallbackRecord.run:1961
2026-02-03 20:12:11.786 17659-17659 VRI[Pop-Up...w]@acbbae9 com.rpeters.jellyfin                 I  Relayout returned: old=(128,0,3120,1440) new=(1905,532,2325,1132) relayoutAsync=false req=(420,600)0 dur=1 res=0x3 s={true 0xb400007333db7ec0} ch=true seqId=0
2026-02-03 20:12:11.786 17659-17659 VRI[Pop-Up...w]@acbbae9 com.rpeters.jellyfin                 I  performConfigurationChange setNightDimText nightDimLevel=0
2026-02-03 20:12:11.786 17659-17659 VRI[Pop-Up...w]@acbbae9 com.rpeters.jellyfin                 D  mThreadedRenderer.initialize() mSurface={isValid=true 0xb400007333db7ec0} hwInitialized=true
2026-02-03 20:12:11.789 17659-17659 VRI[Pop-Up...w]@acbbae9 com.rpeters.jellyfin                 D  reportNextDraw android.view.ViewRootImpl.performTraversals:5503 android.view.ViewRootImpl.doTraversal:3959 android.view.ViewRootImpl$TraversalRunnable.run:13030 android.view.Choreographer$CallbackRecord.run:1961 android.view.Choreographer$CallbackRecord.run:1970
2026-02-03 20:12:11.789 17659-17659 VRI[Pop-Up...w]@acbbae9 com.rpeters.jellyfin                 D  Setup new sync=wmsSync-VRI[Pop-Up Window]@acbbae9#19
2026-02-03 20:12:11.789 17659-17659 VRI[Pop-Up...w]@acbbae9 com.rpeters.jellyfin                 I  Creating new active sync group VRI[Pop-Up Window]@acbbae9#20
2026-02-03 20:12:11.789 17659-17659 VRI[Pop-Up...w]@acbbae9 com.rpeters.jellyfin                 D  registerCallbacksForSync syncBuffer=false
2026-02-03 20:12:11.790 17659-17755 VRI[Pop-Up...w]@acbbae9 com.rpeters.jellyfin                 D  Received frameDrawingCallback syncResult=0 frameNum=1.
2026-02-03 20:12:11.790 17659-17755 VRI[Pop-Up...w]@acbbae9 com.rpeters.jellyfin                 I  mWNT: t=0xb400007313df4980 mBlastBufferQueue=0xb4000073e3d022a0 fn= 1 HdrRenderState mRenderHdrSdrRatio=1.0 caller= android.view.ViewRootImpl$12.onFrameDraw:15557 android.view.ThreadedRenderer$1.onFrameDraw:751 <bottom of call stack>
2026-02-03 20:12:11.790 17659-17755 VRI[Pop-Up...w]@acbbae9 com.rpeters.jellyfin                 I  Setting up sync and frameCommitCallback
2026-02-03 20:12:11.791 17659-17740 BLASTBufferQueue        com.rpeters.jellyfin                 I  [VRI[Pop-Up Window]@acbbae9#6](f:0,a:0,s:0) onFrameAvailable the first frame is available
2026-02-03 20:12:11.791 17659-17740 SurfaceComposerClient   com.rpeters.jellyfin                 I  apply transaction with the first frame. layerId: 184922, bufferData(ID: 75844827480529, frameNumber: 1)
2026-02-03 20:12:11.791 17659-17740 VRI[Pop-Up...w]@acbbae9 com.rpeters.jellyfin                 I  Received frameCommittedCallback lastAttemptedDrawFrameNum=1 didProduceBuffer=true
2026-02-03 20:12:11.791 17659-17740 HWUI                    com.rpeters.jellyfin                 D  CFMS:: SetUp Pid : 17659    Tid : 17740
2026-02-03 20:12:11.791 17659-17659 VRI[Pop-Up...w]@acbbae9 com.rpeters.jellyfin                 D  reportDrawFinished seqId=0
2026-02-03 20:12:11.795 17659-17740 HWUI                    com.rpeters.jellyfin                 D  HWUI - treat SMPTE_170M as sRGB
2026-02-03 20:12:11.798 17659-17659 BLASTBufferQueue_Java   com.rpeters.jellyfin                 I  update, w= 600 h= 780 mName = VRI[Pop-Up Window]@acbbae9 mNativeObject= 0xb4000073e3d022a0 sc.mNativeObject= 0xb400007273d0f550 format= -3 caller= android.view.ViewRootImpl.updateBlastSurfaceIfNeeded:3592 android.view.ViewRootImpl.relayoutWindow:11809 android.view.ViewRootImpl.performTraversals:4839 android.view.ViewRootImpl.doTraversal:3959 android.view.ViewRootImpl$TraversalRunnable.run:13030 android.view.Choreographer$CallbackRecord.run:1961
2026-02-03 20:12:11.798 17659-17659 VRI[Pop-Up...w]@acbbae9 com.rpeters.jellyfin                 I  Relayout returned: old=(1905,532,2325,1132) new=(1905,532,2325,1132) relayoutAsync=true req=(420,600)0 dur=1 res=0x0 s={true 0xb400007333db7ec0} ch=false seqId=0
2026-02-03 20:12:11.798 17659-17659 VRI[Pop-Up...w]@acbbae9 com.rpeters.jellyfin                 I  registerCallbackForPendingTransactions
2026-02-03 20:12:11.798 17659-17758 VRI[Pop-Up...w]@acbbae9 com.rpeters.jellyfin                 I  mWNT: t=0xb400007313df9820 mBlastBufferQueue=0xb4000073e3d022a0 fn= 2 HdrRenderState mRenderHdrSdrRatio=1.0 caller= android.view.ViewRootImpl$10.onFrameDraw:6611 android.view.ViewRootImpl$4.onFrameDraw:2485 android.view.ThreadedRenderer$1.onFrameDraw:751
2026-02-03 20:12:11.799 17659-17659 VRI[Pop-Up...w]@acbbae9 com.rpeters.jellyfin                 I  handleResized, frames=ClientWindowFrames{frame=[1905,532][2325,1132] display=[128,0][3120,1440] parentFrame=[0,0][0,0] attachedFrame=[0,0][3120,1440]} displayId=0 dragResizing=false compatScale=1.0 frameChanged=false attachedFrameChanged=false configChanged=false displayChanged=false compatScaleChanged=false dragResizingChanged=false
2026-02-03 20:12:11.799 17659-17659 VRI[Pop-Up...w]@acbbae9 com.rpeters.jellyfin                 I  handleResized mSyncSeqId = 0
2026-02-03 20:12:11.799 17659-17659 VRI[Pop-Up...w]@acbbae9 com.rpeters.jellyfin                 D  reportNextDraw android.view.ViewRootImpl.handleResized:2995 android.view.ViewRootImpl.-$$Nest$mhandleResized:0 android.view.ViewRootImpl$W.resized:14196 android.app.servertransaction.WindowStateResizeItem.execute:81 android.app.servertransaction.WindowStateTransactionItem.execute:62
2026-02-03 20:12:11.804 17659-17659 BLASTBufferQueue_Java   com.rpeters.jellyfin                 I  update, w= 600 h= 780 mName = VRI[Pop-Up Window]@acbbae9 mNativeObject= 0xb4000073e3d022a0 sc.mNativeObject= 0xb400007273d0f550 format= -3 caller= android.view.ViewRootImpl.updateBlastSurfaceIfNeeded:3592 android.view.ViewRootImpl.relayoutWindow:11809 android.view.ViewRootImpl.performTraversals:4839 android.view.ViewRootImpl.doTraversal:3959 android.view.ViewRootImpl$TraversalRunnable.run:13030 android.view.Choreographer$CallbackRecord.run:1961
2026-02-03 20:12:11.804 17659-17659 VRI[Pop-Up...w]@acbbae9 com.rpeters.jellyfin                 I  Relayout returned: old=(1905,532,2325,1132) new=(1905,532,2325,1132) relayoutAsync=true req=(420,600)0 dur=0 res=0x0 s={true 0xb400007333db7ec0} ch=false seqId=0
2026-02-03 20:12:11.804 17659-17659 VRI[Pop-Up...w]@acbbae9 com.rpeters.jellyfin                 D  Setup new sync=wmsSync-VRI[Pop-Up Window]@acbbae9#21
2026-02-03 20:12:11.804 17659-17659 VRI[Pop-Up...w]@acbbae9 com.rpeters.jellyfin                 I  Creating new active sync group VRI[Pop-Up Window]@acbbae9#22
2026-02-03 20:12:11.804 17659-17659 VRI[Pop-Up...w]@acbbae9 com.rpeters.jellyfin                 D  registerCallbacksForSync syncBuffer=false
2026-02-03 20:12:11.805 17659-17755 VRI[Pop-Up...w]@acbbae9 com.rpeters.jellyfin                 D  Received frameDrawingCallback syncResult=0 frameNum=3.
2026-02-03 20:12:11.805 17659-17755 VRI[Pop-Up...w]@acbbae9 com.rpeters.jellyfin                 I  mWNT: t=0xb400007313dccd90 mBlastBufferQueue=0xb4000073e3d022a0 fn= 3 HdrRenderState mRenderHdrSdrRatio=1.0 caller= android.view.ViewRootImpl$12.onFrameDraw:15557 android.view.ThreadedRenderer$1.onFrameDraw:751 <bottom of call stack>
2026-02-03 20:12:11.805 17659-17755 VRI[Pop-Up...w]@acbbae9 com.rpeters.jellyfin                 I  Setting up sync and frameCommitCallback
2026-02-03 20:12:11.805 17659-17740 VRI[Pop-Up...w]@acbbae9 com.rpeters.jellyfin                 I  Received frameCommittedCallback lastAttemptedDrawFrameNum=3 didProduceBuffer=true
2026-02-03 20:12:11.805 17659-17659 VRI[Pop-Up...w]@acbbae9 com.rpeters.jellyfin                 D  reportDrawFinished seqId=0
2026-02-03 20:12:11.806 17659-17659 ImeFocusController      com.rpeters.jellyfin                 I  onPreWindowFocus: skipped hasWindowFocus=false mHasImeFocus=true
2026-02-03 20:12:11.806 17659-17659 ImeFocusController      com.rpeters.jellyfin                 I  onPostWindowFocus: skipped hasWindowFocus=false mHasImeFocus=true
2026-02-03 20:12:11.807 17659-17659 VRI[Pop-Up...w]@acbbae9 com.rpeters.jellyfin                 D  mThreadedRenderer.initializeIfNeeded()#2 mSurface={isValid=true 0xb400007333db7ec0}
2026-02-03 20:12:11.807 17659-17659 InputMethodManagerUtils com.rpeters.jellyfin                 D  startInputInner - Id : 0
2026-02-03 20:12:11.807 17659-17659 InputMethodManager      com.rpeters.jellyfin                 I  startInputInner - IInputMethodManagerGlobalInvoker.startInputOrWindowGainedFocus
2026-02-03 20:12:11.808 17659-17659 InsetsController        com.rpeters.jellyfin                 D  hide(ime())
2026-02-03 20:12:11.808 17659-17659 ImeTracker              com.rpeters.jellyfin                 I  com.rpeters.jellyfin:9f3b79d1: onCancelled at PHASE_CLIENT_ALREADY_HIDDEN
2026-02-03 20:12:11.808 17659-17742 InputTransport          com.rpeters.jellyfin                 D  Input channel constructed: 'ClientS', fd=442
2026-02-03 20:12:12.332 17659-17733 RepositoryUtils         com.rpeters.jellyfin                 D  [VERBOSE] validateServer: Server validation passed for user rpeters1428 on https://rpeters1428.huron.usbx.me/jellyfin
2026-02-03 20:12:12.553 17659-17659 PlaybackProgressManager com.rpeters.jellyfin                 D  Reported progress at 16763ms for ed722338-a224-c138-d6be-5a759379850e
2026-02-03 20:12:12.614 17659-17659 VRI[Pop-Up...w]@acbbae9 com.rpeters.jellyfin                 I  ViewPostIme pointer 0
2026-02-03 20:12:12.616 17659-17659 VRI[Pop-Up...w]@acbbae9 com.rpeters.jellyfin                 I  call setFrameRateCategory for touch hint category=high hint, reason=touch, vri=VRI[Pop-Up Window]@acbbae9
2026-02-03 20:12:12.627 17659-17659 BLASTBufferQueue_Java   com.rpeters.jellyfin                 I  update, w= 600 h= 780 mName = VRI[Pop-Up Window]@acbbae9 mNativeObject= 0xb4000073e3d022a0 sc.mNativeObject= 0xb400007273d0f550 format= -3 caller= android.view.ViewRootImpl.updateBlastSurfaceIfNeeded:3592 android.view.ViewRootImpl.relayoutWindow:11809 android.view.ViewRootImpl.performTraversals:4839 android.view.ViewRootImpl.doTraversal:3959 android.view.ViewRootImpl$TraversalRunnable.run:13030 android.view.Choreographer$CallbackRecord.run:1961
2026-02-03 20:12:12.627 17659-17659 VRI[Pop-Up...w]@acbbae9 com.rpeters.jellyfin                 I  Relayout returned: old=(1905,532,2325,1132) new=(1905,532,2325,1132) relayoutAsync=true req=(420,600)0 dur=0 res=0x0 s={true 0xb400007333db7ec0} ch=false seqId=0
2026-02-03 20:12:12.628 17659-17659 VRI[Pop-Up...w]@acbbae9 com.rpeters.jellyfin                 I  registerCallbackForPendingTransactions
2026-02-03 20:12:12.628 17659-17758 VRI[Pop-Up...w]@acbbae9 com.rpeters.jellyfin                 I  mWNT: t=0xb400007313d61510 mBlastBufferQueue=0xb4000073e3d022a0 fn= 18 HdrRenderState mRenderHdrSdrRatio=1.0 caller= android.view.ViewRootImpl$10.onFrameDraw:6611 android.view.ViewRootImpl$4.onFrameDraw:2485 android.view.ThreadedRenderer$1.onFrameDraw:751
2026-02-03 20:12:12.628 17659-17740 BLASTBufferQueue_Java   com.rpeters.jellyfin                 I  applyPendingTransactions, mName= VRI[Pop-Up Window]@acbbae9 mNativeObject= 0xb4000073e3d022a0 frameNumber= 18 caller= android.view.ViewRootImpl$10.lambda$onFrameDraw$0:6625 android.view.ViewRootImpl$10.$r8$lambda$9Asgene6-vG9RkigzOD8vEb0AKc:0 android.view.ViewRootImpl$10$$ExternalSyntheticLambda0.onFrameCommit:0 android.view.ThreadedRenderer$1.lambda$onFrameDraw$0:763 android.view.ThreadedRenderer$1$$ExternalSyntheticLambda0.onFrameCommit:0 <bottom of call stack>
2026-02-03 20:12:12.680 17659-17659 VRI[Pop-Up...w]@acbbae9 com.rpeters.jellyfin                 I  ViewPostIme pointer 1
2026-02-03 20:12:12.698 17659-17659 SurfaceView             com.rpeters.jellyfin                 I  241843296 Changes: creating=false format=false size=true visible=false alpha=false hint=false left=true top=false z=false attached=true lifecycleStrategy=false
2026-02-03 20:12:12.698 17659-17659 SurfaceView             com.rpeters.jellyfin                 I  241843296 Cur surface: Surface(name=null mNativeObject=-5476376652090623472)/@0x924d465
2026-02-03 20:12:12.699 17659-17659 BLASTBufferQueue_Java   com.rpeters.jellyfin                 I  update, w= 3120 h= 1440 mName = e6a3c60 SurfaceView[com.rpeters.jellyfin/com.rpeters.jellyfin.ui.player.VideoPlayerActivity]@0 mNativeObject= 0xb4000073e3d21c60 sc.mNativeObject= 0xb400007273d9b290 format= 4 caller= android.view.SurfaceView.setBufferSize:1800 android.view.SurfaceView.performSurfaceTransaction:1295 android.view.SurfaceView.updateSurface:1550 android.view.SurfaceView.setFrame:746 android.view.View.layout:27355 android.widget.FrameLayout.layoutChildren:345
2026-02-03 20:12:12.699 17659-17659 SV[2418432...rActivity] com.rpeters.jellyfin                 I  pST: sr = Rect(0, 0 - 3120, 1440) sw = 3120 sh = 1440
2026-02-03 20:12:12.699 17659-17659 SurfaceView             com.rpeters.jellyfin                 D  241843296 performSurfaceTransaction RenderWorker position = [0, 0, 3120, 1440] surfaceSize = 3120x1440
2026-02-03 20:12:12.699 17659-17659 SV[2418432...rActivity] com.rpeters.jellyfin                 I  updateSurface: mVisible = true mSurface.isValid() = true
2026-02-03 20:12:12.699 17659-17659 SV[2418432...rActivity] com.rpeters.jellyfin                 I  updateSurface: mSurfaceCreated = true surfaceChanged = false visibleChanged = false
2026-02-03 20:12:12.699 17659-17659 SurfaceView             com.rpeters.jellyfin                 I  241843296 surfaceChanged -- format=4 w=3120 h=1440
2026-02-03 20:12:12.699 17659-17659 SV[2418432...rActivity] com.rpeters.jellyfin                 I  surfaceChanged (3120,1440) 1 #5 android.view.SurfaceView{e6a3c60 V.E...... ......ID 0,0-3120,1440}
2026-02-03 20:12:12.699 17659-17659 SurfaceView             com.rpeters.jellyfin                 I  241843296 surfaceRedrawNeeded
2026-02-03 20:12:12.699 17659-17659 SurfaceView             com.rpeters.jellyfin                 I  241843296 finishedDrawing
2026-02-03 20:12:12.699 17659-17659 SurfaceView             com.rpeters.jellyfin                 V  Layout: x=0 y=0 w=3120 h=1440, frame=Rect(0, 0 - 3120, 1440)
2026-02-03 20:12:12.701 17659-17740 SurfaceView             com.rpeters.jellyfin                 D  241843296 updateSurfacePosition RenderWorker, frameNr = 1185, position = [0, 0, 3120, 1440] surfaceSize = 3120x1440
2026-02-03 20:12:12.701 17659-17740 SV[2418432...rActivity] com.rpeters.jellyfin                 I  uSP: rtp = Rect(0, 0 - 3120, 1440) rtsw = 3120 rtsh = 1440
2026-02-03 20:12:12.701 17659-17740 SV[2418432...rActivity] com.rpeters.jellyfin                 I  onSSPAndSRT: pl = 0 pt = 0 sx = 1.0 sy = 1.0
2026-02-03 20:12:12.701 17659-17740 SV[2418432...rActivity] com.rpeters.jellyfin                 I  aOrMT: VRI[VideoPlayerActivity]@a8454e2 t = android.view.SurfaceControl$Transaction@a5f09d fN = 1185 android.view.SurfaceView.-$$Nest$mapplyOrMergeTransaction:0 android.view.SurfaceView$SurfaceViewPositionUpdateListener.positionChanged:2029 android.graphics.RenderNode$CompositePositionUpdateListener.positionChanged:401
2026-02-03 20:12:12.701 17659-17740 VRI[VideoP...y]@a8454e2 com.rpeters.jellyfin                 I  mWNT: t=0xb400007313d64a40 mBlastBufferQueue=0xb4000073e3d53720 fn= 1185 HdrRenderState mRenderHdrSdrRatio=1.0 caller= android.view.SurfaceView.applyOrMergeTransaction:1960 android.view.SurfaceView.-$$Nest$mapplyOrMergeTransaction:0 android.view.SurfaceView$SurfaceViewPositionUpdateListener.positionChanged:2029
2026-02-03 20:12:12.701 17659-17659 VRI[VideoP...y]@a8454e2 com.rpeters.jellyfin                 I  mWNT: t=0xb400007313db1190 mBlastBufferQueue=0xb4000073e3d53720 fn= 0 HdrRenderState mRenderHdrSdrRatio=1.0 caller= android.view.ViewRootImpl.performTraversals:5617 android.view.ViewRootImpl.doTraversal:3959 android.view.ViewRootImpl$TraversalRunnable.run:13030
2026-02-03 20:12:12.706 17659-17659 BLASTBufferQueue_Java   com.rpeters.jellyfin                 I  update, w= 600 h= 780 mName = VRI[Pop-Up Window]@acbbae9 mNativeObject= 0xb4000073e3d022a0 sc.mNativeObject= 0xb400007273d0f550 format= -3 caller= android.view.ViewRootImpl.updateBlastSurfaceIfNeeded:3592 android.view.ViewRootImpl.relayoutWindow:11809 android.view.ViewRootImpl.performTraversals:4839 android.view.ViewRootImpl.doTraversal:3959 android.view.ViewRootImpl$TraversalRunnable.run:13030 android.view.Choreographer$CallbackRecord.run:1961
2026-02-03 20:12:12.707 17659-17659 VRI[Pop-Up...w]@acbbae9 com.rpeters.jellyfin                 I  Relayout returned: old=(1905,532,2325,1132) new=(1905,532,2325,1132) relayoutAsync=true req=(420,600)0 dur=0 res=0x0 s={true 0xb400007333db7ec0} ch=false seqId=0
2026-02-03 20:12:12.707 17659-17659 VRI[Pop-Up...w]@acbbae9 com.rpeters.jellyfin                 I  registerCallbackForPendingTransactions
2026-02-03 20:12:12.707 17659-17755 VRI[Pop-Up...w]@acbbae9 com.rpeters.jellyfin                 I  mWNT: t=0xb400007313d8cd20 mBlastBufferQueue=0xb4000073e3d022a0 fn= 20 HdrRenderState mRenderHdrSdrRatio=1.0 caller= android.view.ViewRootImpl$10.onFrameDraw:6611 android.view.ViewRootImpl$4.onFrameDraw:2485 android.view.ThreadedRenderer$1.onFrameDraw:751
2026-02-03 20:12:12.822 17659-17659 WindowManager           com.rpeters.jellyfin                 I  WindowManagerGlobal#removeView, ty=1002, view=androidx.compose.ui.window.PopupLayout{3cd4770 V.E...... ......ID 0,0-420,600 #1020002 android:id/content aid=1073741828}, caller=android.view.WindowManagerGlobal.removeView:654 android.view.WindowManagerImpl.removeViewImmediate:254 androidx.compose.ui.window.PopupLayout.dismiss:812
2026-02-03 20:12:12.822 17659-17659 WindowOnBackDispatcher  com.rpeters.jellyfin                 D  setTopOnBackInvokedCallback (unwrapped): null
2026-02-03 20:12:12.824 17659-17740 HWUI                    com.rpeters.jellyfin                 D  endAllActiveAnimators on 0xb400007333e3de70 (UnprojectedRipple) with handle 0xb400007233ec33c0
2026-02-03 20:12:12.824 17659-17659 VRI[Pop-Up...w]@acbbae9 com.rpeters.jellyfin                 I  dispatchDetachedFromWindow
2026-02-03 20:12:12.827 17659-17659 InputTransport          com.rpeters.jellyfin                 D  Input channel destroyed: 'a7b749f', fd=297
2026-02-03 20:12:12.830 17659-17659 LeakCanary              com.rpeters.jellyfin                 D  Watching instance of androidx.compose.ui.window.PopupLayout (androidx.compose.ui.window.PopupLayout received View#onDetachedFromWindow() callback) with key 8ab5bddd-56e8-444c-beb7-3eddaadf32fb
2026-02-03 20:12:12.837 17659-17659 VRI[VideoP...y]@a8454e2 com.rpeters.jellyfin                 D  mThreadedRenderer.initializeIfNeeded()#2 mSurface={isValid=true 0xb400007333d29e50}
2026-02-03 20:12:12.837 17659-17659 InputMethodManagerUtils com.rpeters.jellyfin                 D  startInputInner - Id : 0
2026-02-03 20:12:12.837 17659-17659 InputMethodManager      com.rpeters.jellyfin                 I  startInputInner - IInputMethodManagerGlobalInvoker.startInputOrWindowGainedFocus
2026-02-03 20:12:12.838 17659-17659 InsetsController        com.rpeters.jellyfin                 D  hide(ime())
2026-02-03 20:12:12.838 17659-17659 ImeTracker              com.rpeters.jellyfin                 I  com.rpeters.jellyfin:2f7eb1e: onCancelled at PHASE_CLIENT_ALREADY_HIDDEN
2026-02-03 20:12:12.838 17659-17743 InputTransport          com.rpeters.jellyfin                 D  Input channel constructed: 'ClientS', fd=349
2026-02-03 20:12:13.569 17659-17676 InputTransport          com.rpeters.jellyfin                 D  Input channel destroyed: 'ClientS', fd=349
2026-02-03 20:12:13.569 17659-17676 InputTransport          com.rpeters.jellyfin                 D  Input channel destroyed: 'ClientS', fd=442
2026-02-03 20:12:13.570 17659-17676 InputTransport          com.rpeters.jellyfin                 D  Input channel destroyed: 'ClientS', fd=408
2026-02-03 20:12:13.570 17659-17676 InputTransport          com.rpeters.jellyfin                 D  Input channel destroyed: 'ClientS', fd=348
2026-02-03 20:12:14.671 17659-17659 VRI[VideoP...y]@a8454e2 com.rpeters.jellyfin                 I  ViewPostIme pointer 0
2026-02-03 20:12:14.736 17659-17659 VRI[VideoP...y]@a8454e2 com.rpeters.jellyfin                 I  ViewPostIme pointer 1
2026-02-03 20:12:14.897 17659-18579 AidlBufferPool          com.rpeters.jellyfin                 D  bufferpool2 0xb400007313dcf548 : 5(28800 size) total buffers - 1(5760 size) used buffers - 1032/1037 (recycle/alloc) - 5/2070 (fetch/transfer)
2026-02-03 20:12:15.050 17659-17742 AidlBufferPool          com.rpeters.jellyfin                 D  bufferpool2 0xb400007313df50d8 : 11(92274688 size) total buffers - 11(92274688 size) used buffers - 492/503 (recycle/alloc) - 11/503 (fetch/transfer)
2026-02-03 20:12:15.509 17659-17733 RepositoryUtils         com.rpeters.jellyfin                 D  [VERBOSE] validateServer: Server validation passed for user rpeters1428 on https://rpeters1428.huron.usbx.me/jellyfin
2026-02-03 20:12:15.662 17659-17733 PlaybackProgressManager com.rpeters.jellyfin                 D  Reported progress at 20262ms for ed722338-a224-c138-d6be-5a759379850e
2026-02-03 20:12:17.738 17659-17659 VRI[VideoP...y]@a8454e2 com.rpeters.jellyfin                 I  call setFrameRateCategory for touch hint category=no preference, reason=boost timeout, vri=VRI[VideoPlayerActivity]@a8454e2
2026-02-03 20:12:17.757 17659-17659 VRI[VideoP...y]@a8454e2 com.rpeters.jellyfin                 I  ViewPostIme pointer 0
2026-02-03 20:12:17.759 17659-17659 VRI[VideoP...y]@a8454e2 com.rpeters.jellyfin                 I  call setFrameRateCategory for touch hint category=high hint, reason=touch, vri=VRI[VideoPlayerActivity]@a8454e2
2026-02-03 20:12:17.849 17659-17659 VRI[VideoP...y]@a8454e2 com.rpeters.jellyfin                 I  ViewPostIme pointer 1
2026-02-03 20:12:17.916 17659-17718 peters.jellyfin         com.rpeters.jellyfin                 I  Explicit concurrent mark compact GC freed 13MB AllocSpace bytes, 0(0B) LOS objects, 22% free, 165MB/213MB, paused 248us,2.690ms total 85.070ms
2026-02-03 20:12:17.924 17659-17758 perf_hint               com.rpeters.jellyfin                 E  Session ID too large, must fit 32-bit integer
2026-02-03 20:12:17.932 17659-17755 perf_hint               com.rpeters.jellyfin                 E  Session ID too large, must fit 32-bit integer
2026-02-03 20:12:18.350 17659-17659 VRI[VideoP...y]@a8454e2 com.rpeters.jellyfin                 I  ViewPostIme pointer 0
2026-02-03 20:12:18.398 17659-17659 VRI[VideoP...y]@a8454e2 com.rpeters.jellyfin                 I  ViewPostIme pointer 1
2026-02-03 20:12:19.122 17659-17659 VRI[VideoP...y]@a8454e2 com.rpeters.jellyfin                 I  ViewPostIme pointer 0
2026-02-03 20:12:19.164 17659-17659 VRI[VideoP...y]@a8454e2 com.rpeters.jellyfin                 I  ViewPostIme pointer 1
2026-02-03 20:12:19.172 17659-17659 WindowManager           com.rpeters.jellyfin                 I  WindowManagerGlobal#addView, ty=1002, view=androidx.compose.ui.window.PopupLayout{f5f5ec4 V.E...... ......I. 0,0-0,0 #1020002 android:id/content}, caller=android.view.WindowManagerImpl.addView:167 androidx.compose.ui.window.PopupLayout.show:581 androidx.compose.ui.window.AndroidPopup_androidKt$Popup$2$1.invoke:340
2026-02-03 20:12:19.173 17659-17659 ViewRootImpl            com.rpeters.jellyfin                 D  desktopMode is false
2026-02-03 20:12:19.173 17659-17659 ViewRootImpl            com.rpeters.jellyfin                 I  dVRR is disabled
2026-02-03 20:12:19.173 17659-17740 NativeCust...ncyManager com.rpeters.jellyfin                 D  [NativeCFMS] BpCustomFrequencyManager::BpCustomFrequencyManager()
2026-02-03 20:12:19.175 17659-17758 perf_hint               com.rpeters.jellyfin                 E  Session ID too large, must fit 32-bit integer
2026-02-03 20:12:19.178 17659-17659 InputTransport          com.rpeters.jellyfin                 D  Input channel constructed: '19bba01', fd=355
2026-02-03 20:12:19.178 17659-17659 InsetsController        com.rpeters.jellyfin                 I  onStateChanged: host=Pop-Up Window, from=android.view.ViewRootImpl.onInsetsStateChanged:3038, state=InsetsState: {mDisplayFrame=Rect(0, 0 - 3120, 1440), mDisplayCutout=DisplayCutout{insets=Rect(128, 0 - 0, 0) waterfall=Insets{left=0, top=0, right=0, bottom=0} boundingRect={Bounds=[Rect(0, 685 - 128, 755), Rect(0, 0 - 0, 0), Rect(0, 0 - 0, 0), Rect(0, 0 - 0, 0)]} cutoutPathParserInfo={CutoutPathParserInfo{displayWidth=1440 displayHeight=3120 physicalDisplayWidth=1440 physicalDisplayHeight=3120 density={3.75} cutoutSpec={M 0,0 H -9.333333333333333 V 34.13333333333333 H 9.333333333333333 V 0 H 0 Z @dp} rotation={1} scale={1.0} physicalPixelDisplaySizeRatio={1.0}}} sideOverrides={}}, mRoundedCorners=RoundedCorners{[RoundedCorner{position=TopLeft, radius=56, center=Point(56, 56)}, RoundedCorner{position=TopRight, radius=56, center=Point(3064, 56)}, RoundedCorner{position=BottomRight, radius=56, center=Point(3064, 1384)}, RoundedCorner{position=BottomLeft, radius=56, center=Point(56, 1384)}]}  mRoundedCornerFrame=Rect(0, 0 - 3120, 1440), mPrivacyIndicatorBounds=PrivacyIndicatorBounds {static bounds=Rect(2955, 0 - 3120, 113) rotation=1}, mDisplayShape=DisplayShape{ spec=-311912193 displayWidth=1440 displayHeight=3120 physicalPixelDisplaySizeRatio=1.0 rotation=1 offsetX=0 offsetY=0 scale=1.0}, mSources= { InsetsSource: {91450001 mType=navigationBars mFrame=[0,1384][3120,1440] mAttachedInsets=null mVisible=false mFlags=SUPPRESS_SCRIM mSideHint=BOTTOM mBoundingRects=null}, InsetsSource: {91450004 mType=systemGestures mFrame=[0,0][240,1440] mAttachedInsets=null mVisible=true mFlags= mSideHint=LEFT mBoundingRects=null}, InsetsSource: {91450005 mType=mandatorySystemGestures mFrame=[0,1320][3120,1440] mAttachedInsets=null mVisible=true mFlags= mSideHint=BOTTOM mBoundingRects=null}, InsetsSource: {91450006 mType=tappableElement mFrame=[0,0][0,0] mAttachedInsets=null mVisible=true mFlags= mSideHint=NONE mBoundingRects=null}, InsetsSource: {91450024 mType=systemGestures mFrame=[3008,0][3120,1440] mAttachedInsets=null mVisible=true mFlags= mSideHint=RIGHT mBoundingRects=null}, InsetsSource: {9c550000 mType=statusBars mFrame=[0,0][3120,113] mAttachedInsets=null mVisible=false mFlags= mSideHint=TOP mBoundingRects=null}, InsetsSource: {9c550005 mType=mandatorySystemGestures mFrame=[0,0][3120,113] mAttachedInsets=null mVisible=true mFlags= mSideHint=TOP mBoundingRects=null}, InsetsSource: {9c550006 mType=tappableElement mFrame=[0,0][3120,113] mAttachedInsets=null mVisible=true mFlags= mSideHint=TOP mBoundingRects=null}, InsetsSource: {3 mType=ime mFrame=[0,0][0,0] mAttachedInsets=null mVisible=false mFlags=INVALID mSideHint=NONE mBoundingRects=null}, InsetsSource: {7 mType=displayCutout mFrame=[0,0][128,1440] mAttachedInsets=null mVisible=true mFlags= mSideHint=LEFT mBoundingRects=null} }
2026-02-03 20:12:19.179 17659-17659 VRI[Pop-Up...w]@a1341ad com.rpeters.jellyfin                 I  synced displayState. AttachInfo displayState=2
2026-02-03 20:12:19.180 17659-17659 VRI[Pop-Up...w]@a1341ad com.rpeters.jellyfin                 I  setView = androidx.compose.ui.window.PopupLayout@f5f5ec4 IsHRR=false mFlingFrameRateChange=0 TM=true
2026-02-03 20:12:19.186 17659-17659 WindowOnBackDispatcher  com.rpeters.jellyfin                 D  setTopOnBackInvokedCallback (unwrapped): androidx.compose.ui.window.Api33Impl$$ExternalSyntheticLambda0@93222eb
2026-02-03 20:12:19.198 17659-17659 BufferQueueProducer     com.rpeters.jellyfin                 I  [](id:44fb00000007,api:0,p:601293936,c:17659) setDequeueTimeout:2077252342
2026-02-03 20:12:19.199 17659-17659 BLASTBufferQueue_Java   com.rpeters.jellyfin                 I  new BLASTBufferQueue, mName= VRI[Pop-Up Window]@a1341ad mNativeObject= 0xb4000073e3d022a0 caller= android.view.ViewRootImpl.updateBlastSurfaceIfNeeded:3603 android.view.ViewRootImpl.relayoutWindow:11809 android.view.ViewRootImpl.performTraversals:4839 android.view.ViewRootImpl.doTraversal:3959 android.view.ViewRootImpl$TraversalRunnable.run:13030 android.view.Choreographer$CallbackRecord.run:1961 android.view.Choreographer$CallbackRecord.run:1970 android.view.Choreographer.doCallbacks:1423 android.view.Choreographer.doFrame:1348 android.view.Choreographer$FrameDisplayEventReceiver.run:1930
2026-02-03 20:12:19.199 17659-17659 BLASTBufferQueue_Java   com.rpeters.jellyfin                 I  update, w= 600 h= 780 mName = VRI[Pop-Up Window]@a1341ad mNativeObject= 0xb4000073e3d022a0 sc.mNativeObject= 0xb400007273d77d10 format= -3 caller= android.view.ViewRootImpl.updateBlastSurfaceIfNeeded:3608 android.view.ViewRootImpl.relayoutWindow:11809 android.view.ViewRootImpl.performTraversals:4839 android.view.ViewRootImpl.doTraversal:3959 android.view.ViewRootImpl$TraversalRunnable.run:13030 android.view.Choreographer$CallbackRecord.run:1961
2026-02-03 20:12:19.199 17659-17659 VRI[Pop-Up...w]@a1341ad com.rpeters.jellyfin                 I  Relayout returned: old=(128,0,3120,1440) new=(1905,532,2325,1132) relayoutAsync=false req=(420,600)0 dur=1 res=0x3 s={true 0xb400007333d81340} ch=true seqId=0
2026-02-03 20:12:19.199 17659-17659 VRI[Pop-Up...w]@a1341ad com.rpeters.jellyfin                 I  performConfigurationChange setNightDimText nightDimLevel=0
2026-02-03 20:12:19.200 17659-17659 VRI[Pop-Up...w]@a1341ad com.rpeters.jellyfin                 D  mThreadedRenderer.initialize() mSurface={isValid=true 0xb400007333d81340} hwInitialized=true
2026-02-03 20:12:19.202 17659-17659 VRI[Pop-Up...w]@a1341ad com.rpeters.jellyfin                 D  reportNextDraw android.view.ViewRootImpl.performTraversals:5503 android.view.ViewRootImpl.doTraversal:3959 android.view.ViewRootImpl$TraversalRunnable.run:13030 android.view.Choreographer$CallbackRecord.run:1961 android.view.Choreographer$CallbackRecord.run:1970
2026-02-03 20:12:19.202 17659-17659 VRI[Pop-Up...w]@a1341ad com.rpeters.jellyfin                 D  Setup new sync=wmsSync-VRI[Pop-Up Window]@a1341ad#24
2026-02-03 20:12:19.202 17659-17659 VRI[Pop-Up...w]@a1341ad com.rpeters.jellyfin                 I  Creating new active sync group VRI[Pop-Up Window]@a1341ad#25
2026-02-03 20:12:19.202 17659-17659 VRI[Pop-Up...w]@a1341ad com.rpeters.jellyfin                 D  registerCallbacksForSync syncBuffer=false
2026-02-03 20:12:19.204 17659-17755 VRI[Pop-Up...w]@a1341ad com.rpeters.jellyfin                 D  Received frameDrawingCallback syncResult=0 frameNum=1.
