2026-02-07 16:48:43.488  1484-1657  WM-NetworkStateTracker  com.rpeters.jellyfin                 D  Network capabilities changed: [ Transports: WIFI Capabilities: NOT_METERED&INTERNET&NOT_RESTRICTED&TRUSTED&NOT_VPN&VALIDATED&NOT_ROAMING&FOREGROUND&NOT_CONGESTED&NOT_SUSPENDED&NOT_VCN_MANAGED&NOT_BANDWIDTH_CONSTRAINED LinkUpBandwidth>=36103Kbps LinkDnBandwidth>=95920Kbps TransportInfo: <SSID: <unknown ssid>, BSSID: 02:00:00:00:00:00, MAC: 02:00:00:00:00:00, IP: /192.168.8.126, Security type: 4, Supplicant state: COMPLETED, Wi-Fi standard: 11be, RSSI: -54, Link speed: 1441Mbps, Tx Link speed: 1441Mbps, Max Supported Tx Link speed: 5764Mbps, Rx Link speed: 2594Mbps, Max Supported Rx Link speed: 5764Mbps, Frequency: 5975MHz, Net ID: -1, Metered hint: false, score: 60, isUsable: true, CarrierMerged: false, SubscriptionId: -1, IsPrimary: -1, Trusted: true, Restricted: false, Ephemeral: false, OEM paid: false, OEM private: false, OSU AP: false, FQDN: <none>, Provider friendly name: <none>, Requesting package name: <none><none>MLO Information: , Is TID-To-Link negotiation supported by the AP: true, AP MLD Address: <none>, AP MLO Link Id: <none>, AP MLO Affiliated links: <none>, Vendor Data: <none>> SignalStrength: -54 UnderlyingNetworks: Null]
2026-02-07 16:48:43.488  1484-1657  WM-NetworkStateTracker  com.rpeters.jellyfin                 D  Network blocked status changed: false
2026-02-07 16:48:43.489  1484-1530  WM-PackageManagerHelper com.rpeters.jellyfin                 D  androidx.work.impl.background.systemalarm.RescheduleReceiver enabled
2026-02-07 16:48:43.489  1484-1530  WM-GreedyScheduler      com.rpeters.jellyfin                 D  Constraints met: Scheduling work ID WorkGenerationalId(workSpecId=d4506df4-35e1-442e-adaa-cc052e0e95e1, generation=0)
2026-02-07 16:48:43.493  1484-1530  WM-Processor            com.rpeters.jellyfin                 D  Processor: processing WorkGenerationalId(workSpecId=d4506df4-35e1-442e-adaa-cc052e0e95e1, generation=0)
2026-02-07 16:48:43.495  1484-1530  WM-WorkerFactory        com.rpeters.jellyfin                 E  Could not instantiate com.rpeters.jellyfin.data.worker.OfflineProgressSyncWorker (Fix with AI)
                                                                                                    java.lang.NoSuchMethodException: com.rpeters.jellyfin.data.worker.OfflineProgressSyncWorker.<init> [class android.content.Context, class androidx.work.WorkerParameters]
                                                                                                    	at java.lang.Class.getConstructor0(Class.java:3379)
                                                                                                    	at java.lang.Class.getDeclaredConstructor(Class.java:3061)
                                                                                                    	at androidx.work.WorkerFactory.createWorkerWithDefaultFallback$fallbackToReflection(WorkerFactory.kt:87)
                                                                                                    	at androidx.work.WorkerFactory.createWorkerWithDefaultFallback(WorkerFactory.kt:96)
                                                                                                    	at androidx.work.impl.WorkerWrapper.runWorker(WorkerWrapper.kt:234)
                                                                                                    	at androidx.work.impl.WorkerWrapper.access$runWorker(WorkerWrapper.kt:67)
                                                                                                    	at androidx.work.impl.WorkerWrapper$launch$1$resolution$1.invokeSuspend(WorkerWrapper.kt:98)
                                                                                                    	at androidx.work.impl.WorkerWrapper$launch$1$resolution$1.invoke(Unknown Source:12)
                                                                                                    	at androidx.work.impl.WorkerWrapper$launch$1$resolution$1.invoke(Unknown Source:10)
                                                                                                    	at kotlinx.coroutines.intrinsics.UndispatchedKt.startUndspatched(Undispatched.kt:66)
                                                                                                    	at kotlinx.coroutines.intrinsics.UndispatchedKt.startUndispatchedOrReturn(Undispatched.kt:43)
                                                                                                    	at kotlinx.coroutines.BuildersKt__Builders_commonKt.withContext(Builders.common.kt:165)
                                                                                                    	at kotlinx.coroutines.BuildersKt.withContext(Unknown Source:1)
                                                                                                    	at androidx.work.impl.WorkerWrapper$launch$1.invokeSuspend(WorkerWrapper.kt:98)
                                                                                                    	at androidx.work.impl.WorkerWrapper$launch$1.invoke(Unknown Source:12)
                                                                                                    	at androidx.work.impl.WorkerWrapper$launch$1.invoke(Unknown Source:10)
                                                                                                    	at androidx.work.ListenableFutureKt$launchFuture$1$2.invokeSuspend(ListenableFuture.kt:42)
                                                                                                    	at kotlin.coroutines.jvm.internal.BaseContinuationImpl.resumeWith(ContinuationImpl.kt:34)
                                                                                                    	at kotlinx.coroutines.DispatchedTask.run(DispatchedTask.kt:100)
                                                                                                    	at androidx.work.impl.utils.SerialExecutorImpl$Task.run(SerialExecutorImpl.java:96)
                                                                                                    	at java.util.concurrent.ThreadPoolExecutor.runWorker(ThreadPoolExecutor.java:1154)
                                                                                                    	at java.util.concurrent.ThreadPoolExecutor$Worker.run(ThreadPoolExecutor.java:652)
                                                                                                    	at java.lang.Thread.run(Thread.java:1563)
2026-02-07 16:48:43.495  1484-1530  WM-WorkerWrapper        com.rpeters.jellyfin                 E  Could not create Worker com.rpeters.jellyfin.data.worker.OfflineProgressSyncWorker
2026-02-07 16:48:43.498  1484-1530  WM-PackageManagerHelper com.rpeters.jellyfin                 D  androidx.work.impl.background.systemalarm.RescheduleReceiver disabled
2026-02-07 16:48:43.526  1484-1484  NavGraph                com.rpeters.jellyfin                 D  [VERBOSE] Library screen - triggering initial data load
2026-02-07 16:48:43.537  1484-1484  WM-Processor            com.rpeters.jellyfin                 D  Processor d4506df4-35e1-442e-adaa-cc052e0e95e1 executed; reschedule = false
2026-02-07 16:48:43.537  1484-1484  WM-GreedyScheduler      com.rpeters.jellyfin                 D  Stopping tracking for WorkGenerationalId(workSpecId=d4506df4-35e1-442e-adaa-cc052e0e95e1, generation=0)
2026-02-07 16:48:43.538  1484-1484  WM-SystemJobService     com.rpeters.jellyfin                 D  d4506df4-35e1-442e-adaa-cc052e0e95e1 executed on JobScheduler
2026-02-07 16:48:43.538  1484-1484  MainAppVie...el-Initial com.rpeters.jellyfin                 D  [VERBOSE]  Starting loadInitialData (forceRefresh=false)
2026-02-07 16:48:43.538  1484-1484  MainAppVie...el-Initial com.rpeters.jellyfin                 D  [VERBOSE]   Current libraries count: 0
2026-02-07 16:48:43.540  1484-1532  RepositoryUtils         com.rpeters.jellyfin                 D  [VERBOSE] validateServer: Server validation passed for user rpeters1428 on https://rpeters1428.huron.usbx.me/jellyfin
2026-02-07 16:48:43.540  1484-1524  WM-GreedyScheduler      com.rpeters.jellyfin                 D  Cancelling work ID d4506df4-35e1-442e-adaa-cc052e0e95e1
2026-02-07 16:48:43.541  1484-1523  RepositoryUtils         com.rpeters.jellyfin                 D  [VERBOSE] validateServer: Server validation passed for user rpeters1428 on https://rpeters1428.huron.usbx.me/jellyfin
2026-02-07 16:48:43.542  1484-1521  RepositoryUtils         com.rpeters.jellyfin                 D  [VERBOSE] validateServer: Server validation passed for user rpeters1428 on https://rpeters1428.huron.usbx.me/jellyfin
2026-02-07 16:48:43.545  1484-1539  RepositoryUtils         com.rpeters.jellyfin                 D  [VERBOSE] validateServer: Server validation passed for user rpeters1428 on https://rpeters1428.huron.usbx.me/jellyfin
2026-02-07 16:48:43.545  1484-1541  RepositoryUtils         com.rpeters.jellyfin                 D  [VERBOSE] validateServer: Server validation passed for user rpeters1428 on https://rpeters1428.huron.usbx.me/jellyfin
2026-02-07 16:48:43.545  1484-1536  RepositoryUtils         com.rpeters.jellyfin                 D  [VERBOSE] validateServer: Server validation passed for user rpeters1428 on https://rpeters1428.huron.usbx.me/jellyfin
2026-02-07 16:48:43.547  1484-1719  RepositoryUtils         com.rpeters.jellyfin                 D  [VERBOSE] validateServer: Server validation passed for user rpeters1428 on https://rpeters1428.huron.usbx.me/jellyfin
2026-02-07 16:48:43.547  1484-1538  RepositoryUtils         com.rpeters.jellyfin                 D  [VERBOSE] validateServer: Server validation passed for user rpeters1428 on https://rpeters1428.huron.usbx.me/jellyfin
2026-02-07 16:48:43.552  1484-1700  RepositoryUtils         com.rpeters.jellyfin                 D  [VERBOSE] validateServer: Server validation passed for user rpeters1428 on https://rpeters1428.huron.usbx.me/jellyfin
2026-02-07 16:48:43.555  1484-1703  RepositoryUtils         com.rpeters.jellyfin                 D  [VERBOSE] validateServer: Server validation passed for user rpeters1428 on https://rpeters1428.huron.usbx.me/jellyfin
2026-02-07 16:48:43.561  1484-1534  RepositoryUtils         com.rpeters.jellyfin                 D  [VERBOSE] validateServer: Server validation passed for user rpeters1428 on https://rpeters1428.huron.usbx.me/jellyfin
2026-02-07 16:48:43.570  1484-1484  HomeLibraryNavGraph     com.rpeters.jellyfin                 D  LibraryScreen: enable_immersive_ui=true, immersive_library_screen=true, using immersive: true
2026-02-07 16:48:43.639  1484-1524  WM-NetworkStateTracker  com.rpeters.jellyfin                 D  Unregistering network callback
2026-02-07 16:48:43.639  1484-1524  ConnectivityManager     com.rpeters.jellyfin                 D  StackLog: [android.net.ConnectivityManager.unregisterNetworkCallback(ConnectivityManager.java:5573)] [androidx.work.impl.constraints.trackers.NetworkStateTracker24.stopTracking(NetworkStateTracker.kt:230)] [androidx.work.impl.constraints.trackers.ConstraintTracker.removeListener(ConstraintTracker.kt:66)] [androidx.work.impl.constraints.controllers.BaseConstraintController$track$1.invokeSuspend$lambda$0(ContraintControllers.kt:63)] [androidx.work.impl.constraints.controllers.BaseConstraintController$track$1$$ExternalSyntheticLambda0.invoke(D8$$SyntheticClass:0)] [kotlinx.coroutines.channels.ProduceKt.awaitClose(Produce.kt:69)] [kotlinx.coroutines.channels.ProduceKt$awaitClose$1.invokeSuspend(Unknown Source:17)] [kotlin.coroutines.jvm.internal.BaseContinuationImpl.resumeWith(ContinuationImpl.kt:34)] [kotlinx.coroutines.DispatchedTask.run(DispatchedTask.kt:98)] [androidx.work.impl.utils.SerialExecutorImpl$Task.run(SerialExecutorImpl.java:96)] [java.util.concurrent.ThreadPoolExecutor.runWorker(ThreadPoolExecutor.java:1154)] [java.util.concurrent.ThreadPoolExecutor$Worker.run(ThreadPoolExecutor.java:652)] [java.lang.Thread.run(Thread.java:1563)]
2026-02-07 16:48:43.678  1484-1484  WM-SystemJobService     com.rpeters.jellyfin                 D  onStartJob for WorkGenerationalId(workSpecId=d4506df4-35e1-442e-adaa-cc052e0e95e1, generation=0)
2026-02-07 16:48:43.680  1484-1527  WM-Processor            com.rpeters.jellyfin                 D  Processor: processing WorkGenerationalId(workSpecId=d4506df4-35e1-442e-adaa-cc052e0e95e1, generation=0)
2026-02-07 16:48:43.681  1484-1527  WM-WorkerWrapper        com.rpeters.jellyfin                 D  com.rpeters.jellyfin.data.worker.OfflineProgressSyncWorker is not in ENQUEUED state. Nothing more to do
2026-02-07 16:48:43.682  1484-1527  WM-WorkerWrapper        com.rpeters.jellyfin                 D  Status for d4506df4-35e1-442e-adaa-cc052e0e95e1 is FAILED ; not doing any work
2026-02-07 16:48:43.688  1484-1484  WM-SystemJobService     com.rpeters.jellyfin                 D  onStopJob for WorkGenerationalId(workSpecId=d4506df4-35e1-442e-adaa-cc052e0e95e1, generation=0)
2026-02-07 16:48:43.689  1484-1524  WM-Processor            com.rpeters.jellyfin                 D  WorkerWrapper interrupted for d4506df4-35e1-442e-adaa-cc052e0e95e1
2026-02-07 16:48:43.689  1484-1524  WM-StopWorkRunnable     com.rpeters.jellyfin                 D  StopWorkRunnable for d4506df4-35e1-442e-adaa-cc052e0e95e1; Processor.stopWork = true
2026-02-07 16:48:43.689  1484-1484  WM-Processor            com.rpeters.jellyfin                 D  Processor d4506df4-35e1-442e-adaa-cc052e0e95e1 executed; reschedule = false
2026-02-07 16:48:43.689  1484-1484  WM-SystemJobService     com.rpeters.jellyfin                 D  d4506df4-35e1-442e-adaa-cc052e0e95e1 executed on JobScheduler
2026-02-07 16:48:43.690  1484-1530  WM-GreedyScheduler      com.rpeters.jellyfin                 D  Cancelling work ID d4506df4-35e1-442e-adaa-cc052e0e95e1
2026-02-07 16:48:43.698  1484-1484  LeakCanary              com.rpeters.jellyfin                 D  Watching instance of androidx.work.impl.background.systemjob.SystemJobService (androidx.work.impl.background.systemjob.SystemJobService received Service#onDestroy() callback) with key 1dc083ef-51f7-4d5f-899b-a1978bed9ef5
2026-02-07 16:48:44.033  1484-1534  MainAppVie...el-Initial com.rpeters.jellyfin                 D  [VERBOSE]  API calls completed:
2026-02-07 16:48:44.033  1484-1534  MainAppVie...el-Initial com.rpeters.jellyfin                 D  [VERBOSE]   Libraries result: Success (4)
2026-02-07 16:48:44.034  1484-1534  MainAppVie...el-Initial com.rpeters.jellyfin                 D  [VERBOSE]   Recent result: Success (50)
2026-02-07 16:48:44.034  1484-1534  MainAppVie...el-Initial com.rpeters.jellyfin                 D  [VERBOSE]  Setting new state:
2026-02-07 16:48:44.034  1484-1534  MainAppVie...el-Initial com.rpeters.jellyfin                 D  [VERBOSE]   Library: Movies (movies) id=UUID-***
2026-02-07 16:48:44.034  1484-1534  MainAppVie...el-Initial com.rpeters.jellyfin                 D  [VERBOSE]   Library: Shows (tvshows) id=UUID-***
2026-02-07 16:48:44.034  1484-1534  MainAppVie...el-Initial com.rpeters.jellyfin                 D  [VERBOSE]   Library: stuff (homevideos) id=UUID-***
2026-02-07 16:48:44.035  1484-1534  MainAppVie...el-Initial com.rpeters.jellyfin                 D  [VERBOSE]   Library: Playlists (playlists) id=UUID-***
2026-02-07 16:48:44.035  1484-1534  MainAppVie...el-Initial com.rpeters.jellyfin                 D  [VERBOSE]  loadInitialData completed - Libraries now: 4
2026-02-07 16:48:44.045  1484-1484  HomeLibraryNavGraph     com.rpeters.jellyfin                 D  LibraryScreen: enable_immersive_ui=true, immersive_library_screen=true, using immersive: true
2026-02-07 16:48:44.163  1484-1484  HomeLibraryNavGraph     com.rpeters.jellyfin                 D  LibraryScreen: enable_immersive_ui=true, immersive_library_screen=true, using immersive: true
2026-02-07 16:48:44.206  1484-1484  HomeLibraryNavGraph     com.rpeters.jellyfin                 D  LibraryScreen: enable_immersive_ui=true, immersive_library_screen=true, using immersive: true
2026-02-07 16:48:45.545  1484-1484  VRI[MainAc...y]@ea1b2c8 com.rpeters.jellyfin                 I  ViewPostIme pointer 0
2026-02-07 16:48:45.668  1484-1484  VRI[MainAc...y]@ea1b2c8 com.rpeters.jellyfin                 I  ViewPostIme pointer 1
2026-02-07 16:48:45.723  1484-1543  AdrenoVK-0              com.rpeters.jellyfin                 I  Shader compilation failed for shaderType: 4
2026-02-07 16:48:45.723  1484-1543  AdrenoVK-0              com.rpeters.jellyfin                 I  Pipeline create failed
2026-02-07 16:48:45.726  1484-1484  WindowOnBackDispatcher  com.rpeters.jellyfin                 D  setTopOnBackInvokedCallback (unwrapped): android.app.Activity$$ExternalSyntheticLambda0@5fd7d0c
2026-02-07 16:48:45.747  1484-1484  MediaNavGraph           com.rpeters.jellyfin                 D  MoviesScreen: enable_immersive_ui=true, immersive_movies_browse=true, using immersive: true
2026-02-07 16:48:45.755  1484-1484  WindowOnBackDispatcher  com.rpeters.jellyfin                 D  setTopOnBackInvokedCallback (unwrapped): androidx.navigationevent.OnBackInvokedInput$createOnBackAnimationCallback$1@b94c305
2026-02-07 16:48:45.773  1484-1484  ConnectivityManager     com.rpeters.jellyfin                 D  StackLog: [android.net.ConnectivityManager.unregisterNetworkCallback(ConnectivityManager.java:5573)] [com.rpeters.jellyfin.network.ConnectivityChecker$observeNetworkConnectivity$1.invokeSuspend$lambda$0(ConnectivityChecker.kt:139)] [com.rpeters.jellyfin.network.ConnectivityChecker$observeNetworkConnectivity$1$$ExternalSyntheticLambda1.invoke(D8$$SyntheticClass:0)] [kotlinx.coroutines.channels.ProduceKt.awaitClose(Produce.kt:69)] [kotlinx.coroutines.channels.ProduceKt$awaitClose$1.invokeSuspend(Unknown Source:17)] [kotlin.coroutines.jvm.internal.BaseContinuationImpl.resumeWith(ContinuationImpl.kt:34)] [kotlinx.coroutines.DispatchedTask.run(DispatchedTask.kt:98)] [androidx.compose.ui.platform.AndroidUiDispatcher.performTrampolineDispatch(AndroidUiDispatcher.android.kt:79)] [androidx.compose.ui.platform.AndroidUiDispatcher.access$performTrampolineDispatch(AndroidUiDispatcher.android.kt:41)] [androidx.compose.ui.platform.AndroidUiDispatcher$dispatchCallback$1.doFrame(AndroidUiDispatcher.android.kt:68)] [android.view.Choreographer$CallbackRecord.run(Choreographer.java:1959)] [android.view.Choreographer$CallbackRecord.run(Choreographer.java:1970)] [android.view.Choreographer.doCallbacks(Choreographer.java:1423)] [android.view.Choreographer.doFrame(Choreographer.java:1338)] [android.view.Choreographer$FrameDisplayEventReceiver.run(Choreographer.java:1930)]
2026-02-07 16:48:45.776  1484-1484  ConnectivityManager     com.rpeters.jellyfin                 D  StackLog: [android.net.ConnectivityManager.sendRequestForNetwork(ConnectivityManager.java:4738)] [android.net.ConnectivityManager.sendRequestForNetwork(ConnectivityManager.java:4906)] [android.net.ConnectivityManager.registerNetworkCallback(ConnectivityManager.java:5323)] [android.net.ConnectivityManager.registerNetworkCallback(ConnectivityManager.java:5293)] [com.rpeters.jellyfin.network.ConnectivityChecker$observeNetworkConnectivity$1.invokeSuspend(ConnectivityChecker.kt:133)] [com.rpeters.jellyfin.network.ConnectivityChecker$observeNetworkConnectivity$1.invoke(Unknown Source:14)] [com.rpeters.jellyfin.network.ConnectivityChecker$observeNetworkConnectivity$1.invoke(Unknown Source:12)] [kotlinx.coroutines.flow.ChannelFlowBuilder.collectTo$suspendImpl(Builders.kt:316)] [kotlinx.coroutines.flow.ChannelFlowBuilder.collectTo(Unknown Source:4)] [kotlinx.coroutines.flow.CallbackFlowBuilder.collectTo(Builders.kt:330)] [kotlinx.coroutines.flow.internal.ChannelFlow$collectToFun$1.invokeSuspend(ChannelFlow.kt:56)] [kotlin.coroutines.jvm.internal.BaseContinuationImpl.resumeWith(ContinuationImpl.kt:34)] [kotlinx.coroutines.DispatchedTask.run(DispatchedTask.kt:100)] [androidx.compose.ui.platform.AndroidUiDispatcher.performTrampolineDispatch(AndroidUiDispatcher.android.kt:79)] [androidx.compose.ui.platform.AndroidUiDispatcher.access$performTrampolineDispatch(AndroidUiDispatcher.android.kt:41)] [androidx.compose.ui.platform.AndroidUiDispatcher$dispatchCallback$1.doFrame(AndroidUiDispatcher.android.kt:68)] [android.view.Choreographer$CallbackRecord.run(Choreographer.java:1959)] [android.view.Choreographer$CallbackRecord.run(Choreographer.java:1970)] [android.view.Choreographer.doCallbacks(Choreographer.java:1423)] [android.view.Choreographer.doFrame(Choreographer.java:1338)] [android.view.Choreographer$FrameDisplayEventReceiver.run(Choreographer.java:1930)]
2026-02-07 16:48:45.776  1484-1538  RepositoryUtils         com.rpeters.jellyfin                 D  [VERBOSE] validateServer: Server validation passed for user rpeters1428 on https://rpeters1428.huron.usbx.me/jellyfin
2026-02-07 16:48:45.778  1484-1657  ConnectivityChecker     com.rpeters.jellyfin                 D  Network available: 474
2026-02-07 16:48:45.929  1484-1484  MainAppViewModel        com.rpeters.jellyfin                 D  [VERBOSE] loadLibraryTypeData: resolved MOVIES after loading libraries
2026-02-07 16:48:45.933  1484-1484  MainAppViewModel-Load   com.rpeters.jellyfin                 D  [VERBOSE]  Starting loadLibraryTypeData:
2026-02-07 16:48:45.933  1484-1484  MainAppViewModel-Load   com.rpeters.jellyfin                 D  [VERBOSE]   Library: Movies (movies)
2026-02-07 16:48:45.934  1484-1484  MainAppViewModel-Load   com.rpeters.jellyfin                 D  [VERBOSE]   LibraryType: MOVIES
2026-02-07 16:48:45.934  1484-1484  MainAppViewModel-Load   com.rpeters.jellyfin                 D  [VERBOSE]   LibraryId: UUID-***
2026-02-07 16:48:45.934  1484-1484  MainAppViewModel-Load   com.rpeters.jellyfin                 D  [VERBOSE]   ItemKinds: [Movie]
2026-02-07 16:48:45.934  1484-1484  MainAppViewModel-Load   com.rpeters.jellyfin                 D  [VERBOSE]   ForceRefresh: false
2026-02-07 16:48:45.935  1484-1484  MainAppViewModel-Load   com.rpeters.jellyfin                 D  [VERBOSE]   Calling API with:
2026-02-07 16:48:45.935  1484-1484  MainAppViewModel-Load   com.rpeters.jellyfin                 D  [VERBOSE]     parentId: UUID-***
2026-02-07 16:48:45.935  1484-1484  MainAppViewModel-Load   com.rpeters.jellyfin                 D  [VERBOSE]     itemTypes: Movie
2026-02-07 16:48:45.936  1484-1484  MainAppViewModel-Load   com.rpeters.jellyfin                 D  [VERBOSE]     collectionType: movies
2026-02-07 16:48:45.936  1484-1484  ApiParameterValidator   com.rpeters.jellyfin                 D  Validated params: parentId=f137a2dd-21bb-c1b9-9aa5-c0f6bf02a805, itemTypes=Movie, collectionType=movies, startIndex=0, limit=100
2026-02-07 16:48:45.939  1484-1538  RepositoryUtils         com.rpeters.jellyfin                 D  [VERBOSE] validateServer: Server validation passed for user rpeters1428 on https://rpeters1428.huron.usbx.me/jellyfin
2026-02-07 16:48:45.939  1484-1538  JellyfinMediaRepository com.rpeters.jellyfin                 D  [VERBOSE] Making validated API call with parentId=UUID-***, itemTypes=MOVIE, startIndex=0, limit=100
2026-02-07 16:48:46.476  1484-1490  peters.jellyfin         com.rpeters.jellyfin                 I  Compiler allocated 7011KB to compile java.lang.Object org.jellyfin.sdk.api.operations.ItemsApi.getItems(java.util.UUID, java.lang.String, java.lang.Boolean, java.lang.Boolean, java.lang.Boolean, java.lang.Boolean, java.lang.Boolean, java.util.UUID, java.lang.Integer, java.lang.Integer, java.lang.Boolean, java.lang.Boolean, java.lang.Boolean, java.util.Collection, java.util.Collection, java.lang.Boolean, java.lang.Boolean, java.lang.Double, java.lang.Double, java.time.LocalDateTime, java.time.LocalDateTime, java.time.LocalDateTime, java.time.LocalDateTime, java.lang.Boolean, java.lang.Boolean, java.lang.Boolean, java.lang.Boolean, java.lang.Boolean, java.lang.Boolean, java.lang.Boolean, java.lang.Boolean, java.lang.Boolean, java.util.Collection, java.lang.Integer, java.lang.Integer, java.lang.Boolean, java.lang.String, java.util.Collection, java.util.UUID, java.util.Collection, java.util.Collection, java.util.Collection, java.util.Collection, java.lang.Boolean, java.util.Collection, java.util.Collection, java.util.Collection, java.lang.Boolean, java.util.Collection, java.util.Collection, java.util.Collection, java.util.Collection, java.lang.Boolean, java.lang.Integer, java.util.Collection, java.lang.String, java.util.Collection, java.util.Collection, java.util.Collection, java.util.Collection, java.util.Collection, java.util.Collection, java.util.Collection, java.util.Collection, java.util.Collection, java.util.Collection, java.util.Collection, java.util.Collection, java.lang.String, java.lang.Boolean, java.lang.Boolean, java.lang.Boolean, java.lang.Boolean, java.lang.Integer, java.lang.Integer, java.lang.Integer, java.lang.Integer, java.lang.Boolean, java.util.Collection, java.lang.String, java.lang.String, java.lang.String, java.util.Collection, java.util.Collection, java.lang.Boolean, java.lang.Boolean, kotlin.coroutines.Continuation)
2026-02-07 16:48:46.570  1484-1538  LibraryHealthChecker    com.rpeters.jellyfin                 D  [VERBOSE] Library UUID-*** marked as healthy
2026-02-07 16:48:46.573  1484-1484  MainAppViewModel-Load   com.rpeters.jellyfin                 D  [VERBOSE]  API Success: 100 items loaded
2026-02-07 16:48:46.573  1484-1484  MainAppViewModel-Load   com.rpeters.jellyfin                 D  [VERBOSE]     Sample item: The Wrecking Crew (Movie)
2026-02-07 16:48:46.574  1484-1484  MainAppViewModel-Load   com.rpeters.jellyfin                 D  [VERBOSE]     Sample item: The Rip (Movie)
2026-02-07 16:48:46.574  1484-1484  MainAppViewModel-Load   com.rpeters.jellyfin                 D  [VERBOSE]     Sample item: Greenland 2: Migration (Movie)
2026-02-07 16:48:46.575  1484-1484  MainAppViewModel-Load   com.rpeters.jellyfin                 D  [VERBOSE]  State updated - itemsByLibrary now has 1 libraries
2026-02-07 16:48:46.639  1484-1484  RealImageLoader         com.rpeters.jellyfin                 I   Successful (MEMORY_CACHE) - https://rpeters1428.huron.usbx.me/jellyfin/Items/c66e31d9-ee18-cde7-31ed-ed9a19cc141f/Images/Primary?maxHeight=400&maxWidth=400
2026-02-07 16:48:46.665  1484-1484  RealImageLoader         com.rpeters.jellyfin                 I   Successful (DISK) - https://rpeters1428.huron.usbx.me/jellyfin/Items/c6fc4819-9c78-f063-8e73-edd943991c11/Images/Backdrop?tag=0a4e5f52cc933c660e839ff6212a8d1a&maxHeight=400&maxWidth=800
2026-02-07 16:48:46.665  1484-1484  RealImageLoader         com.rpeters.jellyfin                 I   Successful (DISK) - https://rpeters1428.huron.usbx.me/jellyfin/Items/d76da20d-a2c4-e0a3-66d8-3453973700b6/Images/Primary?maxHeight=400&maxWidth=400
2026-02-07 16:48:47.276  1484-1484  VRI[MainAc...y]@ea1b2c8 com.rpeters.jellyfin                 I  ViewPostIme pointer 0
2026-02-07 16:48:47.397  1484-1484  RealImageLoader         com.rpeters.jellyfin                 I   Successful (DISK) - https://rpeters1428.huron.usbx.me/jellyfin/Items/ac8b6533-4559-b538-9b7b-29fe696d6cb8/Images/Primary?maxHeight=400&maxWidth=400
2026-02-07 16:48:47.609  1484-1484  VRI[MainAc...y]@ea1b2c8 com.rpeters.jellyfin                 I  ViewPostIme pointer 1
2026-02-07 16:48:47.751  1484-1484  RealImageLoader         com.rpeters.jellyfin                 I   Successful (DISK) - https://rpeters1428.huron.usbx.me/jellyfin/Items/c6fc4819-9c78-f063-8e73-edd943991c11/Images/Primary?maxHeight=400&maxWidth=400
2026-02-07 16:48:47.751  1484-1484  RealImageLoader         com.rpeters.jellyfin                 I   Successful (DISK) - https://rpeters1428.huron.usbx.me/jellyfin/Items/4fef46a5-c3a1-2c2e-35a5-67ab47af8d0a/Images/Primary?maxHeight=400&maxWidth=400
2026-02-07 16:48:47.850  1484-1484  VRI[MainAc...y]@ea1b2c8 com.rpeters.jellyfin                 I  ViewPostIme pointer 0
2026-02-07 16:48:47.965  1484-1484  VRI[MainAc...y]@ea1b2c8 com.rpeters.jellyfin                 I  ViewPostIme pointer 1
2026-02-07 16:48:48.097  1484-1484  RealImageLoader         com.rpeters.jellyfin                 I   Successful (MEMORY_CACHE) - https://rpeters1428.huron.usbx.me/jellyfin/Items/c6fc4819-9c78-f063-8e73-edd943991c11/Images/Primary?maxHeight=400&maxWidth=400
2026-02-07 16:48:48.146  1484-1484  RealImageLoader         com.rpeters.jellyfin                 I   Successful (DISK) - https://rpeters1428.huron.usbx.me/jellyfin/Items/bbe3eb1e-be4b-32b3-00fd-4c895ffd935c/Images/Primary?maxHeight=400&maxWidth=400
2026-02-07 16:48:48.163  1484-1484  RealImageLoader         com.rpeters.jellyfin                 I   Successful (DISK) - https://rpeters1428.huron.usbx.me/jellyfin/Items/02ada443-ff6f-ff13-2e39-549dc9ee44ba/Images/Primary?maxHeight=400&maxWidth=400
2026-02-07 16:48:48.176  1484-1484  RealImageLoader         com.rpeters.jellyfin                 I   Successful (DISK) - https://rpeters1428.huron.usbx.me/jellyfin/Items/d0c8ddd3-2a29-0dd9-7d94-edd57ef9f3a0/Images/Primary?maxHeight=400&maxWidth=400
2026-02-07 16:48:48.271  1484-1484  RealImageLoader         com.rpeters.jellyfin                 I   Successful (DISK) - https://rpeters1428.huron.usbx.me/jellyfin/Items/3210d007-ae9f-60b3-b1f8-88320f923236/Images/Primary?maxHeight=400&maxWidth=400
2026-02-07 16:48:48.271  1484-1484  RealImageLoader         com.rpeters.jellyfin                 I   Successful (DISK) - https://rpeters1428.huron.usbx.me/jellyfin/Items/05c296a7-58af-bbe8-3119-17e4ac08d0c6/Images/Primary?maxHeight=400&maxWidth=400
2026-02-07 16:48:48.426  1484-1484  RealImageLoader         com.rpeters.jellyfin                 I   Successful (DISK) - https://rpeters1428.huron.usbx.me/jellyfin/Items/edb1c21d-52e2-90b3-2ef6-3b4f4f83b749/Images/Primary?maxHeight=400&maxWidth=400
2026-02-07 16:48:48.431  1484-1484  RealImageLoader         com.rpeters.jellyfin                 I   Successful (DISK) - https://rpeters1428.huron.usbx.me/jellyfin/Items/a47fb780-9eb7-c38c-7457-1290ecf6f677/Images/Primary?maxHeight=400&maxWidth=400
2026-02-07 16:48:48.439  1484-1484  VRI[MainAc...y]@ea1b2c8 com.rpeters.jellyfin                 I  ViewPostIme pointer 0
2026-02-07 16:48:48.544  1484-1484  VRI[MainAc...y]@ea1b2c8 com.rpeters.jellyfin                 I  ViewPostIme pointer 1
2026-02-07 16:48:48.564  1484-1975  NetworkStateInterceptor com.rpeters.jellyfin                 D  Request to rpeters1428.huron.usbx.me via WIFI
2026-02-07 16:48:48.572  1484-1981  NetworkStateInterceptor com.rpeters.jellyfin                 D  Request to rpeters1428.huron.usbx.me via WIFI
2026-02-07 16:48:48.577  1484-1975  OkHttp                  com.rpeters.jellyfin                 I  --> GET https://rpeters1428.huron.usbx.me/jellyfin/Items/5965bbe4-d14f-93a8-0e5f-fe1623d165f2/Images/Primary?maxHeight=400&maxWidth=400
2026-02-07 16:48:48.578  1484-1975  OkHttp                  com.rpeters.jellyfin                 I  Connection: keep-alive
2026-02-07 16:48:48.578  1484-1975  OkHttp                  com.rpeters.jellyfin                 I  Accept-Encoding: gzip, deflate
2026-02-07 16:48:48.578  1484-1975  OkHttp                  com.rpeters.jellyfin                 I  User-Agent: JellyfinAndroid/1.0.0
2026-02-07 16:48:48.578  1484-1975  OkHttp                  com.rpeters.jellyfin                 I  X-Emby-Authorization: MediaBrowser Client="Jellyfin Android", Device="Samsung SM-S938U1", DeviceId="9f50be16948c2bec", Version="14.07", Token="bc86a4ad1d974a3d8f18d14cf1c90139"
2026-02-07 16:48:48.578  1484-1975  OkHttp                  com.rpeters.jellyfin                 I  Authorization: MediaBrowser Token="bc86a4ad1d974a3d8f18d14cf1c90139"
2026-02-07 16:48:48.578  1484-1975  OkHttp                  com.rpeters.jellyfin                 I  X-Emby-Token: bc86a4ad1d974a3d8f18d14cf1c90139
2026-02-07 16:48:48.578  1484-1975  OkHttp                  com.rpeters.jellyfin                 I  --> END GET
2026-02-07 16:48:48.582  1484-1981  OkHttp                  com.rpeters.jellyfin                 I  --> GET https://rpeters1428.huron.usbx.me/jellyfin/Items/d2887624-85df-7c86-8acf-f36dda0e89f5/Images/Primary?maxHeight=400&maxWidth=400
2026-02-07 16:48:48.582  1484-1981  OkHttp                  com.rpeters.jellyfin                 I  Connection: keep-alive
2026-02-07 16:48:48.582  1484-1981  OkHttp                  com.rpeters.jellyfin                 I  Accept-Encoding: gzip, deflate
2026-02-07 16:48:48.582  1484-1981  OkHttp                  com.rpeters.jellyfin                 I  User-Agent: JellyfinAndroid/1.0.0
2026-02-07 16:48:48.582  1484-1981  OkHttp                  com.rpeters.jellyfin                 I  X-Emby-Authorization: MediaBrowser Client="Jellyfin Android", Device="Samsung SM-S938U1", DeviceId="9f50be16948c2bec", Version="14.07", Token="bc86a4ad1d974a3d8f18d14cf1c90139"
2026-02-07 16:48:48.582  1484-1981  OkHttp                  com.rpeters.jellyfin                 I  Authorization: MediaBrowser Token="bc86a4ad1d974a3d8f18d14cf1c90139"
2026-02-07 16:48:48.582  1484-1981  OkHttp                  com.rpeters.jellyfin                 I  X-Emby-Token: bc86a4ad1d974a3d8f18d14cf1c90139
2026-02-07 16:48:48.582  1484-1981  OkHttp                  com.rpeters.jellyfin                 I  --> END GET
2026-02-07 16:48:48.708  1484-2031  NetworkStateInterceptor com.rpeters.jellyfin                 D  Request to rpeters1428.huron.usbx.me via WIFI
2026-02-07 16:48:48.724  1484-2031  OkHttp                  com.rpeters.jellyfin                 I  --> GET https://rpeters1428.huron.usbx.me/jellyfin/Items/074e006f-287d-1c90-83d7-566c27618c67/Images/Primary?maxHeight=400&maxWidth=400
2026-02-07 16:48:48.724  1484-2031  OkHttp                  com.rpeters.jellyfin                 I  Connection: keep-alive
2026-02-07 16:48:48.724  1484-2031  OkHttp                  com.rpeters.jellyfin                 I  Accept-Encoding: gzip, deflate
2026-02-07 16:48:48.724  1484-2031  OkHttp                  com.rpeters.jellyfin                 I  User-Agent: JellyfinAndroid/1.0.0
2026-02-07 16:48:48.724  1484-2031  OkHttp                  com.rpeters.jellyfin                 I  X-Emby-Authorization: MediaBrowser Client="Jellyfin Android", Device="Samsung SM-S938U1", DeviceId="9f50be16948c2bec", Version="14.07", Token="bc86a4ad1d974a3d8f18d14cf1c90139"
2026-02-07 16:48:48.725  1484-2031  OkHttp                  com.rpeters.jellyfin                 I  Authorization: MediaBrowser Token="bc86a4ad1d974a3d8f18d14cf1c90139"
2026-02-07 16:48:48.725  1484-2031  OkHttp                  com.rpeters.jellyfin                 I  X-Emby-Token: bc86a4ad1d974a3d8f18d14cf1c90139
2026-02-07 16:48:48.725  1484-2031  OkHttp                  com.rpeters.jellyfin                 I  --> END GET
2026-02-07 16:48:48.727  1484-2033  NetworkStateInterceptor com.rpeters.jellyfin                 D  Request to rpeters1428.huron.usbx.me via WIFI
2026-02-07 16:48:48.729  1484-2033  OkHttp                  com.rpeters.jellyfin                 I  --> GET https://rpeters1428.huron.usbx.me/jellyfin/Items/b4e8356f-c36b-4c21-0ad8-cdadebe8301a/Images/Primary?maxHeight=400&maxWidth=400
2026-02-07 16:48:48.729  1484-2033  OkHttp                  com.rpeters.jellyfin                 I  Connection: keep-alive
2026-02-07 16:48:48.729  1484-2033  OkHttp                  com.rpeters.jellyfin                 I  Accept-Encoding: gzip, deflate
2026-02-07 16:48:48.729  1484-2033  OkHttp                  com.rpeters.jellyfin                 I  User-Agent: JellyfinAndroid/1.0.0
2026-02-07 16:48:48.729  1484-2033  OkHttp                  com.rpeters.jellyfin                 I  X-Emby-Authorization: MediaBrowser Client="Jellyfin Android", Device="Samsung SM-S938U1", DeviceId="9f50be16948c2bec", Version="14.07", Token="bc86a4ad1d974a3d8f18d14cf1c90139"
2026-02-07 16:48:48.729  1484-2033  OkHttp                  com.rpeters.jellyfin                 I  Authorization: MediaBrowser Token="bc86a4ad1d974a3d8f18d14cf1c90139"
2026-02-07 16:48:48.729  1484-2033  OkHttp                  com.rpeters.jellyfin                 I  X-Emby-Token: bc86a4ad1d974a3d8f18d14cf1c90139
2026-02-07 16:48:48.729  1484-2033  OkHttp                  com.rpeters.jellyfin                 I  --> END GET
2026-02-07 16:48:48.800  1484-2036  NetworkStateInterceptor com.rpeters.jellyfin                 D  Request to rpeters1428.huron.usbx.me via WIFI
2026-02-07 16:48:48.802  1484-2036  OkHttp                  com.rpeters.jellyfin                 I  --> GET https://rpeters1428.huron.usbx.me/jellyfin/Items/4a19f7c0-11ff-af94-9131-3249af5a2169/Images/Primary?maxHeight=400&maxWidth=400
2026-02-07 16:48:48.802  1484-2036  OkHttp                  com.rpeters.jellyfin                 I  Connection: keep-alive
2026-02-07 16:48:48.802  1484-2036  OkHttp                  com.rpeters.jellyfin                 I  Accept-Encoding: gzip, deflate
2026-02-07 16:48:48.802  1484-2036  OkHttp                  com.rpeters.jellyfin                 I  User-Agent: JellyfinAndroid/1.0.0
2026-02-07 16:48:48.802  1484-2036  OkHttp                  com.rpeters.jellyfin                 I  X-Emby-Authorization: MediaBrowser Client="Jellyfin Android", Device="Samsung SM-S938U1", DeviceId="9f50be16948c2bec", Version="14.07", Token="bc86a4ad1d974a3d8f18d14cf1c90139"
2026-02-07 16:48:48.802  1484-2036  OkHttp                  com.rpeters.jellyfin                 I  Authorization: MediaBrowser Token="bc86a4ad1d974a3d8f18d14cf1c90139"
2026-02-07 16:48:48.802  1484-2036  OkHttp                  com.rpeters.jellyfin                 I  X-Emby-Token: bc86a4ad1d974a3d8f18d14cf1c90139
2026-02-07 16:48:48.802  1484-2036  OkHttp                  com.rpeters.jellyfin                 I  --> END GET
2026-02-07 16:48:48.837  1484-1981  PinningTrustManager     com.rpeters.jellyfin                 D  Validating certificate for hostname: rpeters1428.huron.usbx.me
2026-02-07 16:48:48.837  1484-1981  peters.jellyfin         com.rpeters.jellyfin                 I  hiddenapi: Accessing hidden method Landroid/security/net/config/RootTrustManager;->checkServerTrusted([Ljava/security/cert/X509Certificate;Ljava/lang/String;Ljava/lang/String;)Ljava/util/List; (runtime_flags=0, domain=platform, api=unsupported) from Lcom/rpeters/jellyfin/data/security/PinningTrustManager; (domain=app, TargetSdkVersion=35) using reflection: allowed
2026-02-07 16:48:48.853  1484-1975  PinningTrustManager     com.rpeters.jellyfin                 D  Validating certificate for hostname: rpeters1428.huron.usbx.me
2026-02-07 16:48:48.857  1484-1981  Certificat...ingManager com.rpeters.jellyfin                 D  Stored certificate pin for rpeters1428.huron.usbx.me (backups=1, expires=1778287728851)
2026-02-07 16:48:48.857  1484-1981  PinningTrustManager     com.rpeters.jellyfin                 D  Certificate pin validated successfully for rpeters1428.huron.usbx.me
2026-02-07 16:48:48.858  1484-1981  PinningHostnameVerifier com.rpeters.jellyfin                 D  Hostname verification for rpeters1428.huron.usbx.me: true
2026-02-07 16:48:48.868  1484-1975  Certificat...ingManager com.rpeters.jellyfin                 D  Stored certificate pin for rpeters1428.huron.usbx.me (backups=1, expires=1778287728861)
2026-02-07 16:48:48.868  1484-1975  PinningTrustManager     com.rpeters.jellyfin                 D  Certificate pin validated successfully for rpeters1428.huron.usbx.me
2026-02-07 16:48:48.868  1484-1975  PinningHostnameVerifier com.rpeters.jellyfin                 D  Hostname verification for rpeters1428.huron.usbx.me: true
2026-02-07 16:48:48.914  1484-2031  PinningTrustManager     com.rpeters.jellyfin                 D  Validating certificate for hostname: rpeters1428.huron.usbx.me
2026-02-07 16:48:48.931  1484-2031  Certificat...ingManager com.rpeters.jellyfin                 D  Stored certificate pin for rpeters1428.huron.usbx.me (backups=1, expires=1778287728923)
2026-02-07 16:48:48.931  1484-2031  PinningTrustManager     com.rpeters.jellyfin                 D  Certificate pin validated successfully for rpeters1428.huron.usbx.me
2026-02-07 16:48:48.932  1484-2031  PinningHostnameVerifier com.rpeters.jellyfin                 D  Hostname verification for rpeters1428.huron.usbx.me: true
2026-02-07 16:48:48.945  1484-2033  PinningTrustManager     com.rpeters.jellyfin                 D  Validating certificate for hostname: rpeters1428.huron.usbx.me
2026-02-07 16:48:48.960  1484-2033  Certificat...ingManager com.rpeters.jellyfin                 D  Stored certificate pin for rpeters1428.huron.usbx.me (backups=1, expires=1778287728953)
2026-02-07 16:48:48.960  1484-2033  PinningTrustManager     com.rpeters.jellyfin                 D  Certificate pin validated successfully for rpeters1428.huron.usbx.me
2026-02-07 16:48:48.961  1484-2033  PinningHostnameVerifier com.rpeters.jellyfin                 D  Hostname verification for rpeters1428.huron.usbx.me: true
2026-02-07 16:48:48.966  1484-1975  OkHttp                  com.rpeters.jellyfin                 I  <-- HTTP FAILED: java.net.SocketException: Socket closed. https://rpeters1428.huron.usbx.me/jellyfin/Items/5965bbe4-d14f-93a8-0e5f-fe1623d165f2/Images/Primary?maxHeight=400&maxWidth=400 (387ms)
2026-02-07 16:48:48.966  1484-1975  NetworkStateInterceptor com.rpeters.jellyfin                 E  Network error: Socket closed (Network: WIFI) (Fix with AI)
                                                                                                    java.net.SocketException: Socket closed
                                                                                                    	at java.net.SocketInputStream.read(SocketInputStream.java:188)
                                                                                                    	at java.net.SocketInputStream.read(SocketInputStream.java:143)
                                                                                                    	at com.android.org.conscrypt.ConscryptEngineSocket$SSLInputStream.readFromSocket(ConscryptEngineSocket.java:994)
                                                                                                    	at com.android.org.conscrypt.ConscryptEngineSocket$SSLInputStream.processDataFromSocket(ConscryptEngineSocket.java:958)
                                                                                                    	at com.android.org.conscrypt.ConscryptEngineSocket$SSLInputStream.readUntilDataAvailable(ConscryptEngineSocket.java:873)
                                                                                                    	at com.android.org.conscrypt.ConscryptEngineSocket$SSLInputStream.read(ConscryptEngineSocket.java:846)
                                                                                                    	at okio.internal.DefaultSocket$SocketSource.read(DefaultSocket.kt:124)
                                                                                                    	at okio.RealBufferedSource.indexOf(RealBufferedSource.kt:457)
                                                                                                    	at okio.RealBufferedSource.readUtf8LineStrict(RealBufferedSource.kt:350)
                                                                                                    	at okhttp3.internal.http1.HeadersReader.readLine(HeadersReader.kt:31)
                                                                                                    	at okhttp3.internal.http1.Http1ExchangeCodec.readResponseHeaders(Http1ExchangeCodec.kt:196)
                                                                                                    	at okhttp3.internal.connection.Exchange.readResponseHeaders(Exchange.kt:117)
                                                                                                    	at okhttp3.internal.http.CallServerInterceptor.intercept(CallServerInterceptor.kt:97)
                                                                                                    	at okhttp3.internal.http.RealInterceptorChain.proceed(RealInterceptorChain.kt:126)
                                                                                                    	at okhttp3.internal.connection.ConnectInterceptor.intercept(ConnectInterceptor.kt:34)
                                                                                                    	at okhttp3.internal.http.RealInterceptorChain.proceed(RealInterceptorChain.kt:126)
                                                                                                    	at okhttp3.internal.cache.CacheInterceptor.intercept(CacheInterceptor.kt:101)
                                                                                                    	at okhttp3.internal.http.RealInterceptorChain.proceed(RealInterceptorChain.kt:126)
                                                                                                    	at okhttp3.internal.http.BridgeInterceptor.intercept(BridgeInterceptor.kt:85)
                                                                                                    	at okhttp3.internal.http.RealInterceptorChain.proceed(RealInterceptorChain.kt:126)
                                                                                                    	at okhttp3.internal.http.RetryAndFollowUpInterceptor.intercept(RetryAndFollowUpInterceptor.kt:74)
                                                                                                    	at okhttp3.internal.http.RealInterceptorChain.proceed(RealInterceptorChain.kt:126)
                                                                                                    	at com.rpeters.jellyfin.utils.ImageLoadingOptimizer$buildImageLoader$$inlined$-addInterceptor$1.intercept(OkHttpClient.kt:1392)
                                                                                                    	at okhttp3.internal.http.RealInterceptorChain.proceed(RealInterceptorChain.kt:126)
                                                                                                    	at okhttp3.logging.HttpLoggingInterceptor.intercept(HttpLoggingInterceptor.kt:248)
                                                                                                    	at okhttp3.internal.http.RealInterceptorChain.proceed(RealInterceptorChain.kt:126)
                                                                                                    	at com.rpeters.jellyfin.network.CachePolicyInterceptor.intercept(CachePolicyInterceptor.kt:34)
                                                                                                    	at okhttp3.internal.http.RealInterceptorChain.proceed(RealInterceptorChain.kt:126)
                                                                                                    	at com.rpeters.jellyfin.network.JellyfinAuthInterceptor.intercept(JellyfinAuthInterceptor.kt:52)
                                                                                                    	at okhttp3.internal.http.RealInterceptorChain.proceed(RealInterceptorChain.kt:126)
                                                                                                    	at com.rpeters.jellyfin.network.NetworkStateInterceptor.intercept(NetworkStateInterceptor.kt:38)
                                                                                                    	at okhttp3.internal.http.RealInterceptorChain.proceed(RealInterceptorChain.kt:126)
                                                                                                    	at okhttp3.internal.connection.RealCall.getResponseWithInterceptorChain$okhttp(RealCall.kt:226)
                                                                                                    	at okhttp3.internal.connection.RealCall$AsyncCall.run(RealCall.kt:574)
                                                                                                    	at java.util.concurrent.ThreadPoolExecutor.runWorker(ThreadPoolExecutor.java:1154)
                                                                                                    	at java.util.concurrent.ThreadPoolExecutor$Worker.run(ThreadPoolExecutor.java:652)
                                                                                                    	at java.lang.Thread.run(Thread.java:1563)
2026-02-07 16:48:48.968  1484-1981  OkHttp                  com.rpeters.jellyfin                 I  <-- HTTP FAILED: java.net.SocketException: Socket closed. https://rpeters1428.huron.usbx.me/jellyfin/Items/d2887624-85df-7c86-8acf-f36dda0e89f5/Images/Primary?maxHeight=400&maxWidth=400 (385ms)
2026-02-07 16:48:48.968  1484-1981  NetworkStateInterceptor com.rpeters.jellyfin                 E  Network error: Socket closed (Network: WIFI) (Fix with AI)
                                                                                                    java.net.SocketException: Socket closed
                                                                                                    	at java.net.SocketInputStream.read(SocketInputStream.java:188)
                                                                                                    	at java.net.SocketInputStream.read(SocketInputStream.java:143)
                                                                                                    	at com.android.org.conscrypt.ConscryptEngineSocket$SSLInputStream.readFromSocket(ConscryptEngineSocket.java:994)
                                                                                                    	at com.android.org.conscrypt.ConscryptEngineSocket$SSLInputStream.processDataFromSocket(ConscryptEngineSocket.java:958)
                                                                                                    	at com.android.org.conscrypt.ConscryptEngineSocket$SSLInputStream.readUntilDataAvailable(ConscryptEngineSocket.java:873)
