2026-02-03 20:12:19.204 17659-17755 VRI[Pop-Up...w]@a1341ad com.rpeters.jellyfin                 I  mWNT: t=0xb400007313dba7e0 mBlastBufferQueue=0xb4000073e3d022a0 fn= 1 HdrRenderState mRenderHdrSdrRatio=1.0 caller= android.view.ViewRootImpl$12.onFrameDraw:15557 android.view.ThreadedRenderer$1.onFrameDraw:751 <bottom of call stack>
2026-02-03 20:12:19.204 17659-17755 VRI[Pop-Up...w]@a1341ad com.rpeters.jellyfin                 I  Setting up sync and frameCommitCallback
2026-02-03 20:12:19.204 17659-17740 BLASTBufferQueue        com.rpeters.jellyfin                 I  [VRI[Pop-Up Window]@a1341ad#7](f:0,a:0,s:0) onFrameAvailable the first frame is available
2026-02-03 20:12:19.204 17659-17740 SurfaceComposerClient   com.rpeters.jellyfin                 I  apply transaction with the first frame. layerId: 184928, bufferData(ID: 75844827480712, frameNumber: 1)
2026-02-03 20:12:19.204 17659-17740 VRI[Pop-Up...w]@a1341ad com.rpeters.jellyfin                 I  Received frameCommittedCallback lastAttemptedDrawFrameNum=1 didProduceBuffer=true
2026-02-03 20:12:19.204 17659-17740 HWUI                    com.rpeters.jellyfin                 D  CFMS:: SetUp Pid : 17659    Tid : 17740
2026-02-03 20:12:19.204 17659-17659 VRI[Pop-Up...w]@a1341ad com.rpeters.jellyfin                 D  reportDrawFinished seqId=0
2026-02-03 20:12:19.208 17659-17740 HWUI                    com.rpeters.jellyfin                 D  HWUI - treat SMPTE_170M as sRGB
2026-02-03 20:12:19.210 17659-17659 BLASTBufferQueue_Java   com.rpeters.jellyfin                 I  update, w= 600 h= 780 mName = VRI[Pop-Up Window]@a1341ad mNativeObject= 0xb4000073e3d022a0 sc.mNativeObject= 0xb400007273d77d10 format= -3 caller= android.view.ViewRootImpl.updateBlastSurfaceIfNeeded:3592 android.view.ViewRootImpl.relayoutWindow:11809 android.view.ViewRootImpl.performTraversals:4839 android.view.ViewRootImpl.doTraversal:3959 android.view.ViewRootImpl$TraversalRunnable.run:13030 android.view.Choreographer$CallbackRecord.run:1961
2026-02-03 20:12:19.211 17659-17659 VRI[Pop-Up...w]@a1341ad com.rpeters.jellyfin                 I  Relayout returned: old=(1905,532,2325,1132) new=(1905,532,2325,1132) relayoutAsync=true req=(420,600)0 dur=0 res=0x0 s={true 0xb400007333d81340} ch=false seqId=0
2026-02-03 20:12:19.211 17659-17659 VRI[Pop-Up...w]@a1341ad com.rpeters.jellyfin                 I  registerCallbackForPendingTransactions
2026-02-03 20:12:19.211 17659-17758 VRI[Pop-Up...w]@a1341ad com.rpeters.jellyfin                 I  mWNT: t=0xb400007313dbb810 mBlastBufferQueue=0xb4000073e3d022a0 fn= 2 HdrRenderState mRenderHdrSdrRatio=1.0 caller= android.view.ViewRootImpl$10.onFrameDraw:6611 android.view.ViewRootImpl$4.onFrameDraw:2485 android.view.ThreadedRenderer$1.onFrameDraw:751
2026-02-03 20:12:19.212 17659-17659 VRI[Pop-Up...w]@a1341ad com.rpeters.jellyfin                 I  handleResized, frames=ClientWindowFrames{frame=[1905,532][2325,1132] display=[128,0][3120,1440] parentFrame=[0,0][0,0] attachedFrame=[0,0][3120,1440]} displayId=0 dragResizing=false compatScale=1.0 frameChanged=false attachedFrameChanged=false configChanged=false displayChanged=false compatScaleChanged=false dragResizingChanged=false
2026-02-03 20:12:19.212 17659-17659 VRI[Pop-Up...w]@a1341ad com.rpeters.jellyfin                 I  handleResized mSyncSeqId = 0
2026-02-03 20:12:19.212 17659-17659 VRI[Pop-Up...w]@a1341ad com.rpeters.jellyfin                 D  reportNextDraw android.view.ViewRootImpl.handleResized:2995 android.view.ViewRootImpl.-$$Nest$mhandleResized:0 android.view.ViewRootImpl$W.resized:14196 android.app.servertransaction.WindowStateResizeItem.execute:81 android.app.servertransaction.WindowStateTransactionItem.execute:62
2026-02-03 20:12:19.214 17659-17659 BLASTBufferQueue_Java   com.rpeters.jellyfin                 I  update, w= 600 h= 780 mName = VRI[Pop-Up Window]@a1341ad mNativeObject= 0xb4000073e3d022a0 sc.mNativeObject= 0xb400007273d77d10 format= -3 caller= android.view.ViewRootImpl.updateBlastSurfaceIfNeeded:3592 android.view.ViewRootImpl.relayoutWindow:11809 android.view.ViewRootImpl.performTraversals:4839 android.view.ViewRootImpl.doTraversal:3959 android.view.ViewRootImpl$TraversalRunnable.run:13030 android.view.Choreographer$CallbackRecord.run:1961
2026-02-03 20:12:19.214 17659-17659 VRI[Pop-Up...w]@a1341ad com.rpeters.jellyfin                 I  Relayout returned: old=(1905,532,2325,1132) new=(1905,532,2325,1132) relayoutAsync=true req=(420,600)0 dur=1 res=0x0 s={true 0xb400007333d81340} ch=false seqId=0
2026-02-03 20:12:19.214 17659-17659 VRI[Pop-Up...w]@a1341ad com.rpeters.jellyfin                 D  Setup new sync=wmsSync-VRI[Pop-Up Window]@a1341ad#26
2026-02-03 20:12:19.214 17659-17659 VRI[Pop-Up...w]@a1341ad com.rpeters.jellyfin                 I  Creating new active sync group VRI[Pop-Up Window]@a1341ad#27
2026-02-03 20:12:19.214 17659-17659 VRI[Pop-Up...w]@a1341ad com.rpeters.jellyfin                 D  registerCallbacksForSync syncBuffer=false
2026-02-03 20:12:19.214 17659-17755 VRI[Pop-Up...w]@a1341ad com.rpeters.jellyfin                 D  Received frameDrawingCallback syncResult=0 frameNum=3.
2026-02-03 20:12:19.214 17659-17755 VRI[Pop-Up...w]@a1341ad com.rpeters.jellyfin                 I  mWNT: t=0xb400007313d88320 mBlastBufferQueue=0xb4000073e3d022a0 fn= 3 HdrRenderState mRenderHdrSdrRatio=1.0 caller= android.view.ViewRootImpl$12.onFrameDraw:15557 android.view.ThreadedRenderer$1.onFrameDraw:751 <bottom of call stack>
2026-02-03 20:12:19.214 17659-17755 VRI[Pop-Up...w]@a1341ad com.rpeters.jellyfin                 I  Setting up sync and frameCommitCallback
2026-02-03 20:12:19.215 17659-17740 VRI[Pop-Up...w]@a1341ad com.rpeters.jellyfin                 I  Received frameCommittedCallback lastAttemptedDrawFrameNum=3 didProduceBuffer=true
2026-02-03 20:12:19.215 17659-17659 VRI[Pop-Up...w]@a1341ad com.rpeters.jellyfin                 D  reportDrawFinished seqId=0
2026-02-03 20:12:19.216 17659-17659 ImeFocusController      com.rpeters.jellyfin                 I  onPreWindowFocus: skipped hasWindowFocus=false mHasImeFocus=true
2026-02-03 20:12:19.216 17659-17659 ImeFocusController      com.rpeters.jellyfin                 I  onPostWindowFocus: skipped hasWindowFocus=false mHasImeFocus=true
2026-02-03 20:12:19.220 17659-17659 VRI[Pop-Up...w]@a1341ad com.rpeters.jellyfin                 D  mThreadedRenderer.initializeIfNeeded()#2 mSurface={isValid=true 0xb400007333d81340}
2026-02-03 20:12:19.220 17659-17659 InputMethodManagerUtils com.rpeters.jellyfin                 D  startInputInner - Id : 0
2026-02-03 20:12:19.220 17659-17659 InputMethodManager      com.rpeters.jellyfin                 I  startInputInner - IInputMethodManagerGlobalInvoker.startInputOrWindowGainedFocus
2026-02-03 20:12:19.221 17659-17659 InsetsController        com.rpeters.jellyfin                 D  hide(ime())
2026-02-03 20:12:19.221 17659-17659 ImeTracker              com.rpeters.jellyfin                 I  com.rpeters.jellyfin:92e885d1: onCancelled at PHASE_CLIENT_ALREADY_HIDDEN
2026-02-03 20:12:19.221 17659-17683 InputTransport          com.rpeters.jellyfin                 D  Input channel constructed: 'ClientS', fd=349
2026-02-03 20:12:20.080 17659-17683 AidlBufferPool          com.rpeters.jellyfin                 D  bufferpool2 0xb400007313df50d8 : 11(92274688 size) total buffers - 11(92274688 size) used buffers - 614/625 (recycle/alloc) - 11/625 (fetch/transfer)
2026-02-03 20:12:20.273 17659-17716 TRuntime.C...ortBackend com.rpeters.jellyfin                 I  Making request to: https://firebaselogging-pa.googleapis.com/v1/firelog/legacy/batchlog
2026-02-03 20:12:20.399 17659-18579 AidlBufferPool          com.rpeters.jellyfin                 D  bufferpool2 0xb400007313dcf548 : 5(28800 size) total buffers - 1(5760 size) used buffers - 1307/1312 (recycle/alloc) - 5/2620 (fetch/transfer)
2026-02-03 20:12:21.011 17659-17733 RepositoryUtils         com.rpeters.jellyfin                 D  [VERBOSE] validateServer: Server validation passed for user rpeters1428 on https://rpeters1428.huron.usbx.me/jellyfin
2026-02-03 20:12:21.053 17659-17659 VRI[Pop-Up...w]@a1341ad com.rpeters.jellyfin                 I  ViewPostIme pointer 0
2026-02-03 20:12:21.055 17659-17659 VRI[Pop-Up...w]@a1341ad com.rpeters.jellyfin                 I  call setFrameRateCategory for touch hint category=high hint, reason=touch, vri=VRI[Pop-Up Window]@a1341ad
2026-02-03 20:12:21.067 17659-17659 BLASTBufferQueue_Java   com.rpeters.jellyfin                 I  update, w= 600 h= 780 mName = VRI[Pop-Up Window]@a1341ad mNativeObject= 0xb4000073e3d022a0 sc.mNativeObject= 0xb400007273d77d10 format= -3 caller= android.view.ViewRootImpl.updateBlastSurfaceIfNeeded:3592 android.view.ViewRootImpl.relayoutWindow:11809 android.view.ViewRootImpl.performTraversals:4839 android.view.ViewRootImpl.doTraversal:3959 android.view.ViewRootImpl$TraversalRunnable.run:13030 android.view.Choreographer$CallbackRecord.run:1961
2026-02-03 20:12:21.067 17659-17659 VRI[Pop-Up...w]@a1341ad com.rpeters.jellyfin                 I  Relayout returned: old=(1905,532,2325,1132) new=(1905,532,2325,1132) relayoutAsync=true req=(420,600)0 dur=0 res=0x0 s={true 0xb400007333d81340} ch=false seqId=0
2026-02-03 20:12:21.067 17659-17659 VRI[Pop-Up...w]@a1341ad com.rpeters.jellyfin                 I  registerCallbackForPendingTransactions
2026-02-03 20:12:21.068 17659-17758 VRI[Pop-Up...w]@a1341ad com.rpeters.jellyfin                 I  mWNT: t=0xb400007313d7d360 mBlastBufferQueue=0xb4000073e3d022a0 fn= 18 HdrRenderState mRenderHdrSdrRatio=1.0 caller= android.view.ViewRootImpl$10.onFrameDraw:6611 android.view.ViewRootImpl$4.onFrameDraw:2485 android.view.ThreadedRenderer$1.onFrameDraw:751
2026-02-03 20:12:21.068 17659-17740 BLASTBufferQueue_Java   com.rpeters.jellyfin                 I  applyPendingTransactions, mName= VRI[Pop-Up Window]@a1341ad mNativeObject= 0xb4000073e3d022a0 frameNumber= 18 caller= android.view.ViewRootImpl$10.lambda$onFrameDraw$0:6625 android.view.ViewRootImpl$10.$r8$lambda$9Asgene6-vG9RkigzOD8vEb0AKc:0 android.view.ViewRootImpl$10$$ExternalSyntheticLambda0.onFrameCommit:0 android.view.ThreadedRenderer$1.lambda$onFrameDraw$0:763 android.view.ThreadedRenderer$1$$ExternalSyntheticLambda0.onFrameCommit:0 <bottom of call stack>
2026-02-03 20:12:21.144 17659-17659 VRI[Pop-Up...w]@a1341ad com.rpeters.jellyfin                 I  ViewPostIme pointer 1
2026-02-03 20:12:21.158 17659-17659 SurfaceView             com.rpeters.jellyfin                 I  241843296 Changes: creating=false format=false size=true visible=false alpha=false hint=false left=true top=false z=false attached=true lifecycleStrategy=false
2026-02-03 20:12:21.158 17659-17659 SurfaceView             com.rpeters.jellyfin                 I  241843296 Cur surface: Surface(name=null mNativeObject=-5476376652090623472)/@0x924d465
2026-02-03 20:12:21.158 17659-17659 BLASTBufferQueue_Java   com.rpeters.jellyfin                 I  update, w= 2560 h= 1440 mName = e6a3c60 SurfaceView[com.rpeters.jellyfin/com.rpeters.jellyfin.ui.player.VideoPlayerActivity]@0 mNativeObject= 0xb4000073e3d21c60 sc.mNativeObject= 0xb400007273d9b290 format= 4 caller= android.view.SurfaceView.setBufferSize:1800 android.view.SurfaceView.performSurfaceTransaction:1295 android.view.SurfaceView.updateSurface:1550 android.view.SurfaceView.setFrame:746 android.view.View.layout:27355 android.widget.FrameLayout.layoutChildren:345
2026-02-03 20:12:21.158 17659-17659 SV[2418432...rActivity] com.rpeters.jellyfin                 I  pST: sr = Rect(280, 0 - 2840, 1440) sw = 2560 sh = 1440
2026-02-03 20:12:21.158 17659-17659 SurfaceView             com.rpeters.jellyfin                 D  241843296 performSurfaceTransaction RenderWorker position = [280, 0, 2840, 1440] surfaceSize = 2560x1440
2026-02-03 20:12:21.158 17659-17659 SV[2418432...rActivity] com.rpeters.jellyfin                 I  updateSurface: mVisible = true mSurface.isValid() = true
2026-02-03 20:12:21.158 17659-17659 SV[2418432...rActivity] com.rpeters.jellyfin                 I  updateSurface: mSurfaceCreated = true surfaceChanged = false visibleChanged = false
2026-02-03 20:12:21.158 17659-17659 SurfaceView             com.rpeters.jellyfin                 I  241843296 surfaceChanged -- format=4 w=2560 h=1440
2026-02-03 20:12:21.158 17659-17659 SV[2418432...rActivity] com.rpeters.jellyfin                 I  surfaceChanged (2560,1440) 1 #5 android.view.SurfaceView{e6a3c60 V.E...... ......ID 0,0-2560,1440}
2026-02-03 20:12:21.158 17659-17659 SurfaceView             com.rpeters.jellyfin                 I  241843296 surfaceRedrawNeeded
2026-02-03 20:12:21.158 17659-17659 SurfaceView             com.rpeters.jellyfin                 I  241843296 finishedDrawing
2026-02-03 20:12:21.158 17659-17659 SurfaceView             com.rpeters.jellyfin                 V  Layout: x=280 y=0 w=2560 h=1440, frame=Rect(0, 0 - 2560, 1440)
2026-02-03 20:12:21.159 17659-17740 SurfaceView             com.rpeters.jellyfin                 D  241843296 updateSurfacePosition RenderWorker, frameNr = 2017, position = [280, 0, 2840, 1440] surfaceSize = 2560x1440
2026-02-03 20:12:21.159 17659-17740 SV[2418432...rActivity] com.rpeters.jellyfin                 I  uSP: rtp = Rect(280, 0 - 2840, 1440) rtsw = 2560 rtsh = 1440
2026-02-03 20:12:21.159 17659-17740 SV[2418432...rActivity] com.rpeters.jellyfin                 I  onSSPAndSRT: pl = 280 pt = 0 sx = 1.0 sy = 1.0
2026-02-03 20:12:21.159 17659-17740 SV[2418432...rActivity] com.rpeters.jellyfin                 I  aOrMT: VRI[VideoPlayerActivity]@a8454e2 t = android.view.SurfaceControl$Transaction@9fdbbe8 fN = 2017 android.view.SurfaceView.-$$Nest$mapplyOrMergeTransaction:0 android.view.SurfaceView$SurfaceViewPositionUpdateListener.positionChanged:2029 android.graphics.RenderNode$CompositePositionUpdateListener.positionChanged:401
2026-02-03 20:12:21.159 17659-17740 VRI[VideoP...y]@a8454e2 com.rpeters.jellyfin                 I  mWNT: t=0xb400007313d64ee0 mBlastBufferQueue=0xb4000073e3d53720 fn= 2017 HdrRenderState mRenderHdrSdrRatio=1.0 caller= android.view.SurfaceView.applyOrMergeTransaction:1960 android.view.SurfaceView.-$$Nest$mapplyOrMergeTransaction:0 android.view.SurfaceView$SurfaceViewPositionUpdateListener.positionChanged:2029
2026-02-03 20:12:21.159 17659-17659 VRI[VideoP...y]@a8454e2 com.rpeters.jellyfin                 I  mWNT: t=0xb400007313db1190 mBlastBufferQueue=0xb4000073e3d53720 fn= 0 HdrRenderState mRenderHdrSdrRatio=1.0 caller= android.view.ViewRootImpl.performTraversals:5617 android.view.ViewRootImpl.doTraversal:3959 android.view.ViewRootImpl$TraversalRunnable.run:13030
2026-02-03 20:12:21.161 17659-18118 PlaybackProgressManager com.rpeters.jellyfin                 D  Reported progress at 25766ms for ed722338-a224-c138-d6be-5a759379850e
2026-02-03 20:12:21.165 17659-17659 BLASTBufferQueue_Java   com.rpeters.jellyfin                 I  update, w= 600 h= 780 mName = VRI[Pop-Up Window]@a1341ad mNativeObject= 0xb4000073e3d022a0 sc.mNativeObject= 0xb400007273d77d10 format= -3 caller= android.view.ViewRootImpl.updateBlastSurfaceIfNeeded:3592 android.view.ViewRootImpl.relayoutWindow:11809 android.view.ViewRootImpl.performTraversals:4839 android.view.ViewRootImpl.doTraversal:3959 android.view.ViewRootImpl$TraversalRunnable.run:13030 android.view.Choreographer$CallbackRecord.run:1961
2026-02-03 20:12:21.165 17659-17659 VRI[Pop-Up...w]@a1341ad com.rpeters.jellyfin                 I  Relayout returned: old=(1905,532,2325,1132) new=(1905,532,2325,1132) relayoutAsync=true req=(420,600)0 dur=0 res=0x0 s={true 0xb400007333d81340} ch=false seqId=0
2026-02-03 20:12:21.165 17659-17659 VRI[Pop-Up...w]@a1341ad com.rpeters.jellyfin                 I  registerCallbackForPendingTransactions
2026-02-03 20:12:21.165 17659-17755 VRI[Pop-Up...w]@a1341ad com.rpeters.jellyfin                 I  mWNT: t=0xb400007313db4910 mBlastBufferQueue=0xb4000073e3d022a0 fn= 19 HdrRenderState mRenderHdrSdrRatio=1.0 caller= android.view.ViewRootImpl$10.onFrameDraw:6611 android.view.ViewRootImpl$4.onFrameDraw:2485 android.view.ThreadedRenderer$1.onFrameDraw:751
2026-02-03 20:12:21.166 17659-17740 AdrenoVK-0              com.rpeters.jellyfin                 I  Shader compilation failed for shaderType: 4
2026-02-03 20:12:21.166 17659-17740 AdrenoVK-0              com.rpeters.jellyfin                 I  Pipeline create failed
2026-02-03 20:12:21.193 17659-17659 JobService              com.rpeters.jellyfin                 W  onNetworkChanged() not implemented in com.google.android.datatransport.runtime.scheduling.jobscheduling.JobInfoSchedulerService. Must override in a subclass.
2026-02-03 20:12:21.278 17659-17659 WindowManager           com.rpeters.jellyfin                 I  WindowManagerGlobal#removeView, ty=1002, view=androidx.compose.ui.window.PopupLayout{f5f5ec4 V.E...... ......ID 0,0-420,600 #1020002 android:id/content aid=1073741830}, caller=android.view.WindowManagerGlobal.removeView:654 android.view.WindowManagerImpl.removeViewImmediate:254 androidx.compose.ui.window.PopupLayout.dismiss:812
2026-02-03 20:12:21.278 17659-17659 WindowOnBackDispatcher  com.rpeters.jellyfin                 D  setTopOnBackInvokedCallback (unwrapped): null
2026-02-03 20:12:21.280 17659-17740 HWUI                    com.rpeters.jellyfin                 D  endAllActiveAnimators on 0xb400007333e4bfc0 (UnprojectedRipple) with handle 0xb400007233dedd30
2026-02-03 20:12:21.280 17659-17659 VRI[Pop-Up...w]@a1341ad com.rpeters.jellyfin                 I  dispatchDetachedFromWindow
2026-02-03 20:12:21.283 17659-17659 InputTransport          com.rpeters.jellyfin                 D  Input channel destroyed: '19bba01', fd=355
2026-02-03 20:12:21.286 17659-17659 LeakCanary              com.rpeters.jellyfin                 D  Watching instance of androidx.compose.ui.window.PopupLayout (androidx.compose.ui.window.PopupLayout received View#onDetachedFromWindow() callback) with key db297dbd-3ce7-4067-9322-976e195e745d
2026-02-03 20:12:21.301 17659-17659 VRI[VideoP...y]@a8454e2 com.rpeters.jellyfin                 D  mThreadedRenderer.initializeIfNeeded()#2 mSurface={isValid=true 0xb400007333d29e50}
2026-02-03 20:12:21.301 17659-17659 InputMethodManagerUtils com.rpeters.jellyfin                 D  startInputInner - Id : 0
2026-02-03 20:12:21.301 17659-17659 InputMethodManager      com.rpeters.jellyfin                 I  startInputInner - IInputMethodManagerGlobalInvoker.startInputOrWindowGainedFocus
2026-02-03 20:12:21.302 17659-17659 InsetsController        com.rpeters.jellyfin                 D  hide(ime())
2026-02-03 20:12:21.302 17659-17659 ImeTracker              com.rpeters.jellyfin                 I  com.rpeters.jellyfin:6af454a5: onCancelled at PHASE_CLIENT_ALREADY_HIDDEN
2026-02-03 20:12:21.302 17659-17683 InputTransport          com.rpeters.jellyfin                 D  Input channel constructed: 'ClientS', fd=331
2026-02-03 20:12:21.920 17659-17659 VRI[VideoP...y]@a8454e2 com.rpeters.jellyfin                 I  ViewPostIme pointer 0
2026-02-03 20:12:21.985 17659-17659 VRI[VideoP...y]@a8454e2 com.rpeters.jellyfin                 I  ViewPostIme pointer 1
2026-02-03 20:12:22.336 17659-17659 VRI[VideoP...y]@a8454e2 com.rpeters.jellyfin                 I  ViewPostIme pointer 0
2026-02-03 20:12:22.376 17659-17659 VRI[VideoP...y]@a8454e2 com.rpeters.jellyfin                 I  ViewPostIme pointer 1
2026-02-03 20:12:22.553 17659-18118 RepositoryUtils         com.rpeters.jellyfin                 D  [VERBOSE] validateServer: Server validation passed for user rpeters1428 on https://rpeters1428.huron.usbx.me/jellyfin
2026-02-03 20:12:22.561 17659-17716 TRuntime.C...ortBackend com.rpeters.jellyfin                 I  Status Code: 200
2026-02-03 20:12:22.619 17659-17659 LeakCanary              com.rpeters.jellyfin                 D  Watching instance of com.google.android.datatransport.runtime.scheduling.jobscheduling.JobInfoSchedulerService (com.google.android.datatransport.runtime.scheduling.jobscheduling.JobInfoSchedulerService received Service#onDestroy() callback) with key d4e95bed-510c-4516-a67a-baae9c5a1ee7
2026-02-03 20:12:22.851 17659-17659 VRI[VideoP...y]@a8454e2 com.rpeters.jellyfin                 I  ViewPostIme pointer 0
2026-02-03 20:12:22.925 17659-17659 VRI[VideoP...y]@a8454e2 com.rpeters.jellyfin                 I  ViewPostIme pointer 1
2026-02-03 20:12:22.934 17659-17659 WindowManager           com.rpeters.jellyfin                 I  WindowManagerGlobal#addView, ty=1002, view=androidx.compose.ui.window.PopupLayout{6cc068c V.E...... ......I. 0,0-0,0 #1020002 android:id/content}, caller=android.view.WindowManagerImpl.addView:167 androidx.compose.ui.window.PopupLayout.show:581 androidx.compose.ui.window.AndroidPopup_androidKt$Popup$2$1.invoke:340
2026-02-03 20:12:22.934 17659-17659 ViewRootImpl            com.rpeters.jellyfin                 D  desktopMode is false
2026-02-03 20:12:22.934 17659-17659 ViewRootImpl            com.rpeters.jellyfin                 I  dVRR is disabled
2026-02-03 20:12:22.935 17659-17740 NativeCust...ncyManager com.rpeters.jellyfin                 D  [NativeCFMS] BpCustomFrequencyManager::BpCustomFrequencyManager()
2026-02-03 20:12:22.938 17659-17659 InputTransport          com.rpeters.jellyfin                 D  Input channel constructed: 'f46114c', fd=488
2026-02-03 20:12:22.939 17659-17659 InsetsController        com.rpeters.jellyfin                 I  onStateChanged: host=Pop-Up Window, from=android.view.ViewRootImpl.onInsetsStateChanged:3038, state=InsetsState: {mDisplayFrame=Rect(0, 0 - 3120, 1440), mDisplayCutout=DisplayCutout{insets=Rect(128, 0 - 0, 0) waterfall=Insets{left=0, top=0, right=0, bottom=0} boundingRect={Bounds=[Rect(0, 685 - 128, 755), Rect(0, 0 - 0, 0), Rect(0, 0 - 0, 0), Rect(0, 0 - 0, 0)]} cutoutPathParserInfo={CutoutPathParserInfo{displayWidth=1440 displayHeight=3120 physicalDisplayWidth=1440 physicalDisplayHeight=3120 density={3.75} cutoutSpec={M 0,0 H -9.333333333333333 V 34.13333333333333 H 9.333333333333333 V 0 H 0 Z @dp} rotation={1} scale={1.0} physicalPixelDisplaySizeRatio={1.0}}} sideOverrides={}}, mRoundedCorners=RoundedCorners{[RoundedCorner{position=TopLeft, radius=56, center=Point(56, 56)}, RoundedCorner{position=TopRight, radius=56, center=Point(3064, 56)}, RoundedCorner{position=BottomRight, radius=56, center=Point(3064, 1384)}, RoundedCorner{position=BottomLeft, radius=56, center=Point(56, 1384)}]}  mRoundedCornerFrame=Rect(0, 0 - 3120, 1440), mPrivacyIndicatorBounds=PrivacyIndicatorBounds {static bounds=Rect(2955, 0 - 3120, 113) rotation=1}, mDisplayShape=DisplayShape{ spec=-311912193 displayWidth=1440 displayHeight=3120 physicalPixelDisplaySizeRatio=1.0 rotation=1 offsetX=0 offsetY=0 scale=1.0}, mSources= { InsetsSource: {91450001 mType=navigationBars mFrame=[0,1384][3120,1440] mAttachedInsets=null mVisible=false mFlags=SUPPRESS_SCRIM mSideHint=BOTTOM mBoundingRects=null}, InsetsSource: {91450004 mType=systemGestures mFrame=[0,0][240,1440] mAttachedInsets=null mVisible=true mFlags= mSideHint=LEFT mBoundingRects=null}, InsetsSource: {91450005 mType=mandatorySystemGestures mFrame=[0,1320][3120,1440] mAttachedInsets=null mVisible=true mFlags= mSideHint=BOTTOM mBoundingRects=null}, InsetsSource: {91450006 mType=tappableElement mFrame=[0,0][0,0] mAttachedInsets=null mVisible=true mFlags= mSideHint=NONE mBoundingRects=null}, InsetsSource: {91450024 mType=systemGestures mFrame=[3008,0][3120,1440] mAttachedInsets=null mVisible=true mFlags= mSideHint=RIGHT mBoundingRects=null}, InsetsSource: {9c550000 mType=statusBars mFrame=[0,0][3120,113] mAttachedInsets=null mVisible=false mFlags= mSideHint=TOP mBoundingRects=null}, InsetsSource: {9c550005 mType=mandatorySystemGestures mFrame=[0,0][3120,113] mAttachedInsets=null mVisible=true mFlags= mSideHint=TOP mBoundingRects=null}, InsetsSource: {9c550006 mType=tappableElement mFrame=[0,0][3120,113] mAttachedInsets=null mVisible=true mFlags= mSideHint=TOP mBoundingRects=null}, InsetsSource: {3 mType=ime mFrame=[0,0][0,0] mAttachedInsets=null mVisible=false mFlags=INVALID mSideHint=NONE mBoundingRects=null}, InsetsSource: {7 mType=displayCutout mFrame=[0,0][128,1440] mAttachedInsets=null mVisible=true mFlags= mSideHint=LEFT mBoundingRects=null} }
2026-02-03 20:12:22.939 17659-17659 VRI[Pop-Up...w]@b25a1d5 com.rpeters.jellyfin                 I  synced displayState. AttachInfo displayState=2
2026-02-03 20:12:22.940 17659-17758 perf_hint               com.rpeters.jellyfin                 E  Session ID too large, must fit 32-bit integer
2026-02-03 20:12:22.940 17659-17659 VRI[Pop-Up...w]@b25a1d5 com.rpeters.jellyfin                 I  setView = androidx.compose.ui.window.PopupLayout@6cc068c IsHRR=false mFlingFrameRateChange=0 TM=true
2026-02-03 20:12:22.945 17659-17659 WindowOnBackDispatcher  com.rpeters.jellyfin                 D  setTopOnBackInvokedCallback (unwrapped): androidx.compose.ui.window.Api33Impl$$ExternalSyntheticLambda0@7b64853
2026-02-03 20:12:22.963 17659-17659 BufferQueueProducer     com.rpeters.jellyfin                 I  [](id:44fb00000008,api:0,p:601340112,c:17659) setDequeueTimeout:2077252342
2026-02-03 20:12:22.963 17659-17659 BLASTBufferQueue_Java   com.rpeters.jellyfin                 I  new BLASTBufferQueue, mName= VRI[Pop-Up Window]@b25a1d5 mNativeObject= 0xb4000073e3d984f0 caller= android.view.ViewRootImpl.updateBlastSurfaceIfNeeded:3603 android.view.ViewRootImpl.relayoutWindow:11809 android.view.ViewRootImpl.performTraversals:4839 android.view.ViewRootImpl.doTraversal:3959 android.view.ViewRootImpl$TraversalRunnable.run:13030 android.view.Choreographer$CallbackRecord.run:1961 android.view.Choreographer$CallbackRecord.run:1970 android.view.Choreographer.doCallbacks:1423 android.view.Choreographer.doFrame:1348 android.view.Choreographer$FrameDisplayEventReceiver.run:1930
2026-02-03 20:12:22.963 17659-17659 BLASTBufferQueue_Java   com.rpeters.jellyfin                 I  update, w= 600 h= 1620 mName = VRI[Pop-Up Window]@b25a1d5 mNativeObject= 0xb4000073e3d984f0 sc.mNativeObject= 0xb400007273d5dd90 format= -3 caller= android.view.ViewRootImpl.updateBlastSurfaceIfNeeded:3608 android.view.ViewRootImpl.relayoutWindow:11809 android.view.ViewRootImpl.performTraversals:4839 android.view.ViewRootImpl.doTraversal:3959 android.view.ViewRootImpl$TraversalRunnable.run:13030 android.view.Choreographer$CallbackRecord.run:1961
2026-02-03 20:12:22.963 17659-17659 VRI[Pop-Up...w]@b25a1d5 com.rpeters.jellyfin                 I  Relayout returned: old=(128,0,3120,1440) new=(2100,0,2520,1440) relayoutAsync=false req=(420,1440)0 dur=2 res=0x3 s={true 0xb400007333e9ba60} ch=true seqId=0
2026-02-03 20:12:22.964 17659-17659 VRI[Pop-Up...w]@b25a1d5 com.rpeters.jellyfin                 I  performConfigurationChange setNightDimText nightDimLevel=0
2026-02-03 20:12:22.964 17659-17659 VRI[Pop-Up...w]@b25a1d5 com.rpeters.jellyfin                 D  mThreadedRenderer.initialize() mSurface={isValid=true 0xb400007333e9ba60} hwInitialized=true
2026-02-03 20:12:22.967 17659-17659 VRI[Pop-Up...w]@b25a1d5 com.rpeters.jellyfin                 D  reportNextDraw android.view.ViewRootImpl.performTraversals:5503 android.view.ViewRootImpl.doTraversal:3959 android.view.ViewRootImpl$TraversalRunnable.run:13030 android.view.Choreographer$CallbackRecord.run:1961 android.view.Choreographer$CallbackRecord.run:1970
2026-02-03 20:12:22.968 17659-17659 VRI[Pop-Up...w]@b25a1d5 com.rpeters.jellyfin                 D  Setup new sync=wmsSync-VRI[Pop-Up Window]@b25a1d5#29
2026-02-03 20:12:22.968 17659-17659 VRI[Pop-Up...w]@b25a1d5 com.rpeters.jellyfin                 I  Creating new active sync group VRI[Pop-Up Window]@b25a1d5#30
2026-02-03 20:12:22.968 17659-17659 VRI[Pop-Up...w]@b25a1d5 com.rpeters.jellyfin                 D  registerCallbacksForSync syncBuffer=false
2026-02-03 20:12:22.969 17659-17755 VRI[Pop-Up...w]@b25a1d5 com.rpeters.jellyfin                 D  Received frameDrawingCallback syncResult=0 frameNum=1.
2026-02-03 20:12:22.969 17659-17755 VRI[Pop-Up...w]@b25a1d5 com.rpeters.jellyfin                 I  mWNT: t=0xb400007313d3f5a0 mBlastBufferQueue=0xb4000073e3d984f0 fn= 1 HdrRenderState mRenderHdrSdrRatio=1.0 caller= android.view.ViewRootImpl$12.onFrameDraw:15557 android.view.ThreadedRenderer$1.onFrameDraw:751 <bottom of call stack>
2026-02-03 20:12:22.969 17659-17755 VRI[Pop-Up...w]@b25a1d5 com.rpeters.jellyfin                 I  Setting up sync and frameCommitCallback
2026-02-03 20:12:22.970 17659-17740 BLASTBufferQueue        com.rpeters.jellyfin                 I  [VRI[Pop-Up Window]@b25a1d5#8](f:0,a:0,s:0) onFrameAvailable the first frame is available
2026-02-03 20:12:22.970 17659-17740 SurfaceComposerClient   com.rpeters.jellyfin                 I  apply transaction with the first frame. layerId: 184934, bufferData(ID: 75844827480807, frameNumber: 1)
2026-02-03 20:12:22.970 17659-17740 VRI[Pop-Up...w]@b25a1d5 com.rpeters.jellyfin                 I  Received frameCommittedCallback lastAttemptedDrawFrameNum=1 didProduceBuffer=true
2026-02-03 20:12:22.970 17659-17740 HWUI                    com.rpeters.jellyfin                 D  CFMS:: SetUp Pid : 17659    Tid : 17740
2026-02-03 20:12:22.970 17659-17659 VRI[Pop-Up...w]@b25a1d5 com.rpeters.jellyfin                 D  reportDrawFinished seqId=0
2026-02-03 20:12:22.974 17659-17740 HWUI                    com.rpeters.jellyfin                 D  HWUI - treat SMPTE_170M as sRGB
2026-02-03 20:12:22.977 17659-17659 BLASTBufferQueue_Java   com.rpeters.jellyfin                 I  update, w= 600 h= 1620 mName = VRI[Pop-Up Window]@b25a1d5 mNativeObject= 0xb4000073e3d984f0 sc.mNativeObject= 0xb400007273d5dd90 format= -3 caller= android.view.ViewRootImpl.updateBlastSurfaceIfNeeded:3592 android.view.ViewRootImpl.relayoutWindow:11809 android.view.ViewRootImpl.performTraversals:4839 android.view.ViewRootImpl.doTraversal:3959 android.view.ViewRootImpl$TraversalRunnable.run:13030 android.view.Choreographer$CallbackRecord.run:1961
2026-02-03 20:12:22.977 17659-17659 VRI[Pop-Up...w]@b25a1d5 com.rpeters.jellyfin                 I  Relayout returned: old=(2100,0,2520,1440) new=(2100,0,2520,1440) relayoutAsync=true req=(420,1440)0 dur=0 res=0x0 s={true 0xb400007333e9ba60} ch=false seqId=0
2026-02-03 20:12:22.977 17659-17659 VRI[Pop-Up...w]@b25a1d5 com.rpeters.jellyfin                 I  registerCallbackForPendingTransactions
2026-02-03 20:12:22.978 17659-17758 VRI[Pop-Up...w]@b25a1d5 com.rpeters.jellyfin                 I  mWNT: t=0xb400007313d92bf0 mBlastBufferQueue=0xb4000073e3d984f0 fn= 2 HdrRenderState mRenderHdrSdrRatio=1.0 caller= android.view.ViewRootImpl$10.onFrameDraw:6611 android.view.ViewRootImpl$4.onFrameDraw:2485 android.view.ThreadedRenderer$1.onFrameDraw:751
2026-02-03 20:12:22.978 17659-17659 VRI[Pop-Up...w]@b25a1d5 com.rpeters.jellyfin                 I  handleResized, frames=ClientWindowFrames{frame=[2100,0][2520,1440] display=[128,0][3120,1440] parentFrame=[0,0][0,0] attachedFrame=[0,0][3120,1440]} displayId=0 dragResizing=false compatScale=1.0 frameChanged=false attachedFrameChanged=false configChanged=false displayChanged=false compatScaleChanged=false dragResizingChanged=false
2026-02-03 20:12:22.978 17659-17659 VRI[Pop-Up...w]@b25a1d5 com.rpeters.jellyfin                 I  handleResized mSyncSeqId = 0
2026-02-03 20:12:22.978 17659-17659 VRI[Pop-Up...w]@b25a1d5 com.rpeters.jellyfin                 D  reportNextDraw android.view.ViewRootImpl.handleResized:2995 android.view.ViewRootImpl.-$$Nest$mhandleResized:0 android.view.ViewRootImpl$W.resized:14196 android.app.servertransaction.WindowStateResizeItem.execute:81 android.app.servertransaction.WindowStateTransactionItem.execute:62
2026-02-03 20:12:22.979 17659-17659 ImeFocusController      com.rpeters.jellyfin                 I  onPreWindowFocus: skipped hasWindowFocus=false mHasImeFocus=true
2026-02-03 20:12:22.979 17659-17659 ImeFocusController      com.rpeters.jellyfin                 I  onPostWindowFocus: skipped hasWindowFocus=false mHasImeFocus=true
2026-02-03 20:12:22.981 17659-17659 BLASTBufferQueue_Java   com.rpeters.jellyfin                 I  update, w= 600 h= 1620 mName = VRI[Pop-Up Window]@b25a1d5 mNativeObject= 0xb4000073e3d984f0 sc.mNativeObject= 0xb400007273d5dd90 format= -3 caller= android.view.ViewRootImpl.updateBlastSurfaceIfNeeded:3592 android.view.ViewRootImpl.relayoutWindow:11809 android.view.ViewRootImpl.performTraversals:4839 android.view.ViewRootImpl.doTraversal:3959 android.view.ViewRootImpl$TraversalRunnable.run:13030 android.view.Choreographer$CallbackRecord.run:1961
2026-02-03 20:12:22.981 17659-17659 VRI[Pop-Up...w]@b25a1d5 com.rpeters.jellyfin                 I  Relayout returned: old=(2100,0,2520,1440) new=(2100,0,2520,1440) relayoutAsync=true req=(420,1440)0 dur=0 res=0x0 s={true 0xb400007333e9ba60} ch=false seqId=0
2026-02-03 20:12:22.981 17659-17659 VRI[Pop-Up...w]@b25a1d5 com.rpeters.jellyfin                 D  Setup new sync=wmsSync-VRI[Pop-Up Window]@b25a1d5#31
2026-02-03 20:12:22.981 17659-17659 VRI[Pop-Up...w]@b25a1d5 com.rpeters.jellyfin                 I  Creating new active sync group VRI[Pop-Up Window]@b25a1d5#32
2026-02-03 20:12:22.981 17659-17659 VRI[Pop-Up...w]@b25a1d5 com.rpeters.jellyfin                 D  registerCallbacksForSync syncBuffer=false
2026-02-03 20:12:22.982 17659-17755 VRI[Pop-Up...w]@b25a1d5 com.rpeters.jellyfin                 D  Received frameDrawingCallback syncResult=0 frameNum=3.
2026-02-03 20:12:22.982 17659-17755 VRI[Pop-Up...w]@b25a1d5 com.rpeters.jellyfin                 I  mWNT: t=0xb400007313d6f560 mBlastBufferQueue=0xb4000073e3d984f0 fn= 3 HdrRenderState mRenderHdrSdrRatio=1.0 caller= android.view.ViewRootImpl$12.onFrameDraw:15557 android.view.ThreadedRenderer$1.onFrameDraw:751 <bottom of call stack>
2026-02-03 20:12:22.982 17659-17755 VRI[Pop-Up...w]@b25a1d5 com.rpeters.jellyfin                 I  Setting up sync and frameCommitCallback
2026-02-03 20:12:22.984 17659-17740 VRI[Pop-Up...w]@b25a1d5 com.rpeters.jellyfin                 I  Received frameCommittedCallback lastAttemptedDrawFrameNum=3 didProduceBuffer=true
2026-02-03 20:12:22.984 17659-17659 VRI[Pop-Up...w]@b25a1d5 com.rpeters.jellyfin                 D  reportDrawFinished seqId=0
2026-02-03 20:12:22.985 17659-17659 VRI[Pop-Up...w]@b25a1d5 com.rpeters.jellyfin                 D  mThreadedRenderer.initializeIfNeeded()#2 mSurface={isValid=true 0xb400007333e9ba60}
2026-02-03 20:12:22.985 17659-17659 InputMethodManagerUtils com.rpeters.jellyfin                 D  startInputInner - Id : 0
2026-02-03 20:12:22.985 17659-17659 InputMethodManager      com.rpeters.jellyfin                 I  startInputInner - IInputMethodManagerGlobalInvoker.startInputOrWindowGainedFocus
2026-02-03 20:12:22.985 17659-17659 InsetsController        com.rpeters.jellyfin                 D  hide(ime())
2026-02-03 20:12:22.986 17659-17659 ImeTracker              com.rpeters.jellyfin                 I  com.rpeters.jellyfin:9ff6bbc4: onCancelled at PHASE_CLIENT_ALREADY_HIDDEN
2026-02-03 20:12:22.986 17659-17742 InputTransport          com.rpeters.jellyfin                 D  Input channel constructed: 'ClientS', fd=452
2026-02-03 20:12:23.408 17659-17659 PlaybackProgressManager com.rpeters.jellyfin                 D  Reported progress at 27268ms for ed722338-a224-c138-d6be-5a759379850e
2026-02-03 20:12:23.592 17659-17659 VRI[Pop-Up...w]@b25a1d5 com.rpeters.jellyfin                 I  ViewPostIme pointer 0
2026-02-03 20:12:23.592 17659-17659 VRI[Pop-Up...w]@b25a1d5 com.rpeters.jellyfin                 I  call setFrameRateCategory for touch hint category=high hint, reason=touch, vri=VRI[Pop-Up Window]@b25a1d5
2026-02-03 20:12:23.666 17659-17659 VRI[Pop-Up...w]@b25a1d5 com.rpeters.jellyfin                 I  ViewPostIme pointer 1
2026-02-03 20:12:23.725 17659-17659 WindowManager           com.rpeters.jellyfin                 I  WindowManagerGlobal#removeView, ty=1002, view=androidx.compose.ui.window.PopupLayout{6cc068c V.E...... ......ID 0,0-420,1440 #1020002 android:id/content aid=1073741832}, caller=android.view.WindowManagerGlobal.removeView:654 android.view.WindowManagerImpl.removeViewImmediate:254 androidx.compose.ui.window.PopupLayout.dismiss:812
2026-02-03 20:12:23.726 17659-17659 WindowOnBackDispatcher  com.rpeters.jellyfin                 D  setTopOnBackInvokedCallback (unwrapped): null
2026-02-03 20:12:23.728 17659-17659 VRI[Pop-Up...w]@b25a1d5 com.rpeters.jellyfin                 I  dispatchDetachedFromWindow
2026-02-03 20:12:23.731 17659-17659 InputTransport          com.rpeters.jellyfin                 D  Input channel destroyed: 'f46114c', fd=488
2026-02-03 20:12:23.734 17659-17659 LeakCanary              com.rpeters.jellyfin                 D  Watching instance of androidx.compose.ui.window.PopupLayout (androidx.compose.ui.window.PopupLayout received View#onDetachedFromWindow() callback) with key c0aed6f9-0bca-47b3-8cfe-e2b008915b43
2026-02-03 20:12:23.747 17659-17659 VRI[VideoP...y]@a8454e2 com.rpeters.jellyfin                 D  mThreadedRenderer.initializeIfNeeded()#2 mSurface={isValid=true 0xb400007333d29e50}
2026-02-03 20:12:23.748 17659-17659 InputMethodManagerUtils com.rpeters.jellyfin                 D  startInputInner - Id : 0
2026-02-03 20:12:23.748 17659-17659 InputMethodManager      com.rpeters.jellyfin                 I  startInputInner - IInputMethodManagerGlobalInvoker.startInputOrWindowGainedFocus
2026-02-03 20:12:23.749 17659-17659 InsetsController        com.rpeters.jellyfin                 D  hide(ime())
2026-02-03 20:12:23.749 17659-17659 ImeTracker              com.rpeters.jellyfin                 I  com.rpeters.jellyfin:fdbd16c: onCancelled at PHASE_CLIENT_ALREADY_HIDDEN
2026-02-03 20:12:23.749 17659-17742 InputTransport          com.rpeters.jellyfin                 D  Input channel constructed: 'ClientS', fd=345
2026-02-03 20:12:24.175 17659-17659 VRI[VideoP...y]@a8454e2 com.rpeters.jellyfin                 I  ViewPostIme pointer 0
2026-02-03 20:12:24.249 17659-17659 VRI[VideoP...y]@a8454e2 com.rpeters.jellyfin                 I  ViewPostIme pointer 1
2026-02-03 20:12:24.261 17659-17659 Dialog                  com.rpeters.jellyfin                 I  mIsDeviceDefault = false, mIsSamsungBasicInteraction = false, isMetaDataInActivity = false
2026-02-03 20:12:24.263 17659-17659 DecorView               com.rpeters.jellyfin                 I  setWindowBackground: isPopOver=false color=0 d=android.graphics.drawable.ColorDrawable@cb8d9b6
2026-02-03 20:12:24.269 17659-17659 WindowManager           com.rpeters.jellyfin                 I  WindowManagerGlobal#addView, ty=2, view=com.android.internal.policy.DecorView{44a65c0 V.E...... R.....I. 0,0-0,0}[VideoPlayerActivity], caller=android.view.WindowManagerImpl.addView:167 android.app.Dialog.show:544 androidx.compose.ui.window.AndroidDialog_androidKt$Dialog$1$1.invoke:220
2026-02-03 20:12:24.269 17659-17659 ViewRootImpl            com.rpeters.jellyfin                 D  desktopMode is false
2026-02-03 20:12:24.269 17659-17659 ViewRootImpl            com.rpeters.jellyfin                 I  dVRR is disabled
2026-02-03 20:12:24.269 17659-17740 NativeCust...ncyManager com.rpeters.jellyfin                 D  [NativeCFMS] BpCustomFrequencyManager::BpCustomFrequencyManager()
2026-02-03 20:12:24.271 17659-17758 perf_hint               com.rpeters.jellyfin                 E  Session ID too large, must fit 32-bit integer
2026-02-03 20:12:24.272 17659-17659 InputTransport          com.rpeters.jellyfin                 D  Input channel constructed: 'ff9986b', fd=348
2026-02-03 20:12:24.273 17659-17659 InsetsController        com.rpeters.jellyfin                 I  onStateChanged: host=com.rpeters.jellyfin/com.rpeters.jellyfin.ui.player.VideoPlayerActivity, from=android.view.ViewRootImpl.onInsetsStateChanged:3038, state=InsetsState: {mDisplayFrame=Rect(0, 0 - 3120, 1440), mDisplayCutout=DisplayCutout{insets=Rect(128, 0 - 0, 0) waterfall=Insets{left=0, top=0, right=0, bottom=0} boundingRect={Bounds=[Rect(0, 685 - 128, 755), Rect(0, 0 - 0, 0), Rect(0, 0 - 0, 0), Rect(0, 0 - 0, 0)]} cutoutPathParserInfo={CutoutPathParserInfo{displayWidth=1440 displayHeight=3120 physicalDisplayWidth=1440 physicalDisplayHeight=3120 density={3.75} cutoutSpec={M 0,0 H -9.333333333333333 V 34.13333333333333 H 9.333333333333333 V 0 H 0 Z @dp} rotation={1} scale={1.0} physicalPixelDisplaySizeRatio={1.0}}} sideOverrides={}}, mRoundedCorners=RoundedCorners{[RoundedCorner{position=TopLeft, radius=56, center=Point(56, 56)}, RoundedCorner{position=TopRight, radius=56, center=Point(3064, 56)}, RoundedCorner{position=BottomRight, radius=56, center=Point(3064, 1384)}, RoundedCorner{position=BottomLeft, radius=56, center=Point(56, 1384)}]}  mRoundedCornerFrame=Rect(0, 0 - 3120, 1440), mPrivacyIndicatorBounds=PrivacyIndicatorBounds {static bounds=Rect(2955, 0 - 3120, 113) rotation=1}, mDisplayShape=DisplayShape{ spec=-311912193 displayWidth=1440 displayHeight=3120 physicalPixelDisplaySizeRatio=1.0 rotation=1 offsetX=0 offsetY=0 scale=1.0}, mSources= { InsetsSource: {91450001 mType=navigationBars mFrame=[0,1384][3120,1440] mAttachedInsets=null mVisible=false mFlags=SUPPRESS_SCRIM mSideHint=BOTTOM mBoundingRects=null}, InsetsSource: {91450004 mType=systemGestures mFrame=[0,0][240,1440] mAttachedInsets=null mVisible=true mFlags= mSideHint=LEFT mBoundingRects=null}, InsetsSource: {91450005 mType=mandatorySystemGestures mFrame=[0,1320][3120,1440] mAttachedInsets=null mVisible=true mFlags= mSideHint=BOTTOM mBoundingRects=null}, InsetsSource: {91450006 mType=tappableElement mFrame=[0,0][0,0] mAttachedInsets=null mVisible=true mFlags= mSideHint=NONE mBoundingRects=null}, InsetsSource: {91450024 mType=systemGestures mFrame=[3008,0][3120,1440] mAttachedInsets=null mVisible=true mFlags= mSideHint=RIGHT mBoundingRects=null}, InsetsSource: {9c550000 mType=statusBars mFrame=[0,0][3120,113] mAttachedInsets=null mVisible=false mFlags= mSideHint=TOP mBoundingRects=null}, InsetsSource: {9c550005 mType=mandatorySystemGestures mFrame=[0,0][3120,113] mAttachedInsets=null mVisible=true mFlags= mSideHint=TOP mBoundingRects=null}, InsetsSource: {9c550006 mType=tappableElement mFrame=[0,0][3120,113] mAttachedInsets=null mVisible=true mFlags= mSideHint=TOP mBoundingRects=null}, InsetsSource: {3 mType=ime mFrame=[0,0][0,0] mAttachedInsets=null mVisible=false mFlags=INVALID mSideHint=NONE mBoundingRects=null}, InsetsSource: {7 mType=displayCutout mFrame=[0,0][128,1440] mAttachedInsets=null mVisible=true mFlags= mSideHint=LEFT mBoundingRects=null} }
2026-02-03 20:12:24.273 17659-17659 VRI[VideoP...y]@12e02f9 com.rpeters.jellyfin                 I  synced displayState. AttachInfo displayState=2
2026-02-03 20:12:24.274 17659-17659 VRI[VideoP...y]@12e02f9 com.rpeters.jellyfin                 I  setView = com.android.internal.policy.DecorView@44a65c0 IsHRR=false mFlingFrameRateChange=0 TM=true
2026-02-03 20:12:24.275 17659-17659 WindowOnBackDispatcher  com.rpeters.jellyfin                 D  setTopOnBackInvokedCallback (unwrapped): android.app.Dialog$$ExternalSyntheticLambda4@dc2d5b5
2026-02-03 20:12:24.275 17659-17659 WindowOnBackDispatcher  com.rpeters.jellyfin                 D  setTopOnBackInvokedCallback (unwrapped): androidx.navigationevent.OnBackInvokedInput$createOnBackAnimationCallback$1@810544a
2026-02-03 20:12:24.288 17659-17659 BufferQueueProducer     com.rpeters.jellyfin                 I  [](id:44fb00000009,api:0,p:0,c:17659) setDequeueTimeout:2077252342
2026-02-03 20:12:24.289 17659-17659 BLASTBufferQueue_Java   com.rpeters.jellyfin                 I  new BLASTBufferQueue, mName= VRI[VideoPlayerActivity]@12e02f9 mNativeObject= 0xb4000073e3d984f0 caller= android.view.ViewRootImpl.updateBlastSurfaceIfNeeded:3603 android.view.ViewRootImpl.relayoutWindow:11809 android.view.ViewRootImpl.performTraversals:4839 android.view.ViewRootImpl.doTraversal:3959 android.view.ViewRootImpl$TraversalRunnable.run:13030 android.view.Choreographer$CallbackRecord.run:1961 android.view.Choreographer$CallbackRecord.run:1970 android.view.Choreographer.doCallbacks:1423 android.view.Choreographer.doFrame:1348 android.view.Choreographer$FrameDisplayEventReceiver.run:1930
2026-02-03 20:12:24.289 17659-17659 BLASTBufferQueue_Java   com.rpeters.jellyfin                 I  update, w= 1560 h= 1170 mName = VRI[VideoPlayerActivity]@12e02f9 mNativeObject= 0xb4000073e3d984f0 sc.mNativeObject= 0xb400007273db2c90 format= -2 caller= android.view.ViewRootImpl.updateBlastSurfaceIfNeeded:3608 android.view.ViewRootImpl.relayoutWindow:11809 android.view.ViewRootImpl.performTraversals:4839 android.view.ViewRootImpl.doTraversal:3959 android.view.ViewRootImpl$TraversalRunnable.run:13030 android.view.Choreographer$CallbackRecord.run:1961
2026-02-03 20:12:24.289 17659-17659 VRI[VideoP...y]@12e02f9 com.rpeters.jellyfin                 I  Relayout returned: old=(128,0,3120,1440) new=(1024,315,2224,1125) relayoutAsync=false req=(1200,810)0 dur=1 res=0x3 s={true 0xb400007333db24a0} ch=true seqId=0
2026-02-03 20:12:24.289 17659-17659 VRI[VideoP...y]@12e02f9 com.rpeters.jellyfin                 I  performConfigurationChange setNightDimText nightDimLevel=0
2026-02-03 20:12:24.290 17659-17659 VRI[VideoP...y]@12e02f9 com.rpeters.jellyfin                 D  mThreadedRenderer.initialize() mSurface={isValid=true 0xb400007333db24a0} hwInitialized=true
2026-02-03 20:12:24.292 17659-17659 VRI[VideoP...y]@12e02f9 com.rpeters.jellyfin                 D  reportNextDraw android.view.ViewRootImpl.performTraversals:5503 android.view.ViewRootImpl.doTraversal:3959 android.view.ViewRootImpl$TraversalRunnable.run:13030 android.view.Choreographer$CallbackRecord.run:1961 android.view.Choreographer$CallbackRecord.run:1970
2026-02-03 20:12:24.292 17659-17659 VRI[VideoP...y]@12e02f9 com.rpeters.jellyfin                 D  Setup new sync=wmsSync-VRI[VideoPlayerActivity]@12e02f9#33
2026-02-03 20:12:24.292 17659-17659 VRI[VideoP...y]@12e02f9 com.rpeters.jellyfin                 I  Creating new active sync group VRI[VideoPlayerActivity]@12e02f9#34
2026-02-03 20:12:24.292 17659-17659 VRI[VideoP...y]@12e02f9 com.rpeters.jellyfin                 D  registerCallbacksForSync syncBuffer=false
2026-02-03 20:12:24.293 17659-17755 VRI[VideoP...y]@12e02f9 com.rpeters.jellyfin                 D  Received frameDrawingCallback syncResult=0 frameNum=1.
2026-02-03 20:12:24.293 17659-17755 VRI[VideoP...y]@12e02f9 com.rpeters.jellyfin                 I  mWNT: t=0xb400007313d8d660 mBlastBufferQueue=0xb4000073e3d984f0 fn= 1 HdrRenderState mRenderHdrSdrRatio=1.0 caller= android.view.ViewRootImpl$12.onFrameDraw:15557 android.view.ThreadedRenderer$1.onFrameDraw:751 <bottom of call stack>
2026-02-03 20:12:24.293 17659-17755 VRI[VideoP...y]@12e02f9 com.rpeters.jellyfin                 I  Setting up sync and frameCommitCallback
2026-02-03 20:12:24.295 17659-17740 BLASTBufferQueue        com.rpeters.jellyfin                 I  [VRI[VideoPlayerActivity]@12e02f9#9](f:0,a:0,s:0) onFrameAvailable the first frame is available
2026-02-03 20:12:24.295 17659-17740 SurfaceComposerClient   com.rpeters.jellyfin                 I  apply transaction with the first frame. layerId: 184940, bufferData(ID: 75844827480840, frameNumber: 1)
2026-02-03 20:12:24.295 17659-17740 VRI[VideoP...y]@12e02f9 com.rpeters.jellyfin                 I  Received frameCommittedCallback lastAttemptedDrawFrameNum=1 didProduceBuffer=true
2026-02-03 20:12:24.295 17659-17740 HWUI                    com.rpeters.jellyfin                 D  CFMS:: SetUp Pid : 17659    Tid : 17740
2026-02-03 20:12:24.295 17659-17659 VRI[VideoP...y]@12e02f9 com.rpeters.jellyfin                 D  reportDrawFinished seqId=0
2026-02-03 20:12:24.299 17659-17659 BLASTBufferQueue_Java   com.rpeters.jellyfin                 I  update, w= 1560 h= 1170 mName = VRI[VideoPlayerActivity]@12e02f9 mNativeObject= 0xb4000073e3d984f0 sc.mNativeObject= 0xb400007273db2c90 format= -2 caller= android.view.ViewRootImpl.updateBlastSurfaceIfNeeded:3592 android.view.ViewRootImpl.relayoutWindow:11809 android.view.ViewRootImpl.performTraversals:4839 android.view.ViewRootImpl.doTraversal:3959 android.view.ViewRootImpl$TraversalRunnable.run:13030 android.view.Choreographer$CallbackRecord.run:1961
2026-02-03 20:12:24.299 17659-17659 VRI[VideoP...y]@12e02f9 com.rpeters.jellyfin                 I  Relayout returned: old=(1024,315,2224,1125) new=(1024,315,2224,1125) relayoutAsync=true req=(1200,810)0 dur=0 res=0x0 s={true 0xb400007333db24a0} ch=false seqId=0
2026-02-03 20:12:24.300 17659-17659 VRI[VideoP...y]@12e02f9 com.rpeters.jellyfin                 I  registerCallbackForPendingTransactions
2026-02-03 20:12:24.300 17659-17758 VRI[VideoP...y]@12e02f9 com.rpeters.jellyfin                 I  mWNT: t=0xb400007313d715c0 mBlastBufferQueue=0xb4000073e3d984f0 fn= 2 HdrRenderState mRenderHdrSdrRatio=1.0 caller= android.view.ViewRootImpl$10.onFrameDraw:6611 android.view.ViewRootImpl$4.onFrameDraw:2485 android.view.ThreadedRenderer$1.onFrameDraw:751
2026-02-03 20:12:24.302 17659-17740 HWUI                    com.rpeters.jellyfin                 D  HWUI - treat SMPTE_170M as sRGB
2026-02-03 20:12:24.302 17659-17659 VRI[VideoP...y]@12e02f9 com.rpeters.jellyfin                 I  handleResized, frames=ClientWindowFrames{frame=[1024,315][2224,1125] display=[128,0][3120,1440] parentFrame=[0,0][0,0]} displayId=0 dragResizing=false compatScale=1.0 frameChanged=false attachedFrameChanged=false configChanged=false displayChanged=false compatScaleChanged=false dragResizingChanged=false
2026-02-03 20:12:24.302 17659-17659 VRI[VideoP...y]@12e02f9 com.rpeters.jellyfin                 I  handleResized mSyncSeqId = 0
2026-02-03 20:12:24.302 17659-17659 VRI[VideoP...y]@12e02f9 com.rpeters.jellyfin                 D  reportNextDraw android.view.ViewRootImpl.handleResized:2995 android.view.ViewRootImpl.-$$Nest$mhandleResized:0 android.view.ViewRootImpl$W.resized:14196 android.app.servertransaction.WindowStateResizeItem.execute:81 android.app.servertransaction.WindowStateTransactionItem.execute:62
