2026-02-03 20:11:51.338 17659-17758 VRI[VideoP...y]@a8454e2 com.rpeters.jellyfin                 I  mWNT: t=0xb400007313dd96c0 mBlastBufferQueue=0xb4000073e3d53720 fn= 33 HdrRenderState mRenderHdrSdrRatio=1.0 caller= android.view.SyncRtSurfaceTransactionApplier.applyTransaction:102 android.view.SyncRtSurfaceTransactionApplier.lambda$scheduleApply$0:75 android.view.SyncRtSurfaceTransactionApplier.$r8$lambda$afI4fXg3U3-nBZQEDQMiNy-B06s:0
2026-02-03 20:11:51.346 17659-17755 VRI[VideoP...y]@a8454e2 com.rpeters.jellyfin                 I  mWNT: t=0xb400007313dd96c0 mBlastBufferQueue=0xb4000073e3d53720 fn= 34 HdrRenderState mRenderHdrSdrRatio=1.0 caller= android.view.SyncRtSurfaceTransactionApplier.applyTransaction:102 android.view.SyncRtSurfaceTransactionApplier.lambda$scheduleApply$0:75 android.view.SyncRtSurfaceTransactionApplier.$r8$lambda$afI4fXg3U3-nBZQEDQMiNy-B06s:0
2026-02-03 20:11:51.354 17659-17758 VRI[VideoP...y]@a8454e2 com.rpeters.jellyfin                 I  mWNT: t=0xb400007313dda4a0 mBlastBufferQueue=0xb4000073e3d53720 fn= 35 HdrRenderState mRenderHdrSdrRatio=1.0 caller= android.view.SyncRtSurfaceTransactionApplier.applyTransaction:102 android.view.SyncRtSurfaceTransactionApplier.lambda$scheduleApply$0:75 android.view.SyncRtSurfaceTransactionApplier.$r8$lambda$afI4fXg3U3-nBZQEDQMiNy-B06s:0
2026-02-03 20:11:51.363 17659-17755 VRI[VideoP...y]@a8454e2 com.rpeters.jellyfin                 I  mWNT: t=0xb400007313dda4a0 mBlastBufferQueue=0xb4000073e3d53720 fn= 36 HdrRenderState mRenderHdrSdrRatio=1.0 caller= android.view.SyncRtSurfaceTransactionApplier.applyTransaction:102 android.view.SyncRtSurfaceTransactionApplier.lambda$scheduleApply$0:75 android.view.SyncRtSurfaceTransactionApplier.$r8$lambda$afI4fXg3U3-nBZQEDQMiNy-B06s:0
2026-02-03 20:11:51.371 17659-17758 VRI[VideoP...y]@a8454e2 com.rpeters.jellyfin                 I  mWNT: t=0xb400007313dd88e0 mBlastBufferQueue=0xb4000073e3d53720 fn= 37 HdrRenderState mRenderHdrSdrRatio=1.0 caller= android.view.SyncRtSurfaceTransactionApplier.applyTransaction:102 android.view.SyncRtSurfaceTransactionApplier.lambda$scheduleApply$0:75 android.view.SyncRtSurfaceTransactionApplier.$r8$lambda$afI4fXg3U3-nBZQEDQMiNy-B06s:0
2026-02-03 20:11:51.381 17659-17755 VRI[VideoP...y]@a8454e2 com.rpeters.jellyfin                 I  mWNT: t=0xb400007313dd88e0 mBlastBufferQueue=0xb4000073e3d53720 fn= 38 HdrRenderState mRenderHdrSdrRatio=1.0 caller= android.view.SyncRtSurfaceTransactionApplier.applyTransaction:102 android.view.SyncRtSurfaceTransactionApplier.lambda$scheduleApply$0:75 android.view.SyncRtSurfaceTransactionApplier.$r8$lambda$afI4fXg3U3-nBZQEDQMiNy-B06s:0
2026-02-03 20:11:51.389 17659-17758 VRI[VideoP...y]@a8454e2 com.rpeters.jellyfin                 I  mWNT: t=0xb400007313dd6880 mBlastBufferQueue=0xb4000073e3d53720 fn= 39 HdrRenderState mRenderHdrSdrRatio=1.0 caller= android.view.SyncRtSurfaceTransactionApplier.applyTransaction:102 android.view.SyncRtSurfaceTransactionApplier.lambda$scheduleApply$0:75 android.view.SyncRtSurfaceTransactionApplier.$r8$lambda$afI4fXg3U3-nBZQEDQMiNy-B06s:0
2026-02-03 20:11:51.397 17659-17755 VRI[VideoP...y]@a8454e2 com.rpeters.jellyfin                 I  mWNT: t=0xb400007313dd6880 mBlastBufferQueue=0xb4000073e3d53720 fn= 40 HdrRenderState mRenderHdrSdrRatio=1.0 caller= android.view.SyncRtSurfaceTransactionApplier.applyTransaction:102 android.view.SyncRtSurfaceTransactionApplier.lambda$scheduleApply$0:75 android.view.SyncRtSurfaceTransactionApplier.$r8$lambda$afI4fXg3U3-nBZQEDQMiNy-B06s:0
2026-02-03 20:11:51.406 17659-17758 VRI[VideoP...y]@a8454e2 com.rpeters.jellyfin                 I  mWNT: t=0xb400007313dcf4e0 mBlastBufferQueue=0xb4000073e3d53720 fn= 41 HdrRenderState mRenderHdrSdrRatio=1.0 caller= android.view.SyncRtSurfaceTransactionApplier.applyTransaction:102 android.view.SyncRtSurfaceTransactionApplier.lambda$scheduleApply$0:75 android.view.SyncRtSurfaceTransactionApplier.$r8$lambda$afI4fXg3U3-nBZQEDQMiNy-B06s:0
2026-02-03 20:11:51.413 17659-17755 VRI[VideoP...y]@a8454e2 com.rpeters.jellyfin                 I  mWNT: t=0xb400007313dcf4e0 mBlastBufferQueue=0xb4000073e3d53720 fn= 42 HdrRenderState mRenderHdrSdrRatio=1.0 caller= android.view.SyncRtSurfaceTransactionApplier.applyTransaction:102 android.view.SyncRtSurfaceTransactionApplier.lambda$scheduleApply$0:75 android.view.SyncRtSurfaceTransactionApplier.$r8$lambda$afI4fXg3U3-nBZQEDQMiNy-B06s:0
2026-02-03 20:11:51.422 17659-17758 VRI[VideoP...y]@a8454e2 com.rpeters.jellyfin                 I  mWNT: t=0xb400007313dd9db0 mBlastBufferQueue=0xb4000073e3d53720 fn= 43 HdrRenderState mRenderHdrSdrRatio=1.0 caller= android.view.SyncRtSurfaceTransactionApplier.applyTransaction:102 android.view.SyncRtSurfaceTransactionApplier.lambda$scheduleApply$0:75 android.view.SyncRtSurfaceTransactionApplier.$r8$lambda$afI4fXg3U3-nBZQEDQMiNy-B06s:0
2026-02-03 20:11:51.430 17659-17755 VRI[VideoP...y]@a8454e2 com.rpeters.jellyfin                 I  mWNT: t=0xb400007313dd9db0 mBlastBufferQueue=0xb4000073e3d53720 fn= 44 HdrRenderState mRenderHdrSdrRatio=1.0 caller= android.view.SyncRtSurfaceTransactionApplier.applyTransaction:102 android.view.SyncRtSurfaceTransactionApplier.lambda$scheduleApply$0:75 android.view.SyncRtSurfaceTransactionApplier.$r8$lambda$afI4fXg3U3-nBZQEDQMiNy-B06s:0
2026-02-03 20:11:51.438 17659-17758 VRI[VideoP...y]@a8454e2 com.rpeters.jellyfin                 I  mWNT: t=0xb400007313d85bd0 mBlastBufferQueue=0xb4000073e3d53720 fn= 45 HdrRenderState mRenderHdrSdrRatio=1.0 caller= android.view.SyncRtSurfaceTransactionApplier.applyTransaction:102 android.view.SyncRtSurfaceTransactionApplier.lambda$scheduleApply$0:75 android.view.SyncRtSurfaceTransactionApplier.$r8$lambda$afI4fXg3U3-nBZQEDQMiNy-B06s:0
2026-02-03 20:11:51.548 17659-17659 VideoPlayer             com.rpeters.jellyfin                 D  Set initial duration from metadata: 8476256ms (141min)
2026-02-03 20:11:51.549 17659-17659 DeviceCapabilities      com.rpeters.jellyfin                 D  Detected total RAM: 11653MB
2026-02-03 20:11:51.551 17659-17659 DeviceCapabilities      com.rpeters.jellyfin                 D  Hardware codecs: [flac, mp3, ac3, eac3, h264, h265, vp9, av1, mpeg4]
2026-02-03 20:11:51.552 17659-17659 DeviceCapabilities      com.rpeters.jellyfin                 D  Software codecs: [aac, flac, mp3, opus, pcm, vorbis, av1, h264, h263, h265, mpeg4, vp8, vp9]
2026-02-03 20:11:51.552 17659-17659 JellyfinRepository      com.rpeters.jellyfin                 D  Device capabilities: maxResolution=(3840, 2160), supports4K=true
2026-02-03 20:11:51.552 17659-17659 JellyfinDeviceProfile   com.rpeters.jellyfin                 D  Creating device profile with maxWidth=3840, maxHeight=2160
2026-02-03 20:11:51.552 17659-17659 JellyfinRepository      com.rpeters.jellyfin                 D  DeviceProfile created with codecProfiles: 4
2026-02-03 20:11:51.552 17659-17659 JellyfinRepository      com.rpeters.jellyfin                 D    CodecProfile[0]: type=Video, codec=h264, conditions=4
2026-02-03 20:11:51.552 17659-17659 JellyfinRepository      com.rpeters.jellyfin                 D    CodecProfile[1]: type=Video, codec=h265,hevc, conditions=4
2026-02-03 20:11:51.552 17659-17659 JellyfinRepository      com.rpeters.jellyfin                 D    CodecProfile[2]: type=Video, codec=vp9, conditions=4
2026-02-03 20:11:51.552 17659-17659 JellyfinRepository      com.rpeters.jellyfin                 D    CodecProfile[3]: type=Video, codec=av1, conditions=4
2026-02-03 20:11:51.554 17659-17659 JellyfinRepository      com.rpeters.jellyfin                 D  PlaybackInfo request for item UUID-***: maxBitrate=80000000 (80Mbps), directPlay=true, directStream=true, transcode=true
2026-02-03 20:11:51.554 17659-17659 JellyfinRepository      com.rpeters.jellyfin                 D  Network-based maxStreamingBitrate: 80Mbps
2026-02-03 20:11:51.554 17659-17659 JellyfinRepository      com.rpeters.jellyfin                 D  DeviceProfile: Jellyfin Android Client, maxStreamBitrate=400000000, maxStaticBitrate=400000000
2026-02-03 20:11:51.554 17659-17659 JellyfinRepository      com.rpeters.jellyfin                 D    TranscodingProfile[0]: codec=h265,hevc, container=mp4, protocol=http, conditions=2
2026-02-03 20:11:51.554 17659-17659 JellyfinRepository      com.rpeters.jellyfin                 D      Condition: Height LessThanEqual 2160
2026-02-03 20:11:51.554 17659-17659 JellyfinRepository      com.rpeters.jellyfin                 D      Condition: Width LessThanEqual 3840
2026-02-03 20:11:51.554 17659-17659 JellyfinRepository      com.rpeters.jellyfin                 D    TranscodingProfile[1]: codec=h264, container=mp4, protocol=hls, conditions=2
2026-02-03 20:11:51.554 17659-17659 JellyfinRepository      com.rpeters.jellyfin                 D      Condition: Height LessThanEqual 2160
2026-02-03 20:11:51.554 17659-17659 JellyfinRepository      com.rpeters.jellyfin                 D      Condition: Width LessThanEqual 3840
2026-02-03 20:11:51.554 17659-17659 JellyfinRepository      com.rpeters.jellyfin                 D    TranscodingProfile[2]: codec=, container=mp3, protocol=http, conditions=0
2026-02-03 20:11:51.582 17659-17659 WindowOnBackDispatcher  com.rpeters.jellyfin                 D  setTopOnBackInvokedCallback (unwrapped): android.app.Activity$$ExternalSyntheticLambda0@55989a1
2026-02-03 20:11:51.583 17659-17659 VRI[MainAc...y]@7a3c0f0 com.rpeters.jellyfin                 I  stopped(true) old = false
2026-02-03 20:11:51.583 17659-17659 VRI[MainAc...y]@7a3c0f0 com.rpeters.jellyfin                 D  WindowStopped on com.rpeters.jellyfin/com.rpeters.jellyfin.MainActivity set to true
2026-02-03 20:11:51.590 17659-17659 AutofillManager         com.rpeters.jellyfin                 I  onInvisibleForAutofill(): expiringResponse
2026-02-03 20:11:51.594 17659-17659 VRI[MainAc...y]@7a3c0f0 com.rpeters.jellyfin                 I  handleAppVisibility mAppVisible = true visible = false
2026-02-03 20:11:51.594 17659-17659 ConnectivityManager     com.rpeters.jellyfin                 D  StackLog: [android.net.ConnectivityManager.unregisterNetworkCallback(ConnectivityManager.java:5573)] [com.rpeters.jellyfin.network.ConnectivityChecker$observeNetworkConnectivity$1.invokeSuspend$lambda$0(ConnectivityChecker.kt:100)] [com.rpeters.jellyfin.network.ConnectivityChecker$observeNetworkConnectivity$1$$ExternalSyntheticLambda1.invoke(D8$$SyntheticClass:0)] [kotlinx.coroutines.channels.ProduceKt.awaitClose(Produce.kt:69)] [kotlinx.coroutines.channels.ProduceKt$awaitClose$1.invokeSuspend(Unknown Source:17)] [kotlin.coroutines.jvm.internal.BaseContinuationImpl.resumeWith(ContinuationImpl.kt:34)] [kotlinx.coroutines.DispatchedTask.run(DispatchedTask.kt:98)] [androidx.compose.ui.platform.AndroidUiDispatcher.performTrampolineDispatch(AndroidUiDispatcher.android.kt:79)] [androidx.compose.ui.platform.AndroidUiDispatcher.access$performTrampolineDispatch(AndroidUiDispatcher.android.kt:41)] [androidx.compose.ui.platform.AndroidUiDispatcher$dispatchCallback$1.doFrame(AndroidUiDispatcher.android.kt:68)] [android.view.Choreographer$CallbackRecord.run(Choreographer.java:1959)] [android.view.Choreographer$CallbackRecord.run(Choreographer.java:1970)] [android.view.Choreographer.doCallbacks(Choreographer.java:1423)] [android.view.Choreographer.doFrame(Choreographer.java:1338)] [android.view.Choreographer$FrameDisplayEventReceiver.run(Choreographer.java:1930)]
2026-02-03 20:11:51.600 17659-17659 VRI[MainAc...y]@7a3c0f0 com.rpeters.jellyfin                 I  Relayout returned: old=(0,0,1440,3120) new=(0,0,1440,3120) relayoutAsync=false req=(1440,3120)8 dur=2 res=0x2 s={false 0x0} ch=false seqId=0
2026-02-03 20:11:51.600 17659-17659 VRI[MainAc...y]@7a3c0f0 com.rpeters.jellyfin                 D  Not drawing due to not visible. Reason=!mAppVisible && !mForceDecorViewVisibility
2026-02-03 20:11:51.601  2941-7449  WindowManager           system_server                        E  win=Window{b6e1ee9 u0 com.rpeters.jellyfin/com.rpeters.jellyfin.MainActivity} destroySurfaces: appStopped=true cleanupOnResume=false win.mWindowRemovalAllowed=false win.mRemoveOnExit=false win.mViewVisibility=8 caller=com.android.server.wm.ActivityRecord.destroySurfaces:24 com.android.server.wm.ActivityRecord.activityStopped:209 com.android.server.wm.ActivityClientController.activityStopped:102 android.app.IActivityClientController$Stub.onTransact:829 com.android.server.wm.ActivityClientController.onTransact:1 android.os.Binder.execTransactInternal:1514 android.os.Binder.execTransact:1454
2026-02-03 20:11:51.875 17659-17659 JellyfinRepository      com.rpeters.jellyfin                 D  Server response:
2026-02-03 20:11:51.875 17659-17659 JellyfinRepository      com.rpeters.jellyfin                 D    PlaySessionId: a6490a49f80249e489bcab42b27996c9
2026-02-03 20:11:51.875 17659-17659 JellyfinRepository      com.rpeters.jellyfin                 D    MediaSources: 1
2026-02-03 20:11:51.875 17659-17659 JellyfinRepository      com.rpeters.jellyfin                 D    MediaSource[0]:
2026-02-03 20:11:51.875 17659-17659 JellyfinRepository      com.rpeters.jellyfin                 D      Name: Wonder Woman (2017) Remux-1080p
2026-02-03 20:11:51.875 17659-17659 JellyfinRepository      com.rpeters.jellyfin                 D      Container: mkv
2026-02-03 20:11:51.875 17659-17659 JellyfinRepository      com.rpeters.jellyfin                 D      Size: 31393940381
2026-02-03 20:11:51.875 17659-17659 JellyfinRepository      com.rpeters.jellyfin                 D      IsRemote: false
2026-02-03 20:11:51.875 17659-17659 JellyfinRepository      com.rpeters.jellyfin                 D      Video Stream: h264, 1920x1080, bitrate=29630006
2026-02-03 20:11:51.875 17659-17659 JellyfinRepository      com.rpeters.jellyfin                 D      SupportsDirectPlay: false
2026-02-03 20:11:51.875 17659-17659 JellyfinRepository      com.rpeters.jellyfin                 D      SupportsDirectStream: false
2026-02-03 20:11:51.875 17659-17659 JellyfinRepository      com.rpeters.jellyfin                 D      SupportsTranscoding: true
2026-02-03 20:11:51.875 17659-17659 JellyfinRepository      com.rpeters.jellyfin                 D      TranscodingUrl: /videos/ed722338-a224-c138-d6be-5a759379850e/master.m3u8?&DeviceId=android-jellyfin-client&MediaSourceId=ed722338a224c138d6be5a759379850e&VideoCodec=h264&AudioCodec=aac,opus&AudioStreamIndex=1&VideoBitrate=75721142&AudioBitrate=4278858&MaxFramerate=23.976025&MaxWidth=3840&MaxHeight=2160&SegmentContainer=mp4&SegmentLength=6&MinSegments=2&BreakOnNonKeyFrames=False&PlaySessionId=a6490a49f80249e489bcab42b27996c9&ApiKey=eef30dbce6d2484e81d0ee2be6ed65a7&RequireAvc=false&EnableAudioVbrEncoding=true&Tag=bef2863799fbcd390f93886730c2cfa5&h264-level=41&h264-videobitdepth=8&h264-profile=high&TranscodeReasons=AudioCodecNotSupported
2026-02-03 20:11:51.876 17659-17659 JellyfinRepository      com.rpeters.jellyfin                 D      Transcoding resolution: 3840x2160
2026-02-03 20:11:51.876 17659-17659 JellyfinRepository      com.rpeters.jellyfin                 D  PlaybackInfo response: playSessionId=*** mediaSources=1
2026-02-03 20:11:51.876 17659-17659 JellyfinRepository      com.rpeters.jellyfin                 D  [VERBOSE] PlaybackInfo sources: id=ed722338a224c138d6be5a759379850e, directPlay=false, directStream=false, transcode=true, container=mkv, transcodingUrl=true
2026-02-03 20:11:51.877 17659-17659 VideoPlayer             com.rpeters.jellyfin                 D  Added subtitle spec: Engelsk - English - SUBRIP (eng) - subrip -> vtt
2026-02-03 20:11:51.877 17659-17659 VideoPlayer             com.rpeters.jellyfin                 D  Added subtitle spec: Dansk - Danish - SUBRIP (dan) - subrip -> vtt
2026-02-03 20:11:51.878 17659-17659 VideoPlayer             com.rpeters.jellyfin                 D  Added subtitle spec: Finsk - Finnish - SUBRIP (fin) - subrip -> vtt
2026-02-03 20:11:51.878 17659-17659 VideoPlayer             com.rpeters.jellyfin                 D  Added subtitle spec: Norsk - Norwegian - SUBRIP (nor) - subrip -> vtt
2026-02-03 20:11:51.878 17659-17659 VideoPlayer             com.rpeters.jellyfin                 D  Added subtitle spec: Svensk - Swedish - SUBRIP (swe) - subrip -> vtt
2026-02-03 20:11:51.879 17659-17705 EnhancedPlaybackManager com.rpeters.jellyfin                 D  [VERBOSE] Getting optimal playback URL for: Wonder Woman (Movie)
2026-02-03 20:11:51.880 17659-17705 DeviceCapabilities      com.rpeters.jellyfin                 D  Detected total RAM: 11653MB
2026-02-03 20:11:51.881 17659-17705 DeviceCapabilities      com.rpeters.jellyfin                 D  Hardware codecs: [flac, mp3, ac3, eac3, h264, h265, vp9, av1, mpeg4]
2026-02-03 20:11:51.882 17659-17705 DeviceCapabilities      com.rpeters.jellyfin                 D  Software codecs: [aac, flac, mp3, opus, pcm, vorbis, av1, h264, h263, h265, mpeg4, vp8, vp9]
2026-02-03 20:11:51.882 17659-17705 JellyfinRepository      com.rpeters.jellyfin                 D  Device capabilities: maxResolution=(3840, 2160), supports4K=true
2026-02-03 20:11:51.882 17659-17705 JellyfinDeviceProfile   com.rpeters.jellyfin                 D  Creating device profile with maxWidth=3840, maxHeight=2160
2026-02-03 20:11:51.882 17659-17705 JellyfinRepository      com.rpeters.jellyfin                 D  DeviceProfile created with codecProfiles: 4
2026-02-03 20:11:51.882 17659-17705 JellyfinRepository      com.rpeters.jellyfin                 D    CodecProfile[0]: type=Video, codec=h264, conditions=4
2026-02-03 20:11:51.882 17659-17705 JellyfinRepository      com.rpeters.jellyfin                 D    CodecProfile[1]: type=Video, codec=h265,hevc, conditions=4
2026-02-03 20:11:51.882 17659-17705 JellyfinRepository      com.rpeters.jellyfin                 D    CodecProfile[2]: type=Video, codec=vp9, conditions=4
2026-02-03 20:11:51.882 17659-17705 JellyfinRepository      com.rpeters.jellyfin                 D    CodecProfile[3]: type=Video, codec=av1, conditions=4
2026-02-03 20:11:51.883 17659-17705 JellyfinRepository      com.rpeters.jellyfin                 D  PlaybackInfo request for item UUID-***: maxBitrate=80000000 (80Mbps), directPlay=true, directStream=true, transcode=true
2026-02-03 20:11:51.883 17659-17705 JellyfinRepository      com.rpeters.jellyfin                 D  Network-based maxStreamingBitrate: 80Mbps
2026-02-03 20:11:51.883 17659-17705 JellyfinRepository      com.rpeters.jellyfin                 D  DeviceProfile: Jellyfin Android Client, maxStreamBitrate=400000000, maxStaticBitrate=400000000
2026-02-03 20:11:51.883 17659-17705 JellyfinRepository      com.rpeters.jellyfin                 D    TranscodingProfile[0]: codec=h265,hevc, container=mp4, protocol=http, conditions=2
2026-02-03 20:11:51.883 17659-17705 JellyfinRepository      com.rpeters.jellyfin                 D      Condition: Height LessThanEqual 2160
2026-02-03 20:11:51.883 17659-17705 JellyfinRepository      com.rpeters.jellyfin                 D      Condition: Width LessThanEqual 3840
2026-02-03 20:11:51.883 17659-17705 JellyfinRepository      com.rpeters.jellyfin                 D    TranscodingProfile[1]: codec=h264, container=mp4, protocol=hls, conditions=2
2026-02-03 20:11:51.883 17659-17705 JellyfinRepository      com.rpeters.jellyfin                 D      Condition: Height LessThanEqual 2160
2026-02-03 20:11:51.883 17659-17705 JellyfinRepository      com.rpeters.jellyfin                 D      Condition: Width LessThanEqual 3840
2026-02-03 20:11:51.883 17659-17705 JellyfinRepository      com.rpeters.jellyfin                 D    TranscodingProfile[2]: codec=, container=mp3, protocol=http, conditions=0
2026-02-03 20:11:52.178 17659-17705 JellyfinRepository      com.rpeters.jellyfin                 D  Server response:
2026-02-03 20:11:52.178 17659-17705 JellyfinRepository      com.rpeters.jellyfin                 D    PlaySessionId: def6305959b342d4b801633dba81d9b2
2026-02-03 20:11:52.178 17659-17705 JellyfinRepository      com.rpeters.jellyfin                 D    MediaSources: 1
2026-02-03 20:11:52.178 17659-17705 JellyfinRepository      com.rpeters.jellyfin                 D    MediaSource[0]:
2026-02-03 20:11:52.178 17659-17705 JellyfinRepository      com.rpeters.jellyfin                 D      Name: Wonder Woman (2017) Remux-1080p
2026-02-03 20:11:52.178 17659-17705 JellyfinRepository      com.rpeters.jellyfin                 D      Container: mkv
2026-02-03 20:11:52.178 17659-17705 JellyfinRepository      com.rpeters.jellyfin                 D      Size: 31393940381
2026-02-03 20:11:52.178 17659-17705 JellyfinRepository      com.rpeters.jellyfin                 D      IsRemote: false
2026-02-03 20:11:52.178 17659-17705 JellyfinRepository      com.rpeters.jellyfin                 D      Video Stream: h264, 1920x1080, bitrate=29630006
2026-02-03 20:11:52.178 17659-17705 JellyfinRepository      com.rpeters.jellyfin                 D      SupportsDirectPlay: false
2026-02-03 20:11:52.178 17659-17705 JellyfinRepository      com.rpeters.jellyfin                 D      SupportsDirectStream: false
2026-02-03 20:11:52.178 17659-17705 JellyfinRepository      com.rpeters.jellyfin                 D      SupportsTranscoding: true
2026-02-03 20:11:52.178 17659-17705 JellyfinRepository      com.rpeters.jellyfin                 D      TranscodingUrl: /videos/ed722338-a224-c138-d6be-5a759379850e/master.m3u8?&DeviceId=android-jellyfin-client&MediaSourceId=ed722338a224c138d6be5a759379850e&VideoCodec=h264&AudioCodec=aac,opus&AudioStreamIndex=1&VideoBitrate=75721142&AudioBitrate=4278858&MaxFramerate=23.976025&MaxWidth=3840&MaxHeight=2160&SegmentContainer=mp4&SegmentLength=6&MinSegments=2&BreakOnNonKeyFrames=False&PlaySessionId=def6305959b342d4b801633dba81d9b2&ApiKey=eef30dbce6d2484e81d0ee2be6ed65a7&RequireAvc=false&EnableAudioVbrEncoding=true&Tag=bef2863799fbcd390f93886730c2cfa5&h264-level=41&h264-videobitdepth=8&h264-profile=high&TranscodeReasons=AudioCodecNotSupported
2026-02-03 20:11:52.178 17659-17705 JellyfinRepository      com.rpeters.jellyfin                 D      Transcoding resolution: 3840x2160
2026-02-03 20:11:52.179 17659-17705 JellyfinRepository      com.rpeters.jellyfin                 D  PlaybackInfo response: playSessionId=*** mediaSources=1
2026-02-03 20:11:52.179 17659-17705 JellyfinRepository      com.rpeters.jellyfin                 D  [VERBOSE] PlaybackInfo sources: id=ed722338a224c138d6be5a759379850e, directPlay=false, directStream=false, transcode=true, container=mkv, transcodingUrl=true
2026-02-03 20:11:52.179 17659-17705 EnhancedPlaybackManager com.rpeters.jellyfin                 D  Server recommends transcoding: id=ed722338a224c138d6be5a759379850e, container=mkv, directPlay=false, transcode=true
2026-02-03 20:11:52.181 17659-17705 DeviceCapabilities      com.rpeters.jellyfin                 D  Detected total RAM: 11653MB
2026-02-03 20:11:52.182 17659-17705 DeviceCapabilities      com.rpeters.jellyfin                 D  Hardware codecs: [flac, mp3, ac3, eac3, h264, h265, vp9, av1, mpeg4]
2026-02-03 20:11:52.182 17659-17705 DeviceCapabilities      com.rpeters.jellyfin                 D  Software codecs: [aac, flac, mp3, opus, pcm, vorbis, av1, h264, h263, h265, mpeg4, vp8, vp9]
2026-02-03 20:11:52.183 17659-17705 EnhancedPlaybackManager com.rpeters.jellyfin                 D  Transcoding params: source=1920x1080, target=1920x1080, bitrate=20Mbps, networkQuality=HIGH
2026-02-03 20:11:52.183 17659-17705 EnhancedPlaybackManager com.rpeters.jellyfin                 D  [VERBOSE] Server-directed transcoding: https://rpeters1428.huron.usbx.me/jellyfin/Videos/UUID-***/stream?MaxStreamingBitrate=20000000&MaxWidth=1920&MaxHeight=1080&VideoCodec=h264&AudioCodec=opus&Container=mp4&TranscodingMaxAudioChannels=2&BreakOnNonKeyFrames=true&AllowVideoStreamCopy=true&AllowAudioStreamCopy=true&MediaSourceId=ed722338a224c138d6be5a759379850e&PlaySessionId=***
2026-02-03 20:11:52.184 17659-17659 VideoPlayer             com.rpeters.jellyfin                 D  Transcoding: 1920x1080 h264/opus @ 20Mbps - Optimized for HIGH network quality
2026-02-03 20:11:52.184 17659-17659 VideoPlayer             com.rpeters.jellyfin                 D  Transcoding: 1920x1080 h264/opus @ 20Mbps - Optimized for HIGH network quality
2026-02-03 20:11:52.184 17659-17659 VideoPlayer             com.rpeters.jellyfin                 D  Using auto-detection for transcoded stream
2026-02-03 20:11:52.185 17659-17659 PlaybackProgressManager com.rpeters.jellyfin                 D  Loading existing progress for item: ed722338-a224-c138-d6be-5a759379850e
2026-02-03 20:11:52.185 17659-17659 PlaybackProgressManager com.rpeters.jellyfin                 D  Started tracking for item: ed722338-a224-c138-d6be-5a759379850e
2026-02-03 20:11:52.186 17659-17659 VideoPlayer             com.rpeters.jellyfin                 D  Final stream URL: https://rpeters1428.huron.usbx.me/jellyfin/Videos/UUID-***/stream?MaxStreamingBitrate=20000000&MaxWidth=1920&MaxHeight=1080&VideoCodec=h264&AudioCodec=opus&Container=mp4&TranscodingMaxAudioChannels=2&BreakOnNonKeyFrames=true&AllowVideoStreamCopy=true&AllowAudioStreamCopy=true&MediaSourceId=ed722338a224c138d6be5a759379850e&PlaySessionId=***
2026-02-03 20:11:52.186 17659-17659 VideoPlayer             com.rpeters.jellyfin                 D  Final stream URL: https://rpeters1428.huron.usbx.me/jellyfin/Videos/ed722338-a224-c138-d6be-5a759379850e/stream?MaxStreamingBitrate=20000000&MaxWidth=1920&MaxHeight=1080&VideoCodec=h264&AudioCodec=opus&Container=mp4&TranscodingMaxAudioChannels=2&BreakOnNonKeyFrames=true&AllowVideoStreamCopy=true&AllowAudioStreamCopy=true&MediaSourceId=ed722338a224c138d6be5a759379850e&PlaySessionId=def6305959b342d4b801633dba81d9b2
2026-02-03 20:11:52.186 17659-17659 VideoPlayer             com.rpeters.jellyfin                 D  MIME type: null
2026-02-03 20:11:52.186 17659-17659 VideoPlayer             com.rpeters.jellyfin                 D  MIME type: null
2026-02-03 20:11:52.186 17659-17705 RepositoryUtils         com.rpeters.jellyfin                 D  [VERBOSE] validateServer: Server validation passed for user rpeters1428 on https://rpeters1428.huron.usbx.me/jellyfin
2026-02-03 20:11:52.186 17659-17659 VideoPlayer             com.rpeters.jellyfin                 D  URL Parameters:
2026-02-03 20:11:52.186 17659-17659 VideoPlayer             com.rpeters.jellyfin                 D  URL Parameters:
2026-02-03 20:11:52.187 17659-17659 VideoPlayer             com.rpeters.jellyfin                 D    MaxStreamingBitrate = 20000000
2026-02-03 20:11:52.187 17659-17659 VideoPlayer             com.rpeters.jellyfin                 D    MaxStreamingBitrate = 20000000
2026-02-03 20:11:52.187 17659-17659 VideoPlayer             com.rpeters.jellyfin                 D    MaxWidth = 1920
2026-02-03 20:11:52.187 17659-17659 VideoPlayer             com.rpeters.jellyfin                 D    MaxWidth = 1920
2026-02-03 20:11:52.187 17659-17659 VideoPlayer             com.rpeters.jellyfin                 D    MaxHeight = 1080
2026-02-03 20:11:52.187 17659-17659 VideoPlayer             com.rpeters.jellyfin                 D    MaxHeight = 1080
2026-02-03 20:11:52.187 17659-17659 VideoPlayer             com.rpeters.jellyfin                 D    VideoCodec = h264
2026-02-03 20:11:52.187 17659-17659 VideoPlayer             com.rpeters.jellyfin                 D    VideoCodec = h264
2026-02-03 20:11:52.187 17659-17659 VideoPlayer             com.rpeters.jellyfin                 D    AudioCodec = opus
2026-02-03 20:11:52.188 17659-17659 VideoPlayer             com.rpeters.jellyfin                 D    AudioCodec = opus
2026-02-03 20:11:52.188 17659-17659 VideoPlayer             com.rpeters.jellyfin                 D    Container = mp4
2026-02-03 20:11:52.188 17659-17659 VideoPlayer             com.rpeters.jellyfin                 D    Container = mp4
2026-02-03 20:11:52.204 17659-17659 ExoPlayerImpl           com.rpeters.jellyfin                 I  Init 74b55a0 [AndroidXMedia3/1.9.1] [pa3q, SM-S938U1, samsung, 36]
2026-02-03 20:11:52.205 17659-17659 DefaultRenderersFactory com.rpeters.jellyfin                 I  Loaded FfmpegVideoRenderer.
2026-02-03 20:11:52.206 17659-17659 DefaultRenderersFactory com.rpeters.jellyfin                 I  Loaded FfmpegAudioRenderer.
2026-02-03 20:11:52.208 17659-17659 VideoPlayer             com.rpeters.jellyfin                 D  Created MediaItem with MIME type: null
2026-02-03 20:11:52.212 17659-17659 VideoPlayer             com.rpeters.jellyfin                 D  State: BUFFERING, isPlaying: false
2026-02-03 20:11:52.212 17659-17659 VideoPlayer             com.rpeters.jellyfin                 D  Duration update: rawDuration=-9223372036854775807, currentDuration=8476256, validDuration=8476256
2026-02-03 20:11:52.213 17659-17659 VideoPlayer             com.rpeters.jellyfin                 D  Player prepared successfully
2026-02-03 20:11:52.229 17659-17659 SV[2418432...rActivity] com.rpeters.jellyfin                 D  skip updating surface, 5
2026-02-03 20:11:52.246 17659-17740 AdrenoVK-0              com.rpeters.jellyfin                 I  Shader compilation failed for shaderType: 0
2026-02-03 20:11:52.246 17659-17740 AdrenoVK-0              com.rpeters.jellyfin                 I  Pipeline create failed
2026-02-03 20:11:53.415 17659-17659 InsetsController        com.rpeters.jellyfin                 I  onStateChanged: host=com.rpeters.jellyfin/com.rpeters.jellyfin.ui.player.VideoPlayerActivity, from=android.view.ViewRootImpl.onInsetsStateChanged:3038, state=InsetsState: {mDisplayFrame=Rect(0, 0 - 3120, 1440), mDisplayCutout=DisplayCutout{insets=Rect(128, 0 - 0, 0) waterfall=Insets{left=0, top=0, right=0, bottom=0} boundingRect={Bounds=[Rect(0, 685 - 128, 755), Rect(0, 0 - 0, 0), Rect(0, 0 - 0, 0), Rect(0, 0 - 0, 0)]} cutoutPathParserInfo={CutoutPathParserInfo{displayWidth=1440 displayHeight=3120 physicalDisplayWidth=1440 physicalDisplayHeight=3120 density={3.75} cutoutSpec={M 0,0 H -9.333333333333333 V 34.13333333333333 H 9.333333333333333 V 0 H 0 Z @dp} rotation={1} scale={1.0} physicalPixelDisplaySizeRatio={1.0}}} sideOverrides={}}, mRoundedCorners=RoundedCorners{[RoundedCorner{position=TopLeft, radius=56, center=Point(56, 56)}, RoundedCorner{position=TopRight, radius=56, center=Point(3064, 56)}, RoundedCorner{position=BottomRight, radius=56, center=Point(3064, 1384)}, RoundedCorner{position=BottomLeft, radius=56, center=Point(56, 1384)}]}  mRoundedCornerFrame=Rect(0, 0 - 3120, 1440), mPrivacyIndicatorBounds=PrivacyIndicatorBounds {static bounds=Rect(2955, 0 - 3120, 113) rotation=1}, mDisplayShape=DisplayShape{ spec=-311912193 displayWidth=1440 displayHeight=3120 physicalPixelDisplaySizeRatio=1.0 rotation=1 offsetX=0 offsetY=0 scale=1.0}, mSources= { InsetsSource: {91450001 mType=navigationBars mFrame=[0,1384][3120,1440] mAttachedInsets=null mVisible=false mFlags=SUPPRESS_SCRIM mSideHint=BOTTOM mBoundingRects=null}, InsetsSource: {91450004 mType=systemGestures mFrame=[0,0][240,1440] mAttachedInsets=null mVisible=true mFlags= mSideHint=LEFT mBoundingRects=null}, InsetsSource: {91450005 mType=mandatorySystemGestures mFrame=[0,1320][3120,1440] mAttachedInsets=null mVisible=true mFlags= mSideHint=BOTTOM mBoundingRects=null}, InsetsSource: {91450006 mType=tappableElement mFrame=[0,0][0,0] mAttachedInsets=null mVisible=true mFlags= mSideHint=NONE mBoundingRects=null}, InsetsSource: {91450024 mType=systemGestures mFrame=[3008,0][3120,1440] mAttachedInsets=null mVisible=true mFlags= mSideHint=RIGHT mBoundingRects=null}, InsetsSource: {9c550000 mType=statusBars mFrame=[0,0][3120,113] mAttachedInsets=null mVisible=false mFlags= mSideHint=TOP mBoundingRects=null}, InsetsSource: {9c550005 mType=mandatorySystemGestures mFrame=[0,0][3120,113] mAttachedInsets=null mVisible=true mFlags= mSideHint=TOP mBoundingRects=null}, InsetsSource: {9c550006 mType=tappableElement mFrame=[0,0][3120,113] mAttachedInsets=null mVisible=true mFlags= mSideHint=TOP mBoundingRects=null}, InsetsSource: {3 mType=ime mFrame=[0,0][0,0] mAttachedInsets=null mVisible=false mFlags=INVALID mSideHint=NONE mBoundingRects=null}, InsetsSource: {7 mType=displayCutout mFrame=[0,0][128,1440] mAttachedInsets=null mVisible=true mFlags= mSideHint=LEFT mBoundingRects=null} }
2026-02-03 20:11:53.415 17659-17659 VRI[VideoP...y]@a8454e2 com.rpeters.jellyfin                 I  handleResized, frames=ClientWindowFrames{frame=[0,0][3120,1440] display=[0,0][3120,1440] parentFrame=[0,0][0,0]} displayId=0 dragResizing=false compatScale=1.0 frameChanged=true attachedFrameChanged=false configChanged=true displayChanged=false compatScaleChanged=false dragResizingChanged=false
2026-02-03 20:11:53.416 17659-17659 VRI[VideoP...y]@a8454e2 com.rpeters.jellyfin                 I  handleResized mSyncSeqId = 0
2026-02-03 20:11:53.416 17659-17659 VRI[VideoP...y]@a8454e2 com.rpeters.jellyfin                 D  reportNextDraw android.view.ViewRootImpl.handleResized:2995 android.view.ViewRootImpl.-$$Nest$mhandleResized:0 android.view.ViewRootImpl$W.resized:14196 android.app.servertransaction.WindowStateResizeItem.execute:81 android.app.servertransaction.WindowStateTransactionItem.execute:62
2026-02-03 20:11:53.438 17659-17740 AdrenoVK-0              com.rpeters.jellyfin                 I  Shader compilation failed for shaderType: 0
2026-02-03 20:11:53.438 17659-17740 AdrenoVK-0              com.rpeters.jellyfin                 I  Pipeline create failed
2026-02-03 20:11:53.448 17659-17740 AdrenoVK-0              com.rpeters.jellyfin                 I  Failed to link shaders.
2026-02-03 20:11:53.448 17659-17740 AdrenoVK-0              com.rpeters.jellyfin                 I  Pipeline create failed
2026-02-03 20:11:53.452 17659-17659 VRI[VideoP...y]@a8454e2 com.rpeters.jellyfin                 D  WindowInsets changed: 3120x1440 mandatorySystemGestures:[0,113,0,120]
2026-02-03 20:11:53.453 17659-17659 BLASTBufferQueue_Java   com.rpeters.jellyfin                 I  update, w= 3120 h= 1440 mName = VRI[VideoPlayerActivity]@a8454e2 mNativeObject= 0xb4000073e3d53720 sc.mNativeObject= 0xb400007273d9f790 format= -3 caller= android.view.ViewRootImpl.updateBlastSurfaceIfNeeded:3592 android.view.ViewRootImpl.relayoutWindow:11809 android.view.ViewRootImpl.performTraversals:4839 android.view.ViewRootImpl.doTraversal:3959 android.view.ViewRootImpl$TraversalRunnable.run:13030 android.view.Choreographer$CallbackRecord.run:1961
2026-02-03 20:11:53.453 17659-17659 VRI[VideoP...y]@a8454e2 com.rpeters.jellyfin                 I  Relayout returned: old=(0,0,3120,1440) new=(0,0,3120,1440) relayoutAsync=true req=(3120,1440)0 dur=1 res=0x0 s={true 0xb400007333d29e50} ch=false seqId=0
2026-02-03 20:11:53.454 17659-17659 VRI[VideoP...y]@a8454e2 com.rpeters.jellyfin                 D  mThreadedRenderer.updateSurface() mSurface={isValid=true 0xb400007333d29e50}
2026-02-03 20:11:53.454 17659-17659 VRI[VideoP...y]@a8454e2 com.rpeters.jellyfin                 I  updateBoundsLayer: t=android.view.SurfaceControl$Transaction@dfd4d4 sc=Surface(name=Bounds for - com.rpeters.jellyfin/com.rpeters.jellyfin.ui.player.VideoPlayerActivity@0#184898)/@0x21e667d frame=277
2026-02-03 20:11:53.455 17659-17659 SurfaceView             com.rpeters.jellyfin                 I  241843296 Changes: creating=false format=false size=true visible=false alpha=false hint=true left=false top=false z=false attached=true lifecycleStrategy=false
2026-02-03 20:11:53.455 17659-17659 SurfaceView             com.rpeters.jellyfin                 I  241843296 Cur surface: Surface(name=null mNativeObject=-5476376652090623472)/@0x924d465
2026-02-03 20:11:53.455 17659-17659 BLASTBufferQueue_Java   com.rpeters.jellyfin                 I  update, w= 3120 h= 1440 mName = e6a3c60 SurfaceView[com.rpeters.jellyfin/com.rpeters.jellyfin.ui.player.VideoPlayerActivity]@0 mNativeObject= 0xb4000073e3d21c60 sc.mNativeObject= 0xb400007273d9b290 format= 4 caller= android.view.SurfaceView.setBufferSize:1800 android.view.SurfaceView.performSurfaceTransaction:1295 android.view.SurfaceView.updateSurface:1550 android.view.SurfaceView.setFrame:746 android.view.View.layout:27355 android.widget.FrameLayout.layoutChildren:345
2026-02-03 20:11:53.455 17659-17659 SV[2418432...rActivity] com.rpeters.jellyfin                 I  pST: sr = Rect(0, 0 - 3120, 1440) sw = 3120 sh = 1440
2026-02-03 20:11:53.455 17659-17659 SurfaceView             com.rpeters.jellyfin                 D  241843296 performSurfaceTransaction RenderWorker position = [0, 0, 3120, 1440] surfaceSize = 3120x1440
2026-02-03 20:11:53.455 17659-17659 SV[2418432...rActivity] com.rpeters.jellyfin                 I  updateSurface: mVisible = true mSurface.isValid() = true
2026-02-03 20:11:53.455 17659-17659 SV[2418432...rActivity] com.rpeters.jellyfin                 I  updateSurface: mSurfaceCreated = true surfaceChanged = false visibleChanged = false
2026-02-03 20:11:53.455 17659-17659 SurfaceView             com.rpeters.jellyfin                 I  241843296 surfaceChanged -- format=4 w=3120 h=1440
2026-02-03 20:11:53.455 17659-17659 SV[2418432...rActivity] com.rpeters.jellyfin                 I  surfaceChanged (3120,1440) 1 #5 android.view.SurfaceView{e6a3c60 V.E...... ......ID 0,0-3120,1440}
2026-02-03 20:11:53.455 17659-17659 SurfaceView             com.rpeters.jellyfin                 I  241843296 surfaceRedrawNeeded
2026-02-03 20:11:53.456 17659-17659 SurfaceView             com.rpeters.jellyfin                 I  241843296 finishedDrawing
2026-02-03 20:11:53.456 17659-17659 SurfaceView             com.rpeters.jellyfin                 V  Layout: x=0 y=0 w=3120 h=1440, frame=Rect(0, 0 - 3120, 1440)
2026-02-03 20:11:53.457 17659-17659 VRI[VideoP...y]@a8454e2 com.rpeters.jellyfin                 D  Setup new sync=wmsSync-VRI[VideoPlayerActivity]@a8454e2#12
2026-02-03 20:11:53.457 17659-17659 VRI[VideoP...y]@a8454e2 com.rpeters.jellyfin                 I  Creating new active sync group VRI[VideoPlayerActivity]@a8454e2#13
2026-02-03 20:11:53.457 17659-17659 VRI[VideoP...y]@a8454e2 com.rpeters.jellyfin                 D  registerCallbacksForSync syncBuffer=false
2026-02-03 20:11:53.460 17659-17740 SurfaceView             com.rpeters.jellyfin                 D  241843296 updateSurfacePosition RenderWorker, frameNr = 277, position = [0, 0, 3120, 1440] surfaceSize = 3120x1440
2026-02-03 20:11:53.460 17659-17740 SV[2418432...rActivity] com.rpeters.jellyfin                 I  uSP: rtp = Rect(0, 0 - 3120, 1440) rtsw = 3120 rtsh = 1440
2026-02-03 20:11:53.460 17659-17740 SV[2418432...rActivity] com.rpeters.jellyfin                 I  onSSPAndSRT: pl = 0 pt = 0 sx = 1.0 sy = 1.0
2026-02-03 20:11:53.460 17659-17740 SV[2418432...rActivity] com.rpeters.jellyfin                 I  aOrMT: VRI[VideoPlayerActivity]@a8454e2 t = android.view.SurfaceControl$Transaction@2a84158 fN = 277 android.view.SurfaceView.-$$Nest$mapplyOrMergeTransaction:0 android.view.SurfaceView$SurfaceViewPositionUpdateListener.positionChanged:2029 android.graphics.RenderNode$CompositePositionUpdateListener.positionChanged:401
2026-02-03 20:11:53.460 17659-17740 VRI[VideoP...y]@a8454e2 com.rpeters.jellyfin                 I  mWNT: t=0xb400007313d3e7c0 mBlastBufferQueue=0xb4000073e3d53720 fn= 277 HdrRenderState mRenderHdrSdrRatio=1.0 caller= android.view.SurfaceView.applyOrMergeTransaction:1960 android.view.SurfaceView.-$$Nest$mapplyOrMergeTransaction:0 android.view.SurfaceView$SurfaceViewPositionUpdateListener.positionChanged:2029
2026-02-03 20:11:53.460 17659-17755 VRI[VideoP...y]@a8454e2 com.rpeters.jellyfin                 D  Received frameDrawingCallback syncResult=0 frameNum=277.
2026-02-03 20:11:53.460 17659-17755 VRI[VideoP...y]@a8454e2 com.rpeters.jellyfin                 I  mWNT: t=0xb400007313d645a0 mBlastBufferQueue=0xb4000073e3d53720 fn= 277 HdrRenderState mRenderHdrSdrRatio=1.0 caller= android.view.ViewRootImpl$12.onFrameDraw:15557 android.view.ThreadedRenderer$1.onFrameDraw:751 <bottom of call stack>
2026-02-03 20:11:53.461 17659-17755 VRI[VideoP...y]@a8454e2 com.rpeters.jellyfin                 I  Setting up sync and frameCommitCallback
2026-02-03 20:11:53.462 17659-17740 AdrenoVK-0              com.rpeters.jellyfin                 I  Shader compilation failed for shaderType: 0
2026-02-03 20:11:53.462 17659-17740 AdrenoVK-0              com.rpeters.jellyfin                 I  Pipeline create failed
2026-02-03 20:11:53.466 17659-17740 VRI[VideoP...y]@a8454e2 com.rpeters.jellyfin                 I  Received frameCommittedCallback lastAttemptedDrawFrameNum=277 didProduceBuffer=true
2026-02-03 20:11:53.466 17659-17659 VRI[VideoP...y]@a8454e2 com.rpeters.jellyfin                 D  reportDrawFinished seqId=0
2026-02-03 20:11:53.472 17659-17659 InsetsSourceConsumer    com.rpeters.jellyfin                 I  applyRequestedVisibilityToControl: visible=false, type=statusBars, host=com.rpeters.jellyfin/com.rpeters.jellyfin.ui.player.VideoPlayerActivity
2026-02-03 20:11:53.476 17659-17758 VRI[VideoP...y]@a8454e2 com.rpeters.jellyfin                 I  mWNT: t=0xb400007313d8efd0 mBlastBufferQueue=0xb4000073e3d53720 fn= 279 HdrRenderState mRenderHdrSdrRatio=1.0 caller= android.view.SyncRtSurfaceTransactionApplier.applyTransaction:102 android.view.SyncRtSurfaceTransactionApplier.lambda$scheduleApply$0:75 android.view.SyncRtSurfaceTransactionApplier.$r8$lambda$afI4fXg3U3-nBZQEDQMiNy-B06s:0
2026-02-03 20:11:53.560 17659-17659 InsetsController        com.rpeters.jellyfin                 I  onStateChanged: host=com.rpeters.jellyfin/com.rpeters.jellyfin.ui.player.VideoPlayerActivity, from=android.view.ViewRootImpl.onInsetsStateChanged:3038, state=InsetsState: {mDisplayFrame=Rect(0, 0 - 3120, 1440), mDisplayCutout=DisplayCutout{insets=Rect(128, 0 - 0, 0) waterfall=Insets{left=0, top=0, right=0, bottom=0} boundingRect={Bounds=[Rect(0, 685 - 128, 755), Rect(0, 0 - 0, 0), Rect(0, 0 - 0, 0), Rect(0, 0 - 0, 0)]} cutoutPathParserInfo={CutoutPathParserInfo{displayWidth=1440 displayHeight=3120 physicalDisplayWidth=1440 physicalDisplayHeight=3120 density={3.75} cutoutSpec={M 0,0 H -9.333333333333333 V 34.13333333333333 H 9.333333333333333 V 0 H 0 Z @dp} rotation={1} scale={1.0} physicalPixelDisplaySizeRatio={1.0}}} sideOverrides={}}, mRoundedCorners=RoundedCorners{[RoundedCorner{position=TopLeft, radius=56, center=Point(56, 56)}, RoundedCorner{position=TopRight, radius=56, center=Point(3064, 56)}, RoundedCorner{position=BottomRight, radius=56, center=Point(3064, 1384)}, RoundedCorner{position=BottomLeft, radius=56, center=Point(56, 1384)}]}  mRoundedCornerFrame=Rect(0, 0 - 3120, 1440), mPrivacyIndicatorBounds=PrivacyIndicatorBounds {static bounds=Rect(2955, 0 - 3120, 113) rotation=1}, mDisplayShape=DisplayShape{ spec=-311912193 displayWidth=1440 displayHeight=3120 physicalPixelDisplaySizeRatio=1.0 rotation=1 offsetX=0 offsetY=0 scale=1.0}, mSources= { InsetsSource: {91450001 mType=navigationBars mFrame=[0,1384][3120,1440] mAttachedInsets=null mVisible=false mFlags=SUPPRESS_SCRIM mSideHint=BOTTOM mBoundingRects=null}, InsetsSource: {91450004 mType=systemGestures mFrame=[0,0][240,1440] mAttachedInsets=null mVisible=true mFlags= mSideHint=LEFT mBoundingRects=null}, InsetsSource: {91450005 mType=mandatorySystemGestures mFrame=[0,1320][3120,1440] mAttachedInsets=null mVisible=true mFlags= mSideHint=BOTTOM mBoundingRects=null}, InsetsSource: {91450006 mType=tappableElement mFrame=[0,0][0,0] mAttachedInsets=null mVisible=true mFlags= mSideHint=NONE mBoundingRects=null}, InsetsSource: {91450024 mType=systemGestures mFrame=[3008,0][3120,1440] mAttachedInsets=null mVisible=true mFlags= mSideHint=RIGHT mBoundingRects=null}, InsetsSource: {9c550000 mType=statusBars mFrame=[0,0][3120,113] mAttachedInsets=null mVisible=false mFlags= mSideHint=TOP mBoundingRects=null}, InsetsSource: {9c550005 mType=mandatorySystemGestures mFrame=[0,0][3120,113] mAttachedInsets=null mVisible=true mFlags= mSideHint=TOP mBoundingRects=null}, InsetsSource: {9c550006 mType=tappableElement mFrame=[0,0][3120,113] mAttachedInsets=null mVisible=true mFlags= mSideHint=TOP mBoundingRects=null}, InsetsSource: {3 mType=ime mFrame=[0,0][0,0] mAttachedInsets=null mVisible=false mFlags=INVALID mSideHint=NONE mBoundingRects=null}, InsetsSource: {7 mType=displayCutout mFrame=[0,0][128,1440] mAttachedInsets=null mVisible=true mFlags= mSideHint=LEFT mBoundingRects=null} }
2026-02-03 20:11:53.560 17659-17659 InsetsSourceConsumer    com.rpeters.jellyfin                 I  applyRequestedVisibilityToControl: visible=false, type=navigationBars, host=com.rpeters.jellyfin/com.rpeters.jellyfin.ui.player.VideoPlayerActivity
2026-02-03 20:11:53.568 17659-17755 VRI[VideoP...y]@a8454e2 com.rpeters.jellyfin                 I  mWNT: t=0xb400007313d8efd0 mBlastBufferQueue=0xb4000073e3d53720 fn= 290 HdrRenderState mRenderHdrSdrRatio=1.0 caller= android.view.SyncRtSurfaceTransactionApplier.applyTransaction:102 android.view.SyncRtSurfaceTransactionApplier.lambda$scheduleApply$0:75 android.view.SyncRtSurfaceTransactionApplier.$r8$lambda$afI4fXg3U3-nBZQEDQMiNy-B06s:0
2026-02-03 20:11:54.192 17659-18523 AudioSystem             com.rpeters.jellyfin                 D  onNewService: media.audio_policy service obtained 0xb400007283e014b0
2026-02-03 20:11:54.192 17659-18523 AudioSystem             com.rpeters.jellyfin                 D  getService: IAudioPolicyService retrieved: 0xb400007283e014b0  cached: 0xb400007283e014b0
2026-02-03 20:11:54.198 17659-18523 AudioManager            com.rpeters.jellyfin                 I  getParameters keys = offloadVariableRateSupported
2026-02-03 20:11:54.204 17659-18523 nativeloader            com.rpeters.jellyfin                 D  Load /data/app/~~I0eb7e7Wvl27LjBIWzqbrw==/com.rpeters.jellyfin-ddLvXMbkWpew6mebhUG7Zw==/base.apk!/lib/arm64-v8a/libffmpegJNI.so using class loader ns clns-9 (caller=/data/app/~~I0eb7e7Wvl27LjBIWzqbrw==/com.rpeters.jellyfin-ddLvXMbkWpew6mebhUG7Zw==/base.apk!classes20.dex): ok
2026-02-03 20:11:54.205 17659-18523 FfmpegLibrary           com.rpeters.jellyfin                 W  No opus decoder available. Check the FFmpeg build configuration.
2026-02-03 20:11:54.212 17659-18523 DMCodecAdapterFactory   com.rpeters.jellyfin                 I  Creating an asynchronous MediaCodec adapter for track type video
2026-02-03 20:11:54.214 17659-17659 VideoPlayer             com.rpeters.jellyfin                 D  Updated available qualities: [1080p]
2026-02-03 20:11:54.214 17659-18561 CCodec                  com.rpeters.jellyfin                 I  state->set(ALLOCATING)
2026-02-03 20:11:54.215 17659-18562 RuntimeProperty         com.rpeters.jellyfin                 D  ro.soc.model: SM8750
2026-02-03 20:11:54.215 17659-18562 RuntimeProperty         com.rpeters.jellyfin                 D  ro.board.platform: sun
2026-02-03 20:11:54.215 17659-18562 CCodec                  com.rpeters.jellyfin                 I  allocate(c2.qti.avc.decoder)
2026-02-03 20:11:54.215 17659-18562 CCodec                  com.rpeters.jellyfin                 D  allocate(c2.qti.avc.decoder)
2026-02-03 20:11:54.226 17659-18562 ApexCodecsLazy          com.rpeters.jellyfin                 I  ApexCodecs loaded
2026-02-03 20:11:54.226 17659-18562 Codec2Client            com.rpeters.jellyfin                 I  Available Codec2 services: "default" "default1" "software" "__ApexCodecs__"
2026-02-03 20:11:54.227 17659-18562 CCodec                  com.rpeters.jellyfin                 I  setting up 'default' as default (vendor) store
2026-02-03 20:11:54.251 17659-18562 CCodec                  com.rpeters.jellyfin                 I  Created component [c2.qti.avc.decoder] for [c2.qti.avc.decoder]
2026-02-03 20:11:54.251 17659-18562 CCodec                  com.rpeters.jellyfin                 I  [c2.qti.avc.decoder] state->set(ALLOCATED)
2026-02-03 20:11:54.252 17659-18562 CCodecConfig            com.rpeters.jellyfin                 D  read media type: video/avc
2026-02-03 20:11:54.253 17659-18562 ReflectedParamUpdater   com.rpeters.jellyfin                 D  extent() != 1 for single value type: output.subscribed-indices.values
2026-02-03 20:11:54.253 17659-18562 ReflectedParamUpdater   com.rpeters.jellyfin                 D  extent() != 1 for single value type: vendor.qti-ext-info-hist_hdr.stats_info
2026-02-03 20:11:54.253 17659-18562 ReflectedParamUpdater   com.rpeters.jellyfin                 D  extent() != 1 for single value type: vendor.qti-ext-info-hist_hdr.reserved
2026-02-03 20:11:54.254 17659-18562 ReflectedParamUpdater   com.rpeters.jellyfin                 D  extent() != 1 for single value type: vendor.qti-ext-transcode-info-stats.stats_info
2026-02-03 20:11:54.254 17659-18562 ReflectedParamUpdater   com.rpeters.jellyfin                 D  ignored struct field vendor.input.configs.portConfigs
2026-02-03 20:11:54.255 17659-18562 ReflectedParamUpdater   com.rpeters.jellyfin                 D  extent() != 1 for single value type: output.buffers.pool-ids.values
2026-02-03 20:11:54.255 17659-18562 ReflectedParamUpdater   com.rpeters.jellyfin                 D  ignored struct field vendor.output.configs.portConfigs
2026-02-03 20:11:54.255 17659-18562 CCodecConfig            com.rpeters.jellyfin                 D  ignoring local param raw.size (0xd2001800) as it is already supported
2026-02-03 20:11:54.255 17659-18562 CCodecConfig            com.rpeters.jellyfin                 D  ignoring local param default.color (0x5200180b) as it is already supported
2026-02-03 20:11:54.255 17659-18562 CCodecConfig            com.rpeters.jellyfin                 D  ignoring local param raw.hdr-static-info (0xd200180a) as it is already supported
2026-02-03 20:11:54.256 17659-18562 CCodec                  com.rpeters.jellyfin                 I  [c2.qti.avc.decoder] config->initialize() : 0
2026-02-03 20:11:54.256 17659-18562 CCodecConfig            com.rpeters.jellyfin                 I  query failed after returning 17 values (BAD_INDEX)
2026-02-03 20:11:54.256 17659-18562 CCodecConfig            com.rpeters.jellyfin                 D  c2 config diff is Dict {
