2026-02-03 20:12:24.303 17659-17659 VRI[VideoP...y]@12e02f9 com.rpeters.jellyfin                 D  Setup new sync=wmsSync-VRI[VideoPlayerActivity]@12e02f9#35
2026-02-03 20:12:24.303 17659-17659 VRI[VideoP...y]@12e02f9 com.rpeters.jellyfin                 I  Creating new active sync group VRI[VideoPlayerActivity]@12e02f9#36
2026-02-03 20:12:24.303 17659-17659 VRI[VideoP...y]@12e02f9 com.rpeters.jellyfin                 D  registerCallbacksForSync syncBuffer=false
2026-02-03 20:12:24.304 17659-17755 VRI[VideoP...y]@12e02f9 com.rpeters.jellyfin                 D  Received frameDrawingCallback syncResult=0 frameNum=3.
2026-02-03 20:12:24.304 17659-17755 VRI[VideoP...y]@12e02f9 com.rpeters.jellyfin                 I  Setting up sync and frameCommitCallback
2026-02-03 20:12:24.304 17659-17740 VRI[VideoP...y]@12e02f9 com.rpeters.jellyfin                 I  Received frameCommittedCallback lastAttemptedDrawFrameNum=3 didProduceBuffer=false
2026-02-03 20:12:24.304 17659-17740 BLASTBufferQueue_Java   com.rpeters.jellyfin                 I  gatherPendingTransactions, mName= VRI[VideoPlayerActivity]@12e02f9 mNativeObject= 0xb4000073e3d984f0 frameNumber= 3 caller= android.view.ViewRootImpl$12.lambda$onFrameDraw$3:15641 android.view.ViewRootImpl$12.$r8$lambda$CTo3ExVBk8akdVTGlqHPAoYLRVI:0 android.view.ViewRootImpl$12$$ExternalSyntheticLambda1.onFrameCommit:0 android.view.ThreadedRenderer$1.lambda$onFrameDraw$0:763 android.view.ThreadedRenderer$1$$ExternalSyntheticLambda0.onFrameCommit:0 <bottom of call stack>
2026-02-03 20:12:24.304 17659-17659 VRI[VideoP...y]@12e02f9 com.rpeters.jellyfin                 D  reportDrawFinished seqId=0
2026-02-03 20:12:24.305 17659-17659 ImeFocusController      com.rpeters.jellyfin                 I  onPreWindowFocus: skipped hasWindowFocus=false mHasImeFocus=true
2026-02-03 20:12:24.305 17659-17659 ImeFocusController      com.rpeters.jellyfin                 I  onPostWindowFocus: skipped hasWindowFocus=false mHasImeFocus=true
2026-02-03 20:12:24.311  1964-1964  SurfaceFlinger          surfaceflinger                       E  alpha changed 1.000 -> 0.000 - Surface(name=ff9986b com.rpeters.jellyfin/com.rpeters.jellyfin.ui.player.VideoPlayerActivity#184938)/@0x16ea9e3 - animation-leash of window_animation#184941
2026-02-03 20:12:24.311  1964-1964  SurfaceFlinger          surfaceflinger                       E  alpha changed 0.000 -> 0.000 - Surface(name=ff9986b com.rpeters.jellyfin/com.rpeters.jellyfin.ui.player.VideoPlayerActivity#184938)/@0x16ea9e3 - animation-leash of window_animation#184941
2026-02-03 20:12:24.320  1964-1964  SurfaceFlinger          surfaceflinger                       E  alpha changed 0.000 -> 0.019 - Surface(name=ff9986b com.rpeters.jellyfin/com.rpeters.jellyfin.ui.player.VideoPlayerActivity#184938)/@0x16ea9e3 - animation-leash of window_animation#184941
2026-02-03 20:12:24.322 17659-17659 VRI[VideoP...y]@12e02f9 com.rpeters.jellyfin                 D  mThreadedRenderer.initializeIfNeeded()#2 mSurface={isValid=true 0xb400007333db24a0}
2026-02-03 20:12:24.322 17659-17659 InputMethodManagerUtils com.rpeters.jellyfin                 D  startInputInner - Id : 0
2026-02-03 20:12:24.322 17659-17659 InputMethodManager      com.rpeters.jellyfin                 I  startInputInner - IInputMethodManagerGlobalInvoker.startInputOrWindowGainedFocus
2026-02-03 20:12:24.323 17659-17659 InsetsController        com.rpeters.jellyfin                 D  hide(ime())
2026-02-03 20:12:24.323 17659-17659 ImeTracker              com.rpeters.jellyfin                 I  com.rpeters.jellyfin:ad06ebca: onCancelled at PHASE_CLIENT_ALREADY_HIDDEN
2026-02-03 20:12:24.324 17659-18654 InputTransport          com.rpeters.jellyfin                 D  Input channel constructed: 'ClientS', fd=356
2026-02-03 20:12:25.098 17659-17659 VRI[VideoP...y]@12e02f9 com.rpeters.jellyfin                 I  ViewPostIme pointer 0
2026-02-03 20:12:25.098 17659-17659 VRI[VideoP...y]@12e02f9 com.rpeters.jellyfin                 I  call setFrameRateCategory for touch hint category=high hint, reason=touch, vri=VRI[VideoPlayerActivity]@12e02f9
2026-02-03 20:12:25.181 17659-17659 VRI[VideoP...y]@12e02f9 com.rpeters.jellyfin                 I  ViewPostIme pointer 1
2026-02-03 20:12:25.187 17659-17659 WindowManager           com.rpeters.jellyfin                 I  WindowManagerGlobal#removeView, ty=2, view=com.android.internal.policy.DecorView{44a65c0 V.E...... R....... 0,0-1200,810 aid=1073741834}[VideoPlayerActivity], caller=android.view.WindowManagerGlobal.removeView:654 android.view.WindowManagerImpl.removeViewImmediate:254 android.app.Dialog.dismissDialog:854
2026-02-03 20:12:25.187 17659-17659 WindowOnBackDispatcher  com.rpeters.jellyfin                 D  setTopOnBackInvokedCallback (unwrapped): null
2026-02-03 20:12:25.191 17659-17659 VRI[VideoP...y]@12e02f9 com.rpeters.jellyfin                 I  dispatchDetachedFromWindow
2026-02-03 20:12:25.194 17659-17659 InputTransport          com.rpeters.jellyfin                 D  Input channel destroyed: 'ff9986b', fd=348
2026-02-03 20:12:25.204 17659-17659 VRI[VideoP...y]@a8454e2 com.rpeters.jellyfin                 D  mThreadedRenderer.initializeIfNeeded()#2 mSurface={isValid=true 0xb400007333d29e50}
2026-02-03 20:12:25.205 17659-17659 InputMethodManagerUtils com.rpeters.jellyfin                 D  startInputInner - Id : 0
2026-02-03 20:12:25.205 17659-17659 InputMethodManager      com.rpeters.jellyfin                 I  startInputInner - IInputMethodManagerGlobalInvoker.startInputOrWindowGainedFocus
2026-02-03 20:12:25.205 17659-17659 InsetsController        com.rpeters.jellyfin                 D  hide(ime())
2026-02-03 20:12:25.206 17659-17659 ImeTracker              com.rpeters.jellyfin                 I  com.rpeters.jellyfin:78009440: onCancelled at PHASE_CLIENT_ALREADY_HIDDEN
2026-02-03 20:12:25.206 17659-17743 InputTransport          com.rpeters.jellyfin                 D  Input channel constructed: 'ClientS', fd=318
2026-02-03 20:12:25.220 17659-17659 InsetsController        com.rpeters.jellyfin                 I  onStateChanged: host=com.rpeters.jellyfin/com.rpeters.jellyfin.ui.player.VideoPlayerActivity, from=android.view.ViewRootImpl.onInsetsStateChanged:3038, state=InsetsState: {mDisplayFrame=Rect(0, 0 - 3120, 1440), mDisplayCutout=DisplayCutout{insets=Rect(128, 0 - 0, 0) waterfall=Insets{left=0, top=0, right=0, bottom=0} boundingRect={Bounds=[Rect(0, 685 - 128, 755), Rect(0, 0 - 0, 0), Rect(0, 0 - 0, 0), Rect(0, 0 - 0, 0)]} cutoutPathParserInfo={CutoutPathParserInfo{displayWidth=1440 displayHeight=3120 physicalDisplayWidth=1440 physicalDisplayHeight=3120 density={3.75} cutoutSpec={M 0,0 H -9.333333333333333 V 34.13333333333333 H 9.333333333333333 V 0 H 0 Z @dp} rotation={1} scale={1.0} physicalPixelDisplaySizeRatio={1.0}}} sideOverrides={}}, mRoundedCorners=RoundedCorners{[RoundedCorner{position=TopLeft, radius=56, center=Point(56, 56)}, RoundedCorner{position=TopRight, radius=56, center=Point(3064, 56)}, RoundedCorner{position=BottomRight, radius=56, center=Point(3064, 1384)}, RoundedCorner{position=BottomLeft, radius=56, center=Point(56, 1384)}]}  mRoundedCornerFrame=Rect(0, 0 - 3120, 1440), mPrivacyIndicatorBounds=PrivacyIndicatorBounds {static bounds=Rect(2955, 0 - 3120, 113) rotation=1}, mDisplayShape=DisplayShape{ spec=-311912193 displayWidth=1440 displayHeight=3120 physicalPixelDisplaySizeRatio=1.0 rotation=1 offsetX=0 offsetY=0 scale=1.0}, mSources= { InsetsSource: {91450001 mType=navigationBars mFrame=[0,1384][3120,1440] mAttachedInsets=null mVisible=false mFlags=SUPPRESS_SCRIM mSideHint=BOTTOM mBoundingRects=null}, InsetsSource: {91450004 mType=systemGestures mFrame=[0,0][240,1440] mAttachedInsets=null mVisible=true mFlags= mSideHint=LEFT mBoundingRects=null}, InsetsSource: {91450005 mType=mandatorySystemGestures mFrame=[0,1320][3120,1440] mAttachedInsets=null mVisible=true mFlags= mSideHint=BOTTOM mBoundingRects=null}, InsetsSource: {91450006 mType=tappableElement mFrame=[0,0][0,0] mAttachedInsets=null mVisible=true mFlags= mSideHint=NONE mBoundingRects=null}, InsetsSource: {91450024 mType=systemGestures mFrame=[3008,0][3120,1440] mAttachedInsets=null mVisible=true mFlags= mSideHint=RIGHT mBoundingRects=null}, InsetsSource: {9c550000 mType=statusBars mFrame=[0,0][3120,113] mAttachedInsets=null mVisible=false mFlags= mSideHint=TOP mBoundingRects=null}, InsetsSource: {9c550005 mType=mandatorySystemGestures mFrame=[0,0][3120,113] mAttachedInsets=null mVisible=true mFlags= mSideHint=TOP mBoundingRects=null}, InsetsSource: {9c550006 mType=tappableElement mFrame=[0,0][3120,113] mAttachedInsets=null mVisible=true mFlags= mSideHint=TOP mBoundingRects=null}, InsetsSource: {7 mType=displayCutout mFrame=[0,0][128,1440] mAttachedInsets=null mVisible=true mFlags= mSideHint=LEFT mBoundingRects=null} }
2026-02-03 20:12:25.317 17659-17743 AidlBufferPool          com.rpeters.jellyfin                 D  bufferpool2 0xb400007313df50d8 : 11(92274688 size) total buffers - 11(92274688 size) used buffers - 739/750 (recycle/alloc) - 11/749 (fetch/transfer)
2026-02-03 20:12:25.344  2941-3004  WindowManager           system_server                        E  win=Window{ff9986b u0 com.rpeters.jellyfin/com.rpeters.jellyfin.ui.player.VideoPlayerActivity EXITING} destroySurfaces: appStopped=false cleanupOnResume=false win.mWindowRemovalAllowed=true win.mRemoveOnExit=true win.mViewVisibility=0 caller=com.android.server.wm.WindowState.onExitAnimationDone:224 com.android.server.wm.WindowState.onAnimationFinished:161 com.android.server.wm.WindowContainer$$ExternalSyntheticLambda8.onAnimationFinished:3 com.android.server.wm.SurfaceAnimator$$ExternalSyntheticLambda0.onAnimationFinished:69 com.android.server.wm.LocalAnimationAdapter$$ExternalSyntheticLambda0.run:10 android.os.Handler.handleCallback:1070 android.os.Handler.dispatchMessage:125
2026-02-03 20:12:25.352  1964-1964  SurfaceFlinger          surfaceflinger                       E  alpha changed 0.083 -> 0.000 - Surface(name=ff9986b com.rpeters.jellyfin/com.rpeters.jellyfin.ui.player.VideoPlayerActivity#184938)/@0x16ea9e3 - animation-leash of window_animation#184944
2026-02-03 20:12:25.483 17659-18579 AidlBufferPool          com.rpeters.jellyfin                 D  bufferpool2 0xb400007313dcf548 : 5(28800 size) total buffers - 1(5760 size) used buffers - 1561/1566 (recycle/alloc) - 5/3128 (fetch/transfer)
2026-02-03 20:12:25.806 17659-17659 VRI[VideoP...y]@a8454e2 com.rpeters.jellyfin                 I  ViewPostIme pointer 0
2026-02-03 20:12:25.872 17659-17659 VRI[VideoP...y]@a8454e2 com.rpeters.jellyfin                 I  ViewPostIme pointer 1
2026-02-03 20:12:26.352 17659-17718 peters.jellyfin         com.rpeters.jellyfin                 I  Explicit concurrent mark compact GC freed 32MB AllocSpace bytes, 2(40KB) LOS objects, 22% free, 167MB/215MB, paused 248us,2.374ms total 66.095ms
2026-02-03 20:12:26.353 17659-17676 InputTransport          com.rpeters.jellyfin                 D  Input channel destroyed: 'ClientS', fd=349
2026-02-03 20:12:26.353 17659-17676 InputTransport          com.rpeters.jellyfin                 D  Input channel destroyed: 'ClientS', fd=331
2026-02-03 20:12:26.353 17659-17676 InputTransport          com.rpeters.jellyfin                 D  Input channel destroyed: 'ClientS', fd=452
2026-02-03 20:12:26.353 17659-17676 InputTransport          com.rpeters.jellyfin                 D  Input channel destroyed: 'ClientS', fd=345
2026-02-03 20:12:26.353 17659-17676 InputTransport          com.rpeters.jellyfin                 D  Input channel destroyed: 'ClientS', fd=356
2026-02-03 20:12:26.353 17659-17676 InputTransport          com.rpeters.jellyfin                 D  Input channel destroyed: 'ClientS', fd=318
2026-02-03 20:12:26.514 17659-18118 RepositoryUtils         com.rpeters.jellyfin                 D  [VERBOSE] validateServer: Server validation passed for user rpeters1428 on https://rpeters1428.huron.usbx.me/jellyfin
2026-02-03 20:12:26.671 17659-17730 PlaybackProgressManager com.rpeters.jellyfin                 D  Reported progress at 31271ms for ed722338-a224-c138-d6be-5a759379850e
2026-02-03 20:12:26.696 17659-17659 VRI[VideoP...y]@a8454e2 com.rpeters.jellyfin                 I  ViewPostIme pointer 0
2026-02-03 20:12:26.779 17659-17659 VRI[VideoP...y]@a8454e2 com.rpeters.jellyfin                 I  ViewPostIme pointer 1
2026-02-03 20:12:26.785 17659-17659 Dialog                  com.rpeters.jellyfin                 I  mIsDeviceDefault = false, mIsSamsungBasicInteraction = false, isMetaDataInActivity = false
2026-02-03 20:12:26.786 17659-17659 DecorView               com.rpeters.jellyfin                 I  setWindowBackground: isPopOver=false color=0 d=android.graphics.drawable.ColorDrawable@bc3ab3
2026-02-03 20:12:26.791 17659-17659 WindowManager           com.rpeters.jellyfin                 I  WindowManagerGlobal#addView, ty=2, view=com.android.internal.policy.DecorView{47aa615 V.E...... R.....I. 0,0-0,0}[VideoPlayerActivity], caller=android.view.WindowManagerImpl.addView:167 android.app.Dialog.show:544 androidx.compose.ui.window.AndroidDialog_androidKt$Dialog$1$1.invoke:220
2026-02-03 20:12:26.791 17659-17659 ViewRootImpl            com.rpeters.jellyfin                 D  desktopMode is false
2026-02-03 20:12:26.791 17659-17659 ViewRootImpl            com.rpeters.jellyfin                 I  dVRR is disabled
2026-02-03 20:12:26.792 17659-17740 NativeCust...ncyManager com.rpeters.jellyfin                 D  [NativeCFMS] BpCustomFrequencyManager::BpCustomFrequencyManager()
2026-02-03 20:12:26.794 17659-17758 perf_hint               com.rpeters.jellyfin                 E  Session ID too large, must fit 32-bit integer
2026-02-03 20:12:26.795 17659-17659 InputTransport          com.rpeters.jellyfin                 D  Input channel constructed: '8cc3ca0', fd=343
2026-02-03 20:12:26.796 17659-17659 InsetsController        com.rpeters.jellyfin                 I  onStateChanged: host=com.rpeters.jellyfin/com.rpeters.jellyfin.ui.player.VideoPlayerActivity, from=android.view.ViewRootImpl.onInsetsStateChanged:3038, state=InsetsState: {mDisplayFrame=Rect(0, 0 - 3120, 1440), mDisplayCutout=DisplayCutout{insets=Rect(128, 0 - 0, 0) waterfall=Insets{left=0, top=0, right=0, bottom=0} boundingRect={Bounds=[Rect(0, 685 - 128, 755), Rect(0, 0 - 0, 0), Rect(0, 0 - 0, 0), Rect(0, 0 - 0, 0)]} cutoutPathParserInfo={CutoutPathParserInfo{displayWidth=1440 displayHeight=3120 physicalDisplayWidth=1440 physicalDisplayHeight=3120 density={3.75} cutoutSpec={M 0,0 H -9.333333333333333 V 34.13333333333333 H 9.333333333333333 V 0 H 0 Z @dp} rotation={1} scale={1.0} physicalPixelDisplaySizeRatio={1.0}}} sideOverrides={}}, mRoundedCorners=RoundedCorners{[RoundedCorner{position=TopLeft, radius=56, center=Point(56, 56)}, RoundedCorner{position=TopRight, radius=56, center=Point(3064, 56)}, RoundedCorner{position=BottomRight, radius=56, center=Point(3064, 1384)}, RoundedCorner{position=BottomLeft, radius=56, center=Point(56, 1384)}]}  mRoundedCornerFrame=Rect(0, 0 - 3120, 1440), mPrivacyIndicatorBounds=PrivacyIndicatorBounds {static bounds=Rect(2955, 0 - 3120, 113) rotation=1}, mDisplayShape=DisplayShape{ spec=-311912193 displayWidth=1440 displayHeight=3120 physicalPixelDisplaySizeRatio=1.0 rotation=1 offsetX=0 offsetY=0 scale=1.0}, mSources= { InsetsSource: {91450001 mType=navigationBars mFrame=[0,1384][3120,1440] mAttachedInsets=null mVisible=false mFlags=SUPPRESS_SCRIM mSideHint=BOTTOM mBoundingRects=null}, InsetsSource: {91450004 mType=systemGestures mFrame=[0,0][240,1440] mAttachedInsets=null mVisible=true mFlags= mSideHint=LEFT mBoundingRects=null}, InsetsSource: {91450005 mType=mandatorySystemGestures mFrame=[0,1320][3120,1440] mAttachedInsets=null mVisible=true mFlags= mSideHint=BOTTOM mBoundingRects=null}, InsetsSource: {91450006 mType=tappableElement mFrame=[0,0][0,0] mAttachedInsets=null mVisible=true mFlags= mSideHint=NONE mBoundingRects=null}, InsetsSource: {91450024 mType=systemGestures mFrame=[3008,0][3120,1440] mAttachedInsets=null mVisible=true mFlags= mSideHint=RIGHT mBoundingRects=null}, InsetsSource: {9c550000 mType=statusBars mFrame=[0,0][3120,113] mAttachedInsets=null mVisible=false mFlags= mSideHint=TOP mBoundingRects=null}, InsetsSource: {9c550005 mType=mandatorySystemGestures mFrame=[0,0][3120,113] mAttachedInsets=null mVisible=true mFlags= mSideHint=TOP mBoundingRects=null}, InsetsSource: {9c550006 mType=tappableElement mFrame=[0,0][3120,113] mAttachedInsets=null mVisible=true mFlags= mSideHint=TOP mBoundingRects=null}, InsetsSource: {3 mType=ime mFrame=[0,0][0,0] mAttachedInsets=null mVisible=false mFlags=INVALID mSideHint=NONE mBoundingRects=null}, InsetsSource: {7 mType=displayCutout mFrame=[0,0][128,1440] mAttachedInsets=null mVisible=true mFlags= mSideHint=LEFT mBoundingRects=null} }
2026-02-03 20:12:26.796 17659-17659 VRI[VideoP...ty]@114d2a com.rpeters.jellyfin                 I  synced displayState. AttachInfo displayState=2
2026-02-03 20:12:26.797 17659-17659 VRI[VideoP...ty]@114d2a com.rpeters.jellyfin                 I  setView = com.android.internal.policy.DecorView@47aa615 IsHRR=false mFlingFrameRateChange=0 TM=true
2026-02-03 20:12:26.798 17659-17659 WindowOnBackDispatcher  com.rpeters.jellyfin                 D  setTopOnBackInvokedCallback (unwrapped): android.app.Dialog$$ExternalSyntheticLambda4@7cf11f6
2026-02-03 20:12:26.798 17659-17659 WindowOnBackDispatcher  com.rpeters.jellyfin                 D  setTopOnBackInvokedCallback (unwrapped): androidx.navigationevent.OnBackInvokedInput$createOnBackAnimationCallback$1@4e7c9f7
2026-02-03 20:12:26.811 17659-17659 BufferQueueProducer     com.rpeters.jellyfin                 I  [](id:44fb0000000a,api:0,p:0,c:17659) setDequeueTimeout:2077252342
2026-02-03 20:12:26.812 17659-17659 BLASTBufferQueue_Java   com.rpeters.jellyfin                 I  new BLASTBufferQueue, mName= VRI[VideoPlayerActivity]@114d2a mNativeObject= 0xb4000073e3d984f0 caller= android.view.ViewRootImpl.updateBlastSurfaceIfNeeded:3603 android.view.ViewRootImpl.relayoutWindow:11809 android.view.ViewRootImpl.performTraversals:4839 android.view.ViewRootImpl.doTraversal:3959 android.view.ViewRootImpl$TraversalRunnable.run:13030 android.view.Choreographer$CallbackRecord.run:1961 android.view.Choreographer$CallbackRecord.run:1970 android.view.Choreographer.doCallbacks:1423 android.view.Choreographer.doFrame:1348 android.view.Choreographer$FrameDisplayEventReceiver.run:1930
2026-02-03 20:12:26.812 17659-17659 BLASTBufferQueue_Java   com.rpeters.jellyfin                 I  update, w= 1560 h= 1170 mName = VRI[VideoPlayerActivity]@114d2a mNativeObject= 0xb4000073e3d984f0 sc.mNativeObject= 0xb400007273d76810 format= -2 caller= android.view.ViewRootImpl.updateBlastSurfaceIfNeeded:3608 android.view.ViewRootImpl.relayoutWindow:11809 android.view.ViewRootImpl.performTraversals:4839 android.view.ViewRootImpl.doTraversal:3959 android.view.ViewRootImpl$TraversalRunnable.run:13030 android.view.Choreographer$CallbackRecord.run:1961
2026-02-03 20:12:26.812 17659-17659 VRI[VideoP...ty]@114d2a com.rpeters.jellyfin                 I  Relayout returned: old=(128,0,3120,1440) new=(1024,315,2224,1125) relayoutAsync=false req=(1200,810)0 dur=1 res=0x3 s={true 0xb400007333d73ed0} ch=true seqId=0
2026-02-03 20:12:26.812 17659-17659 VRI[VideoP...ty]@114d2a com.rpeters.jellyfin                 I  performConfigurationChange setNightDimText nightDimLevel=0
2026-02-03 20:12:26.812 17659-17659 VRI[VideoP...ty]@114d2a com.rpeters.jellyfin                 D  mThreadedRenderer.initialize() mSurface={isValid=true 0xb400007333d73ed0} hwInitialized=true
2026-02-03 20:12:26.815 17659-17659 VRI[VideoP...ty]@114d2a com.rpeters.jellyfin                 D  reportNextDraw android.view.ViewRootImpl.performTraversals:5503 android.view.ViewRootImpl.doTraversal:3959 android.view.ViewRootImpl$TraversalRunnable.run:13030 android.view.Choreographer$CallbackRecord.run:1961 android.view.Choreographer$CallbackRecord.run:1970
2026-02-03 20:12:26.815 17659-17659 VRI[VideoP...ty]@114d2a com.rpeters.jellyfin                 D  Setup new sync=wmsSync-VRI[VideoPlayerActivity]@114d2a#37
2026-02-03 20:12:26.815 17659-17659 VRI[VideoP...ty]@114d2a com.rpeters.jellyfin                 I  Creating new active sync group VRI[VideoPlayerActivity]@114d2a#38
2026-02-03 20:12:26.815 17659-17659 VRI[VideoP...ty]@114d2a com.rpeters.jellyfin                 D  registerCallbacksForSync syncBuffer=false
2026-02-03 20:12:26.816 17659-17755 VRI[VideoP...ty]@114d2a com.rpeters.jellyfin                 D  Received frameDrawingCallback syncResult=0 frameNum=1.
2026-02-03 20:12:26.816 17659-17755 VRI[VideoP...ty]@114d2a com.rpeters.jellyfin                 I  mWNT: t=0xb400007313d4df30 mBlastBufferQueue=0xb4000073e3d984f0 fn= 1 HdrRenderState mRenderHdrSdrRatio=1.0 caller= android.view.ViewRootImpl$12.onFrameDraw:15557 android.view.ThreadedRenderer$1.onFrameDraw:751 <bottom of call stack>
2026-02-03 20:12:26.816 17659-17755 VRI[VideoP...ty]@114d2a com.rpeters.jellyfin                 I  Setting up sync and frameCommitCallback
2026-02-03 20:12:26.817 17659-17740 BLASTBufferQueue        com.rpeters.jellyfin                 I  [VRI[VideoPlayerActivity]@114d2a#10](f:0,a:0,s:0) onFrameAvailable the first frame is available
2026-02-03 20:12:26.817 17659-17740 SurfaceComposerClient   com.rpeters.jellyfin                 I  apply transaction with the first frame. layerId: 184948, bufferData(ID: 75844827480907, frameNumber: 1)
2026-02-03 20:12:26.817 17659-17740 VRI[VideoP...ty]@114d2a com.rpeters.jellyfin                 I  Received frameCommittedCallback lastAttemptedDrawFrameNum=1 didProduceBuffer=true
2026-02-03 20:12:26.817 17659-17740 HWUI                    com.rpeters.jellyfin                 D  CFMS:: SetUp Pid : 17659    Tid : 17740
2026-02-03 20:12:26.817 17659-17659 VRI[VideoP...ty]@114d2a com.rpeters.jellyfin                 D  reportDrawFinished seqId=0
2026-02-03 20:12:26.819 17659-17740 HWUI                    com.rpeters.jellyfin                 D  HWUI - treat SMPTE_170M as sRGB
2026-02-03 20:12:26.821 17659-17659 BLASTBufferQueue_Java   com.rpeters.jellyfin                 I  update, w= 1560 h= 1170 mName = VRI[VideoPlayerActivity]@114d2a mNativeObject= 0xb4000073e3d984f0 sc.mNativeObject= 0xb400007273d76810 format= -2 caller= android.view.ViewRootImpl.updateBlastSurfaceIfNeeded:3592 android.view.ViewRootImpl.relayoutWindow:11809 android.view.ViewRootImpl.performTraversals:4839 android.view.ViewRootImpl.doTraversal:3959 android.view.ViewRootImpl$TraversalRunnable.run:13030 android.view.Choreographer$CallbackRecord.run:1961
2026-02-03 20:12:26.821 17659-17659 VRI[VideoP...ty]@114d2a com.rpeters.jellyfin                 I  Relayout returned: old=(1024,315,2224,1125) new=(1024,315,2224,1125) relayoutAsync=true req=(1200,810)0 dur=0 res=0x0 s={true 0xb400007333d73ed0} ch=false seqId=0
2026-02-03 20:12:26.822 17659-17659 VRI[VideoP...ty]@114d2a com.rpeters.jellyfin                 I  registerCallbackForPendingTransactions
2026-02-03 20:12:26.822 17659-17758 VRI[VideoP...ty]@114d2a com.rpeters.jellyfin                 I  mWNT: t=0xb400007313d88320 mBlastBufferQueue=0xb4000073e3d984f0 fn= 2 HdrRenderState mRenderHdrSdrRatio=1.0 caller= android.view.ViewRootImpl$10.onFrameDraw:6611 android.view.ViewRootImpl$4.onFrameDraw:2485 android.view.ThreadedRenderer$1.onFrameDraw:751
2026-02-03 20:12:26.823 17659-17659 VRI[VideoP...ty]@114d2a com.rpeters.jellyfin                 I  handleResized, frames=ClientWindowFrames{frame=[1024,315][2224,1125] display=[128,0][3120,1440] parentFrame=[0,0][0,0]} displayId=0 dragResizing=false compatScale=1.0 frameChanged=false attachedFrameChanged=false configChanged=false displayChanged=false compatScaleChanged=false dragResizingChanged=false
2026-02-03 20:12:26.823 17659-17659 VRI[VideoP...ty]@114d2a com.rpeters.jellyfin                 I  handleResized mSyncSeqId = 0
2026-02-03 20:12:26.823 17659-17659 VRI[VideoP...ty]@114d2a com.rpeters.jellyfin                 D  reportNextDraw android.view.ViewRootImpl.handleResized:2995 android.view.ViewRootImpl.-$$Nest$mhandleResized:0 android.view.ViewRootImpl$W.resized:14196 android.app.servertransaction.WindowStateResizeItem.execute:81 android.app.servertransaction.WindowStateTransactionItem.execute:62
2026-02-03 20:12:26.825 17659-17659 VRI[VideoP...ty]@114d2a com.rpeters.jellyfin                 D  Setup new sync=wmsSync-VRI[VideoPlayerActivity]@114d2a#39
2026-02-03 20:12:26.825 17659-17659 VRI[VideoP...ty]@114d2a com.rpeters.jellyfin                 I  Creating new active sync group VRI[VideoPlayerActivity]@114d2a#40
2026-02-03 20:12:26.825 17659-17659 VRI[VideoP...ty]@114d2a com.rpeters.jellyfin                 D  registerCallbacksForSync syncBuffer=false
2026-02-03 20:12:26.825 17659-17755 VRI[VideoP...ty]@114d2a com.rpeters.jellyfin                 D  Received frameDrawingCallback syncResult=0 frameNum=3.
2026-02-03 20:12:26.825 17659-17755 VRI[VideoP...ty]@114d2a com.rpeters.jellyfin                 I  Setting up sync and frameCommitCallback
2026-02-03 20:12:26.825 17659-17740 VRI[VideoP...ty]@114d2a com.rpeters.jellyfin                 I  Received frameCommittedCallback lastAttemptedDrawFrameNum=3 didProduceBuffer=false
2026-02-03 20:12:26.826 17659-17740 BLASTBufferQueue_Java   com.rpeters.jellyfin                 I  gatherPendingTransactions, mName= VRI[VideoPlayerActivity]@114d2a mNativeObject= 0xb4000073e3d984f0 frameNumber= 3 caller= android.view.ViewRootImpl$12.lambda$onFrameDraw$3:15641 android.view.ViewRootImpl$12.$r8$lambda$CTo3ExVBk8akdVTGlqHPAoYLRVI:0 android.view.ViewRootImpl$12$$ExternalSyntheticLambda1.onFrameCommit:0 android.view.ThreadedRenderer$1.lambda$onFrameDraw$0:763 android.view.ThreadedRenderer$1$$ExternalSyntheticLambda0.onFrameCommit:0 <bottom of call stack>
2026-02-03 20:12:26.826 17659-17659 VRI[VideoP...ty]@114d2a com.rpeters.jellyfin                 D  reportDrawFinished seqId=0
2026-02-03 20:12:26.826 17659-17659 ImeFocusController      com.rpeters.jellyfin                 I  onPreWindowFocus: skipped hasWindowFocus=false mHasImeFocus=true
2026-02-03 20:12:26.827 17659-17659 ImeFocusController      com.rpeters.jellyfin                 I  onPostWindowFocus: skipped hasWindowFocus=false mHasImeFocus=true
2026-02-03 20:12:26.833  1964-1964  SurfaceFlinger          surfaceflinger                       E  alpha changed 1.000 -> 0.000 - Surface(name=8cc3ca0 com.rpeters.jellyfin/com.rpeters.jellyfin.ui.player.VideoPlayerActivity#184946)/@0x2e0742a - animation-leash of window_animation#184949
2026-02-03 20:12:26.833  1964-1964  SurfaceFlinger          surfaceflinger                       E  alpha changed 0.000 -> 0.000 - Surface(name=8cc3ca0 com.rpeters.jellyfin/com.rpeters.jellyfin.ui.player.VideoPlayerActivity#184946)/@0x2e0742a - animation-leash of window_animation#184949
2026-02-03 20:12:26.841  1964-1964  SurfaceFlinger          surfaceflinger                       E  alpha changed 0.000 -> 0.014 - Surface(name=8cc3ca0 com.rpeters.jellyfin/com.rpeters.jellyfin.ui.player.VideoPlayerActivity#184946)/@0x2e0742a - animation-leash of window_animation#184949
2026-02-03 20:12:26.843 17659-17659 VRI[VideoP...ty]@114d2a com.rpeters.jellyfin                 D  mThreadedRenderer.initializeIfNeeded()#2 mSurface={isValid=true 0xb400007333d73ed0}
2026-02-03 20:12:26.843 17659-17659 InputMethodManagerUtils com.rpeters.jellyfin                 D  startInputInner - Id : 0
2026-02-03 20:12:26.843 17659-17659 InputMethodManager      com.rpeters.jellyfin                 I  startInputInner - IInputMethodManagerGlobalInvoker.startInputOrWindowGainedFocus
2026-02-03 20:12:26.844 17659-17659 InsetsController        com.rpeters.jellyfin                 D  hide(ime())
2026-02-03 20:12:26.844 17659-17659 ImeTracker              com.rpeters.jellyfin                 I  com.rpeters.jellyfin:e186d704: onCancelled at PHASE_CLIENT_ALREADY_HIDDEN
2026-02-03 20:12:26.844 17659-18654 InputTransport          com.rpeters.jellyfin                 D  Input channel constructed: 'ClientS', fd=356
2026-02-03 20:12:27.462 17659-17659 VRI[VideoP...ty]@114d2a com.rpeters.jellyfin                 I  ViewPostIme pointer 0
2026-02-03 20:12:27.462 17659-17659 VRI[VideoP...ty]@114d2a com.rpeters.jellyfin                 I  call setFrameRateCategory for touch hint category=high hint, reason=touch, vri=VRI[VideoPlayerActivity]@114d2a
2026-02-03 20:12:27.553 17659-17659 VRI[VideoP...ty]@114d2a com.rpeters.jellyfin                 I  ViewPostIme pointer 1
2026-02-03 20:12:27.559 17659-17659 WindowManager           com.rpeters.jellyfin                 I  WindowManagerGlobal#removeView, ty=2, view=com.android.internal.policy.DecorView{47aa615 V.E...... R....... 0,0-1200,810 aid=1073741836}[VideoPlayerActivity], caller=android.view.WindowManagerGlobal.removeView:654 android.view.WindowManagerImpl.removeViewImmediate:254 android.app.Dialog.dismissDialog:854
2026-02-03 20:12:27.559 17659-17659 WindowOnBackDispatcher  com.rpeters.jellyfin                 D  setTopOnBackInvokedCallback (unwrapped): null
2026-02-03 20:12:27.563 17659-17659 VRI[VideoP...ty]@114d2a com.rpeters.jellyfin                 I  dispatchDetachedFromWindow
2026-02-03 20:12:27.568 17659-17659 InputTransport          com.rpeters.jellyfin                 D  Input channel destroyed: '8cc3ca0', fd=343
2026-02-03 20:12:27.584 17659-17659 VRI[VideoP...y]@a8454e2 com.rpeters.jellyfin                 D  mThreadedRenderer.initializeIfNeeded()#2 mSurface={isValid=true 0xb400007333d29e50}
2026-02-03 20:12:27.585 17659-17659 InputMethodManagerUtils com.rpeters.jellyfin                 D  startInputInner - Id : 0
2026-02-03 20:12:27.585 17659-17659 InputMethodManager      com.rpeters.jellyfin                 I  startInputInner - IInputMethodManagerGlobalInvoker.startInputOrWindowGainedFocus
2026-02-03 20:12:27.585 17659-17659 InsetsController        com.rpeters.jellyfin                 D  hide(ime())
2026-02-03 20:12:27.585 17659-17659 ImeTracker              com.rpeters.jellyfin                 I  com.rpeters.jellyfin:2b6a7c6d: onCancelled at PHASE_CLIENT_ALREADY_HIDDEN
2026-02-03 20:12:27.586 17659-17683 InputTransport          com.rpeters.jellyfin                 D  Input channel constructed: 'ClientS', fd=380
2026-02-03 20:12:27.600 17659-17659 InsetsController        com.rpeters.jellyfin                 I  onStateChanged: host=com.rpeters.jellyfin/com.rpeters.jellyfin.ui.player.VideoPlayerActivity, from=android.view.ViewRootImpl.onInsetsStateChanged:3038, state=InsetsState: {mDisplayFrame=Rect(0, 0 - 3120, 1440), mDisplayCutout=DisplayCutout{insets=Rect(128, 0 - 0, 0) waterfall=Insets{left=0, top=0, right=0, bottom=0} boundingRect={Bounds=[Rect(0, 685 - 128, 755), Rect(0, 0 - 0, 0), Rect(0, 0 - 0, 0), Rect(0, 0 - 0, 0)]} cutoutPathParserInfo={CutoutPathParserInfo{displayWidth=1440 displayHeight=3120 physicalDisplayWidth=1440 physicalDisplayHeight=3120 density={3.75} cutoutSpec={M 0,0 H -9.333333333333333 V 34.13333333333333 H 9.333333333333333 V 0 H 0 Z @dp} rotation={1} scale={1.0} physicalPixelDisplaySizeRatio={1.0}}} sideOverrides={}}, mRoundedCorners=RoundedCorners{[RoundedCorner{position=TopLeft, radius=56, center=Point(56, 56)}, RoundedCorner{position=TopRight, radius=56, center=Point(3064, 56)}, RoundedCorner{position=BottomRight, radius=56, center=Point(3064, 1384)}, RoundedCorner{position=BottomLeft, radius=56, center=Point(56, 1384)}]}  mRoundedCornerFrame=Rect(0, 0 - 3120, 1440), mPrivacyIndicatorBounds=PrivacyIndicatorBounds {static bounds=Rect(2955, 0 - 3120, 113) rotation=1}, mDisplayShape=DisplayShape{ spec=-311912193 displayWidth=1440 displayHeight=3120 physicalPixelDisplaySizeRatio=1.0 rotation=1 offsetX=0 offsetY=0 scale=1.0}, mSources= { InsetsSource: {91450001 mType=navigationBars mFrame=[0,1384][3120,1440] mAttachedInsets=null mVisible=false mFlags=SUPPRESS_SCRIM mSideHint=BOTTOM mBoundingRects=null}, InsetsSource: {91450004 mType=systemGestures mFrame=[0,0][240,1440] mAttachedInsets=null mVisible=true mFlags= mSideHint=LEFT mBoundingRects=null}, InsetsSource: {91450005 mType=mandatorySystemGestures mFrame=[0,1320][3120,1440] mAttachedInsets=null mVisible=true mFlags= mSideHint=BOTTOM mBoundingRects=null}, InsetsSource: {91450006 mType=tappableElement mFrame=[0,0][0,0] mAttachedInsets=null mVisible=true mFlags= mSideHint=NONE mBoundingRects=null}, InsetsSource: {91450024 mType=systemGestures mFrame=[3008,0][3120,1440] mAttachedInsets=null mVisible=true mFlags= mSideHint=RIGHT mBoundingRects=null}, InsetsSource: {9c550000 mType=statusBars mFrame=[0,0][3120,113] mAttachedInsets=null mVisible=false mFlags= mSideHint=TOP mBoundingRects=null}, InsetsSource: {9c550005 mType=mandatorySystemGestures mFrame=[0,0][3120,113] mAttachedInsets=null mVisible=true mFlags= mSideHint=TOP mBoundingRects=null}, InsetsSource: {9c550006 mType=tappableElement mFrame=[0,0][3120,113] mAttachedInsets=null mVisible=true mFlags= mSideHint=TOP mBoundingRects=null}, InsetsSource: {7 mType=displayCutout mFrame=[0,0][128,1440] mAttachedInsets=null mVisible=true mFlags= mSideHint=LEFT mBoundingRects=null} }
2026-02-03 20:12:27.724  2941-3004  WindowManager           system_server                        E  win=Window{8cc3ca0 u0 com.rpeters.jellyfin/com.rpeters.jellyfin.ui.player.VideoPlayerActivity EXITING} destroySurfaces: appStopped=false cleanupOnResume=false win.mWindowRemovalAllowed=true win.mRemoveOnExit=true win.mViewVisibility=0 caller=com.android.server.wm.WindowState.onExitAnimationDone:224 com.android.server.wm.WindowState.onAnimationFinished:161 com.android.server.wm.WindowContainer$$ExternalSyntheticLambda8.onAnimationFinished:3 com.android.server.wm.SurfaceAnimator$$ExternalSyntheticLambda0.onAnimationFinished:69 com.android.server.wm.LocalAnimationAdapter$$ExternalSyntheticLambda0.run:10 android.os.Handler.handleCallback:1070 android.os.Handler.dispatchMessage:125
2026-02-03 20:12:27.732  1964-1964  SurfaceFlinger          surfaceflinger                       E  alpha changed 0.083 -> 0.000 - Surface(name=8cc3ca0 com.rpeters.jellyfin/com.rpeters.jellyfin.ui.player.VideoPlayerActivity#184946)/@0x2e0742a - animation-leash of window_animation#184952
2026-02-03 20:12:29.780 17659-17659 VRI[VideoP...y]@a8454e2 com.rpeters.jellyfin                 I  call setFrameRateCategory for touch hint category=no preference, reason=boost timeout, vri=VRI[VideoPlayerActivity]@a8454e2
2026-02-03 20:12:30.563 17659-17683 AidlBufferPool          com.rpeters.jellyfin                 D  bufferpool2 0xb400007313df50d8 : 11(92274688 size) total buffers - 11(92274688 size) used buffers - 866/877 (recycle/alloc) - 11/876 (fetch/transfer)
2026-02-03 20:12:30.940 17659-18579 AidlBufferPool          com.rpeters.jellyfin                 D  bufferpool2 0xb400007313dcf548 : 5(28800 size) total buffers - 1(5760 size) used buffers - 1834/1839 (recycle/alloc) - 5/3674 (fetch/transfer)
2026-02-03 20:12:31.521 17659-17730 RepositoryUtils         com.rpeters.jellyfin                 D  [VERBOSE] validateServer: Server validation passed for user rpeters1428 on https://rpeters1428.huron.usbx.me/jellyfin
2026-02-03 20:12:32.252 17659-17730 PlaybackProgressManager com.rpeters.jellyfin                 D  Reported progress at 36275ms for ed722338-a224-c138-d6be-5a759379850e
2026-02-03 20:12:33.409 17659-17730 RepositoryUtils         com.rpeters.jellyfin                 D  [VERBOSE] validateServer: Server validation passed for user rpeters1428 on https://rpeters1428.huron.usbx.me/jellyfin
2026-02-03 20:12:33.539 17659-17659 PlaybackProgressManager com.rpeters.jellyfin                 D  Reported progress at 37772ms for ed722338-a224-c138-d6be-5a759379850e
2026-02-03 20:12:35.807 17659-18561 AidlBufferPool          com.rpeters.jellyfin                 D  bufferpool2 0xb400007313df50d8 : 11(92274688 size) total buffers - 10(83886080 size) used buffers - 990/1001 (recycle/alloc) - 11/1002 (fetch/transfer)
2026-02-03 20:12:35.978 17659-18579 AidlBufferPool          com.rpeters.jellyfin                 D  bufferpool2 0xb400007313dcf548 : 5(28800 size) total buffers - 1(5760 size) used buffers - 2086/2091 (recycle/alloc) - 5/4178 (fetch/transfer)
2026-02-03 20:12:36.527 17659-17730 RepositoryUtils         com.rpeters.jellyfin                 D  [VERBOSE] validateServer: Server validation passed for user rpeters1428 on https://rpeters1428.huron.usbx.me/jellyfin
2026-02-03 20:12:36.713 17659-17733 PlaybackProgressManager com.rpeters.jellyfin                 D  Reported progress at 41281ms for ed722338-a224-c138-d6be-5a759379850e
2026-02-03 20:12:41.058 17659-18561 AidlBufferPool          com.rpeters.jellyfin                 D  bufferpool2 0xb400007313df50d8 : 11(92274688 size) total buffers - 10(83886080 size) used buffers - 1118/1129 (recycle/alloc) - 11/1129 (fetch/transfer)
2026-02-03 20:12:41.520 17659-18579 AidlBufferPool          com.rpeters.jellyfin                 D  bufferpool2 0xb400007313dcf548 : 5(28800 size) total buffers - 1(5760 size) used buffers - 2363/2368 (recycle/alloc) - 5/4732 (fetch/transfer)
2026-02-03 20:12:41.536 17659-17733 RepositoryUtils         com.rpeters.jellyfin                 D  [VERBOSE] validateServer: Server validation passed for user rpeters1428 on https://rpeters1428.huron.usbx.me/jellyfin
2026-02-03 20:12:41.687 17659-18118 PlaybackProgressManager com.rpeters.jellyfin                 D  Reported progress at 46288ms for ed722338-a224-c138-d6be-5a759379850e
2026-02-03 20:12:43.541 17659-18118 RepositoryUtils         com.rpeters.jellyfin                 D  [VERBOSE] validateServer: Server validation passed for user rpeters1428 on https://rpeters1428.huron.usbx.me/jellyfin
2026-02-03 20:12:43.710 17659-17659 PlaybackProgressManager com.rpeters.jellyfin                 D  Reported progress at 48285ms for ed722338-a224-c138-d6be-5a759379850e
2026-02-03 20:12:46.300 17659-17683 AidlBufferPool          com.rpeters.jellyfin                 D  bufferpool2 0xb400007313df50d8 : 11(92274688 size) total buffers - 11(92274688 size) used buffers - 1244/1255 (recycle/alloc) - 11/1254 (fetch/transfer)
2026-02-03 20:12:46.540 17659-18118 RepositoryUtils         com.rpeters.jellyfin                 D  [VERBOSE] validateServer: Server validation passed for user rpeters1428 on https://rpeters1428.huron.usbx.me/jellyfin
2026-02-03 20:12:46.686 17659-17730 PlaybackProgressManager com.rpeters.jellyfin                 D  Reported progress at 51296ms for ed722338-a224-c138-d6be-5a759379850e
2026-02-03 20:12:47.083 17659-18579 AidlBufferPool          com.rpeters.jellyfin                 D  bufferpool2 0xb400007313dcf548 : 5(28800 size) total buffers - 1(5760 size) used buffers - 2641/2646 (recycle/alloc) - 5/5288 (fetch/transfer)
2026-02-03 20:12:51.549 17659-17730 RepositoryUtils         com.rpeters.jellyfin                 D  [VERBOSE] validateServer: Server validation passed for user rpeters1428 on https://rpeters1428.huron.usbx.me/jellyfin
2026-02-03 20:12:51.567 17659-18654 AidlBufferPool          com.rpeters.jellyfin                 D  bufferpool2 0xb400007313df50d8 : 11(92274688 size) total buffers - 11(92274688 size) used buffers - 1367/1378 (recycle/alloc) - 11/1377 (fetch/transfer)
2026-02-03 20:12:51.696 17659-17705 PlaybackProgressManager com.rpeters.jellyfin                 D  Reported progress at 56303ms for ed722338-a224-c138-d6be-5a759379850e
2026-02-03 20:12:52.144 17659-18579 AidlBufferPool          com.rpeters.jellyfin                 D  bufferpool2 0xb400007313dcf548 : 5(28800 size) total buffers - 1(5760 size) used buffers - 2894/2899 (recycle/alloc) - 5/5794 (fetch/transfer)
2026-02-03 20:12:53.711 17659-17705 RepositoryUtils         com.rpeters.jellyfin                 D  [VERBOSE] validateServer: Server validation passed for user rpeters1428 on https://rpeters1428.huron.usbx.me/jellyfin
2026-02-03 20:12:53.855 17659-17659 PlaybackProgressManager com.rpeters.jellyfin                 D  Reported progress at 58306ms for ed722338-a224-c138-d6be-5a759379850e
2026-02-03 20:12:56.553 17659-17705 RepositoryUtils         com.rpeters.jellyfin                 D  [VERBOSE] validateServer: Server validation passed for user rpeters1428 on https://rpeters1428.huron.usbx.me/jellyfin
2026-02-03 20:12:56.821 17659-17683 AidlBufferPool          com.rpeters.jellyfin                 D  bufferpool2 0xb400007313df50d8 : 11(92274688 size) total buffers - 11(92274688 size) used buffers - 1492/1503 (recycle/alloc) - 11/1503 (fetch/transfer)
2026-02-03 20:12:57.556 17659-18579 AidlBufferPool          com.rpeters.jellyfin                 D  bufferpool2 0xb400007313dcf548 : 5(28800 size) total buffers - 4(23040 size) used buffers - 3167/3172 (recycle/alloc) - 5/6336 (fetch/transfer)
2026-02-03 20:12:57.714 17659-17705 PlaybackProgressManager com.rpeters.jellyfin                 D  Reported progress at 61306ms for ed722338-a224-c138-d6be-5a759379850e
2026-02-03 20:13:01.563 17659-17730 RepositoryUtils         com.rpeters.jellyfin                 D  [VERBOSE] validateServer: Server validation passed for user rpeters1428 on https://rpeters1428.huron.usbx.me/jellyfin
2026-02-03 20:13:01.759 17659-17730 PlaybackProgressManager com.rpeters.jellyfin                 D  Reported progress at 66313ms for ed722338-a224-c138-d6be-5a759379850e
2026-02-03 20:13:02.070 17659-17683 AidlBufferPool          com.rpeters.jellyfin                 D  bufferpool2 0xb400007313df50d8 : 11(92274688 size) total buffers - 11(92274688 size) used buffers - 1620/1631 (recycle/alloc) - 11/1629 (fetch/transfer)
2026-02-03 20:13:02.850 17659-18579 AidlBufferPool          com.rpeters.jellyfin                 D  bufferpool2 0xb400007313dcf548 : 5(28800 size) total buffers - 4(23040 size) used buffers - 3432/3437 (recycle/alloc) - 5/6865 (fetch/transfer)
2026-02-03 20:13:03.857 17659-17730 RepositoryUtils         com.rpeters.jellyfin                 D  [VERBOSE] validateServer: Server validation passed for user rpeters1428 on https://rpeters1428.huron.usbx.me/jellyfin
2026-02-03 20:13:04.018 17659-17659 PlaybackProgressManager com.rpeters.jellyfin                 D  Reported progress at 68316ms for ed722338-a224-c138-d6be-5a759379850e
2026-02-03 20:13:06.571 17659-17730 RepositoryUtils         com.rpeters.jellyfin                 D  [VERBOSE] validateServer: Server validation passed for user rpeters1428 on https://rpeters1428.huron.usbx.me/jellyfin
2026-02-03 20:13:06.744 17659-17705 PlaybackProgressManager com.rpeters.jellyfin                 D  Reported progress at 71327ms for ed722338-a224-c138-d6be-5a759379850e
2026-02-03 20:13:07.309 17659-17683 AidlBufferPool          com.rpeters.jellyfin                 D  bufferpool2 0xb400007313df50d8 : 11(92274688 size) total buffers - 11(92274688 size) used buffers - 1745/1756 (recycle/alloc) - 11/1755 (fetch/transfer)
2026-02-03 20:13:08.383 17659-18579 AidlBufferPool          com.rpeters.jellyfin                 D  bufferpool2 0xb400007313dcf548 : 5(28800 size) total buffers - 1(5760 size) used buffers - 3706/3711 (recycle/alloc) - 5/7418 (fetch/transfer)
2026-02-03 20:13:11.581 17659-17705 RepositoryUtils         com.rpeters.jellyfin                 D  [VERBOSE] validateServer: Server validation passed for user rpeters1428 on https://rpeters1428.huron.usbx.me/jellyfin
2026-02-03 20:13:11.742 17659-17730 PlaybackProgressManager com.rpeters.jellyfin                 D  Reported progress at 76336ms for ed722338-a224-c138-d6be-5a759379850e
2026-02-03 20:13:12.379 17659-18561 AidlBufferPool          com.rpeters.jellyfin                 D  bufferpool2 0xb400007313df50d8 : 11(92274688 size) total buffers - 10(83886080 size) used buffers - 1869/1880 (recycle/alloc) - 11/1881 (fetch/transfer)
2026-02-03 20:13:13.591 17659-18654 PipelineWatcher         com.rpeters.jellyfin                 D  onInputBufferReleased: frameIndex not found (1894); ignored
2026-02-03 20:13:13.860 17659-18579 AidlBufferPool          com.rpeters.jellyfin                 D  bufferpool2 0xb400007313dcf548 : 5(28800 size) total buffers - 1(5760 size) used buffers - 3980/3985 (recycle/alloc) - 5/7966 (fetch/transfer)
2026-02-03 20:13:14.020 17659-17730 RepositoryUtils         com.rpeters.jellyfin                 D  [VERBOSE] validateServer: Server validation passed for user rpeters1428 on https://rpeters1428.huron.usbx.me/jellyfin
2026-02-03 20:13:14.180 17659-17659 PlaybackProgressManager com.rpeters.jellyfin                 D  Reported progress at 78333ms for ed722338-a224-c138-d6be-5a759379850e
2026-02-03 20:13:16.594 17659-17730 RepositoryUtils         com.rpeters.jellyfin                 D  [VERBOSE] validateServer: Server validation passed for user rpeters1428 on https://rpeters1428.huron.usbx.me/jellyfin
2026-02-03 20:13:16.755 17659-17730 PlaybackProgressManager com.rpeters.jellyfin                 D  Reported progress at 81346ms for ed722338-a224-c138-d6be-5a759379850e
2026-02-03 20:13:17.624 17659-18561 AidlBufferPool          com.rpeters.jellyfin                 D  bufferpool2 0xb400007313df50d8 : 11(92274688 size) total buffers - 10(83886080 size) used buffers - 1994/2005 (recycle/alloc) - 11/2006 (fetch/transfer)
2026-02-03 20:13:19.242 17659-18579 AidlBufferPool          com.rpeters.jellyfin                 D  bufferpool2 0xb400007313dcf548 : 5(28800 size) total buffers - 1(5760 size) used buffers - 4249/4254 (recycle/alloc) - 5/8504 (fetch/transfer)
2026-02-03 20:13:21.606 17659-17730 RepositoryUtils         com.rpeters.jellyfin                 D  [VERBOSE] validateServer: Server validation passed for user rpeters1428 on https://rpeters1428.huron.usbx.me/jellyfin
2026-02-03 20:13:21.767 17659-17730 PlaybackProgressManager com.rpeters.jellyfin                 D  Reported progress at 86354ms for ed722338-a224-c138-d6be-5a759379850e
2026-02-03 20:13:22.860 17659-18561 AidlBufferPool          com.rpeters.jellyfin                 D  bufferpool2 0xb400007313df50d8 : 11(92274688 size) total buffers - 10(83886080 size) used buffers - 2121/2132 (recycle/alloc) - 11/2133 (fetch/transfer)
2026-02-03 20:13:24.180 17659-17730 RepositoryUtils         com.rpeters.jellyfin                 D  [VERBOSE] validateServer: Server validation passed for user rpeters1428 on https://rpeters1428.huron.usbx.me/jellyfin
2026-02-03 20:13:24.339 17659-17659 PlaybackProgressManager com.rpeters.jellyfin                 D  Reported progress at 88860ms for ed722338-a224-c138-d6be-5a759379850e
2026-02-03 20:13:24.697 17659-18579 AidlBufferPool          com.rpeters.jellyfin                 D  bufferpool2 0xb400007313dcf548 : 5(28800 size) total buffers - 1(5760 size) used buffers - 4522/4527 (recycle/alloc) - 5/9050 (fetch/transfer)
2026-02-03 20:13:25.341 17659-18654 PipelineWatcher         com.rpeters.jellyfin                 D  onInputBufferReleased: frameIndex not found (2180); ignored
2026-02-03 20:13:26.613 17659-17730 RepositoryUtils         com.rpeters.jellyfin                 D  [VERBOSE] validateServer: Server validation passed for user rpeters1428 on https://rpeters1428.huron.usbx.me/jellyfin
2026-02-03 20:13:26.761 17659-17705 PlaybackProgressManager com.rpeters.jellyfin                 D  Reported progress at 91361ms for ed722338-a224-c138-d6be-5a759379850e
2026-02-03 20:13:28.124 17659-17683 AidlBufferPool          com.rpeters.jellyfin                 D  bufferpool2 0xb400007313df50d8 : 11(92274688 size) total buffers - 11(92274688 size) used buffers - 2245/2256 (recycle/alloc) - 11/2254 (fetch/transfer)
2026-02-03 20:13:30.244 17659-18579 AidlBufferPool          com.rpeters.jellyfin                 D  bufferpool2 0xb400007313dcf548 : 5(28800 size) total buffers - 1(5760 size) used buffers - 4799/4804 (recycle/alloc) - 5/9604 (fetch/transfer)
2026-02-03 20:13:31.627 17659-17705 RepositoryUtils         com.rpeters.jellyfin                 D  [VERBOSE] validateServer: Server validation passed for user rpeters1428 on https://rpeters1428.huron.usbx.me/jellyfin
2026-02-03 20:13:32.567 17659-18118 PlaybackProgressManager com.rpeters.jellyfin                 D  Reported progress at 96373ms for ed722338-a224-c138-d6be-5a759379850e
2026-02-03 20:13:33.363 17659-17680 AidlBufferPool          com.rpeters.jellyfin                 D  bufferpool2 0xb400007313df50d8 : 11(92274688 size) total buffers - 11(92274688 size) used buffers - 2370/2381 (recycle/alloc) - 11/2380 (fetch/transfer)
2026-02-03 20:13:34.342 17659-17705 RepositoryUtils         com.rpeters.jellyfin                 D  [VERBOSE] validateServer: Server validation passed for user rpeters1428 on https://rpeters1428.huron.usbx.me/jellyfin
2026-02-03 20:13:34.521 17659-17659 PlaybackProgressManager com.rpeters.jellyfin                 D  Reported progress at 98888ms for ed722338-a224-c138-d6be-5a759379850e
2026-02-03 20:13:35.657 17659-18579 AidlBufferPool          com.rpeters.jellyfin                 D  bufferpool2 0xb400007313dcf548 : 5(28800 size) total buffers - 1(5760 size) used buffers - 5070/5075 (recycle/alloc) - 5/10146 (fetch/transfer)
2026-02-03 20:13:36.638 17659-17705 RepositoryUtils         com.rpeters.jellyfin                 D  [VERBOSE] validateServer: Server validation passed for user rpeters1428 on https://rpeters1428.huron.usbx.me/jellyfin
2026-02-03 20:13:36.836 17659-17730 PlaybackProgressManager com.rpeters.jellyfin                 D  Reported progress at 101392ms for ed722338-a224-c138-d6be-5a759379850e
2026-02-03 20:13:38.619 17659-18561 AidlBufferPool          com.rpeters.jellyfin                 D  bufferpool2 0xb400007313df50d8 : 11(92274688 size) total buffers - 10(83886080 size) used buffers - 2496/2507 (recycle/alloc) - 11/2508 (fetch/transfer)
2026-02-03 20:13:41.156 17659-18579 AidlBufferPool          com.rpeters.jellyfin                 D  bufferpool2 0xb400007313dcf548 : 5(28800 size) total buffers - 1(5760 size) used buffers - 5345/5350 (recycle/alloc) - 5/10696 (fetch/transfer)
2026-02-03 20:13:41.643 17659-18118 RepositoryUtils         com.rpeters.jellyfin                 D  [VERBOSE] validateServer: Server validation passed for user rpeters1428 on https://rpeters1428.huron.usbx.me/jellyfin
