2026-01-20 17:46:31.947  2941-4919  AppOps                  system_server                        E  attributionTag  not declared in manifest of com.rpeters.jellyfin
2026-01-20 17:46:31.949 32007-32007 View                    com.rpeters.jellyfin                 I  setRequestedFrameRate frameRate=NaN, this=androidx.compose.ui.platform.AndroidComposeView{6ca2461 VFED..... ........ 0,0-3120,1440 aid=1073741824}, caller=android.view.ViewGroup.setRequestedFrameRate:10045 androidx.compose.ui.platform.Api35Impl.setRequestedFrameRate:3822 androidx.compose.ui.platform.AndroidComposeView.dispatchDraw:2114 android.view.View.draw:26758 android.view.View.updateDisplayListIfDirty:25577 
2026-01-20 17:46:31.949 32007-32007 View                    com.rpeters.jellyfin                 I  setRequestedFrameRate frameRate=NaN, this=android.view.View{4101901 V.ED..... ........ 0,0-0,0}, caller=androidx.compose.ui.platform.Api35Impl.setRequestedFrameRate:3822 androidx.compose.ui.platform.AndroidComposeView.dispatchDraw:2115 android.view.View.draw:26758 android.view.View.updateDisplayListIfDirty:25577 android.view.ViewGroup.recreateChildDisplayList:4881 
2026-01-20 17:46:31.963 32007-32007 SV[2209946...rActivity] com.rpeters.jellyfin                 D  skip updating surface, 5
2026-01-20 17:46:31.965 32007-32007 View                    com.rpeters.jellyfin                 I  setRequestedFrameRate frameRate=NaN, this=androidx.compose.ui.platform.AndroidComposeView{6ca2461 VFED..... ......ID 0,0-3120,1440 aid=1073741824}, caller=android.view.ViewGroup.setRequestedFrameRate:10045 androidx.compose.ui.platform.Api35Impl.setRequestedFrameRate:3822 androidx.compose.ui.platform.AndroidComposeView.dispatchDraw:2114 android.view.View.draw:26758 android.view.View.updateDisplayListIfDirty:25577 
2026-01-20 17:46:31.966 32007-32007 View                    com.rpeters.jellyfin                 I  setRequestedFrameRate frameRate=-4.0, this=android.view.View{4101901 V.ED..... ........ 0,0-0,0}, caller=androidx.compose.ui.platform.Api35Impl.setRequestedFrameRate:3822 androidx.compose.ui.platform.AndroidComposeView.dispatchDraw:2115 android.view.View.draw:26758 android.view.View.updateDisplayListIfDirty:25577 android.view.ViewGroup.recreateChildDisplayList:4881 
2026-01-20 17:46:31.972 32007-32007 View                    com.rpeters.jellyfin                 I  setRequestedFrameRate frameRate=NaN, this=androidx.compose.ui.platform.AndroidComposeView{6ca2461 VFED..... ........ 0,0-3120,1440 aid=1073741824}, caller=android.view.ViewGroup.setRequestedFrameRate:10045 androidx.compose.ui.platform.Api35Impl.setRequestedFrameRate:3822 androidx.compose.ui.platform.AndroidComposeView.dispatchDraw:2114 android.view.View.draw:26758 android.view.View.updateDisplayListIfDirty:25577 
2026-01-20 17:46:31.972 32007-32007 View                    com.rpeters.jellyfin                 I  setRequestedFrameRate frameRate=NaN, this=android.view.View{4101901 V.ED..... ........ 0,0-0,0}, caller=androidx.compose.ui.platform.Api35Impl.setRequestedFrameRate:3822 androidx.compose.ui.platform.AndroidComposeView.dispatchDraw:2115 android.view.View.draw:26758 android.view.View.updateDisplayListIfDirty:25577 android.view.ViewGroup.recreateChildDisplayList:4881 
2026-01-20 17:46:31.975 32007-32007 View                    com.rpeters.jellyfin                 I  setRequestedFrameRate frameRate=NaN, this=androidx.compose.ui.platform.AndroidComposeView{6ca2461 VFED..... ........ 0,0-3120,1440 aid=1073741824}, caller=android.view.ViewGroup.setRequestedFrameRate:10045 androidx.compose.ui.platform.Api35Impl.setRequestedFrameRate:3822 androidx.compose.ui.platform.AndroidComposeView.dispatchDraw:2114 android.view.View.draw:26758 android.view.View.updateDisplayListIfDirty:25577 
2026-01-20 17:46:31.975 32007-32007 View                    com.rpeters.jellyfin                 I  setRequestedFrameRate frameRate=NaN, this=android.view.View{4101901 V.ED..... ........ 0,0-0,0}, caller=androidx.compose.ui.platform.Api35Impl.setRequestedFrameRate:3822 androidx.compose.ui.platform.AndroidComposeView.dispatchDraw:2115 android.view.View.draw:26758 android.view.View.updateDisplayListIfDirty:25577 android.view.ViewGroup.recreateChildDisplayList:4881 
2026-01-20 17:46:31.982 32007-32007 View                    com.rpeters.jellyfin                 I  setRequestedFrameRate frameRate=NaN, this=androidx.compose.ui.platform.AndroidComposeView{6ca2461 VFED..... ........ 0,0-3120,1440 aid=1073741824}, caller=android.view.ViewGroup.setRequestedFrameRate:10045 androidx.compose.ui.platform.Api35Impl.setRequestedFrameRate:3822 androidx.compose.ui.platform.AndroidComposeView.dispatchDraw:2114 android.view.View.draw:26758 android.view.View.updateDisplayListIfDirty:25577 
2026-01-20 17:46:31.982 32007-32007 View                    com.rpeters.jellyfin                 I  setRequestedFrameRate frameRate=NaN, this=android.view.View{4101901 V.ED..... ........ 0,0-0,0}, caller=androidx.compose.ui.platform.Api35Impl.setRequestedFrameRate:3822 androidx.compose.ui.platform.AndroidComposeView.dispatchDraw:2115 android.view.View.draw:26758 android.view.View.updateDisplayListIfDirty:25577 android.view.ViewGroup.recreateChildDisplayList:4881 
2026-01-20 17:46:31.990 32007-32007 View                    com.rpeters.jellyfin                 I  setRequestedFrameRate frameRate=NaN, this=androidx.compose.ui.platform.AndroidComposeView{6ca2461 VFED..... ........ 0,0-3120,1440 aid=1073741824}, caller=android.view.ViewGroup.setRequestedFrameRate:10045 androidx.compose.ui.platform.Api35Impl.setRequestedFrameRate:3822 androidx.compose.ui.platform.AndroidComposeView.dispatchDraw:2114 android.view.View.draw:26758 android.view.View.updateDisplayListIfDirty:25577 
2026-01-20 17:46:31.990 32007-32007 View                    com.rpeters.jellyfin                 I  setRequestedFrameRate frameRate=NaN, this=android.view.View{4101901 V.ED..... ........ 0,0-0,0}, caller=androidx.compose.ui.platform.Api35Impl.setRequestedFrameRate:3822 androidx.compose.ui.platform.AndroidComposeView.dispatchDraw:2115 android.view.View.draw:26758 android.view.View.updateDisplayListIfDirty:25577 android.view.ViewGroup.recreateChildDisplayList:4881 
2026-01-20 17:46:31.998 32007-32007 View                    com.rpeters.jellyfin                 I  setRequestedFrameRate frameRate=NaN, this=androidx.compose.ui.platform.AndroidComposeView{6ca2461 VFED..... ........ 0,0-3120,1440 aid=1073741824}, caller=android.view.ViewGroup.setRequestedFrameRate:10045 androidx.compose.ui.platform.Api35Impl.setRequestedFrameRate:3822 androidx.compose.ui.platform.AndroidComposeView.dispatchDraw:2114 android.view.View.draw:26758 android.view.View.updateDisplayListIfDirty:25577 
2026-01-20 17:46:31.998 32007-32007 View                    com.rpeters.jellyfin                 I  setRequestedFrameRate frameRate=NaN, this=android.view.View{4101901 V.ED..... ........ 0,0-0,0}, caller=androidx.compose.ui.platform.Api35Impl.setRequestedFrameRate:3822 androidx.compose.ui.platform.AndroidComposeView.dispatchDraw:2115 android.view.View.draw:26758 android.view.View.updateDisplayListIfDirty:25577 android.view.ViewGroup.recreateChildDisplayList:4881 
2026-01-20 17:46:32.007 32007-32007 View                    com.rpeters.jellyfin                 I  setRequestedFrameRate frameRate=NaN, this=androidx.compose.ui.platform.AndroidComposeView{6ca2461 VFED..... ........ 0,0-3120,1440 aid=1073741824}, caller=android.view.ViewGroup.setRequestedFrameRate:10045 androidx.compose.ui.platform.Api35Impl.setRequestedFrameRate:3822 androidx.compose.ui.platform.AndroidComposeView.dispatchDraw:2114 android.view.View.draw:26758 android.view.View.updateDisplayListIfDirty:25577 
2026-01-20 17:46:32.007 32007-32007 View                    com.rpeters.jellyfin                 I  setRequestedFrameRate frameRate=NaN, this=android.view.View{4101901 V.ED..... ........ 0,0-0,0}, caller=androidx.compose.ui.platform.Api35Impl.setRequestedFrameRate:3822 androidx.compose.ui.platform.AndroidComposeView.dispatchDraw:2115 android.view.View.draw:26758 android.view.View.updateDisplayListIfDirty:25577 android.view.ViewGroup.recreateChildDisplayList:4881 
2026-01-20 17:46:32.015 32007-32007 View                    com.rpeters.jellyfin                 I  setRequestedFrameRate frameRate=NaN, this=androidx.compose.ui.platform.AndroidComposeView{6ca2461 VFED..... ........ 0,0-3120,1440 aid=1073741824}, caller=android.view.ViewGroup.setRequestedFrameRate:10045 androidx.compose.ui.platform.Api35Impl.setRequestedFrameRate:3822 androidx.compose.ui.platform.AndroidComposeView.dispatchDraw:2114 android.view.View.draw:26758 android.view.View.updateDisplayListIfDirty:25577 
2026-01-20 17:46:32.015 32007-32007 View                    com.rpeters.jellyfin                 I  setRequestedFrameRate frameRate=NaN, this=android.view.View{4101901 V.ED..... ........ 0,0-0,0}, caller=androidx.compose.ui.platform.Api35Impl.setRequestedFrameRate:3822 androidx.compose.ui.platform.AndroidComposeView.dispatchDraw:2115 android.view.View.draw:26758 android.view.View.updateDisplayListIfDirty:25577 android.view.ViewGroup.recreateChildDisplayList:4881 
2026-01-20 17:46:32.024 32007-32007 View                    com.rpeters.jellyfin                 I  setRequestedFrameRate frameRate=NaN, this=androidx.compose.ui.platform.AndroidComposeView{6ca2461 VFED..... ........ 0,0-3120,1440 aid=1073741824}, caller=android.view.ViewGroup.setRequestedFrameRate:10045 androidx.compose.ui.platform.Api35Impl.setRequestedFrameRate:3822 androidx.compose.ui.platform.AndroidComposeView.dispatchDraw:2114 android.view.View.draw:26758 android.view.View.updateDisplayListIfDirty:25577 
2026-01-20 17:46:32.024 32007-32007 View                    com.rpeters.jellyfin                 I  setRequestedFrameRate frameRate=NaN, this=android.view.View{4101901 V.ED..... ........ 0,0-0,0}, caller=androidx.compose.ui.platform.Api35Impl.setRequestedFrameRate:3822 androidx.compose.ui.platform.AndroidComposeView.dispatchDraw:2115 android.view.View.draw:26758 android.view.View.updateDisplayListIfDirty:25577 android.view.ViewGroup.recreateChildDisplayList:4881 
2026-01-20 17:46:32.032 32007-32007 View                    com.rpeters.jellyfin                 I  setRequestedFrameRate frameRate=NaN, this=androidx.compose.ui.platform.AndroidComposeView{6ca2461 VFED..... ........ 0,0-3120,1440 aid=1073741824}, caller=android.view.ViewGroup.setRequestedFrameRate:10045 androidx.compose.ui.platform.Api35Impl.setRequestedFrameRate:3822 androidx.compose.ui.platform.AndroidComposeView.dispatchDraw:2114 android.view.View.draw:26758 android.view.View.updateDisplayListIfDirty:25577 
2026-01-20 17:46:32.032 32007-32007 View                    com.rpeters.jellyfin                 I  setRequestedFrameRate frameRate=NaN, this=android.view.View{4101901 V.ED..... ........ 0,0-0,0}, caller=androidx.compose.ui.platform.Api35Impl.setRequestedFrameRate:3822 androidx.compose.ui.platform.AndroidComposeView.dispatchDraw:2115 android.view.View.draw:26758 android.view.View.updateDisplayListIfDirty:25577 android.view.ViewGroup.recreateChildDisplayList:4881 
2026-01-20 17:46:32.040 32007-32007 View                    com.rpeters.jellyfin                 I  setRequestedFrameRate frameRate=NaN, this=androidx.compose.ui.platform.AndroidComposeView{6ca2461 VFED..... ........ 0,0-3120,1440 aid=1073741824}, caller=android.view.ViewGroup.setRequestedFrameRate:10045 androidx.compose.ui.platform.Api35Impl.setRequestedFrameRate:3822 androidx.compose.ui.platform.AndroidComposeView.dispatchDraw:2114 android.view.View.draw:26758 android.view.View.updateDisplayListIfDirty:25577 
2026-01-20 17:46:32.040 32007-32007 View                    com.rpeters.jellyfin                 I  setRequestedFrameRate frameRate=NaN, this=android.view.View{4101901 V.ED..... ........ 0,0-0,0}, caller=androidx.compose.ui.platform.Api35Impl.setRequestedFrameRate:3822 androidx.compose.ui.platform.AndroidComposeView.dispatchDraw:2115 android.view.View.draw:26758 android.view.View.updateDisplayListIfDirty:25577 android.view.ViewGroup.recreateChildDisplayList:4881 
2026-01-20 17:46:32.048 32007-32007 View                    com.rpeters.jellyfin                 I  setRequestedFrameRate frameRate=NaN, this=androidx.compose.ui.platform.AndroidComposeView{6ca2461 VFED..... ........ 0,0-3120,1440 aid=1073741824}, caller=android.view.ViewGroup.setRequestedFrameRate:10045 androidx.compose.ui.platform.Api35Impl.setRequestedFrameRate:3822 androidx.compose.ui.platform.AndroidComposeView.dispatchDraw:2114 android.view.View.draw:26758 android.view.View.updateDisplayListIfDirty:25577 
2026-01-20 17:46:32.048 32007-32007 View                    com.rpeters.jellyfin                 I  setRequestedFrameRate frameRate=NaN, this=android.view.View{4101901 V.ED..... ........ 0,0-0,0}, caller=androidx.compose.ui.platform.Api35Impl.setRequestedFrameRate:3822 androidx.compose.ui.platform.AndroidComposeView.dispatchDraw:2115 android.view.View.draw:26758 android.view.View.updateDisplayListIfDirty:25577 android.view.ViewGroup.recreateChildDisplayList:4881 
2026-01-20 17:46:32.057 32007-32007 View                    com.rpeters.jellyfin                 I  setRequestedFrameRate frameRate=NaN, this=androidx.compose.ui.platform.AndroidComposeView{6ca2461 VFED..... ........ 0,0-3120,1440 aid=1073741824}, caller=android.view.ViewGroup.setRequestedFrameRate:10045 androidx.compose.ui.platform.Api35Impl.setRequestedFrameRate:3822 androidx.compose.ui.platform.AndroidComposeView.dispatchDraw:2114 android.view.View.draw:26758 android.view.View.updateDisplayListIfDirty:25577 
2026-01-20 17:46:32.057 32007-32007 View                    com.rpeters.jellyfin                 I  setRequestedFrameRate frameRate=NaN, this=android.view.View{4101901 V.ED..... ........ 0,0-0,0}, caller=androidx.compose.ui.platform.Api35Impl.setRequestedFrameRate:3822 androidx.compose.ui.platform.AndroidComposeView.dispatchDraw:2115 android.view.View.draw:26758 android.view.View.updateDisplayListIfDirty:25577 android.view.ViewGroup.recreateChildDisplayList:4881 
2026-01-20 17:46:32.066 32007-32007 View                    com.rpeters.jellyfin                 I  setRequestedFrameRate frameRate=NaN, this=androidx.compose.ui.platform.AndroidComposeView{6ca2461 VFED..... ........ 0,0-3120,1440 aid=1073741824}, caller=android.view.ViewGroup.setRequestedFrameRate:10045 androidx.compose.ui.platform.Api35Impl.setRequestedFrameRate:3822 androidx.compose.ui.platform.AndroidComposeView.dispatchDraw:2114 android.view.View.draw:26758 android.view.View.updateDisplayListIfDirty:25577 
2026-01-20 17:46:32.066 32007-32007 View                    com.rpeters.jellyfin                 I  setRequestedFrameRate frameRate=NaN, this=android.view.View{4101901 V.ED..... ........ 0,0-0,0}, caller=androidx.compose.ui.platform.Api35Impl.setRequestedFrameRate:3822 androidx.compose.ui.platform.AndroidComposeView.dispatchDraw:2115 android.view.View.draw:26758 android.view.View.updateDisplayListIfDirty:25577 android.view.ViewGroup.recreateChildDisplayList:4881 
2026-01-20 17:46:32.074 32007-32007 View                    com.rpeters.jellyfin                 I  setRequestedFrameRate frameRate=NaN, this=androidx.compose.ui.platform.AndroidComposeView{6ca2461 VFED..... ........ 0,0-3120,1440 aid=1073741824}, caller=android.view.ViewGroup.setRequestedFrameRate:10045 androidx.compose.ui.platform.Api35Impl.setRequestedFrameRate:3822 androidx.compose.ui.platform.AndroidComposeView.dispatchDraw:2114 android.view.View.draw:26758 android.view.View.updateDisplayListIfDirty:25577 
2026-01-20 17:46:32.074 32007-32007 View                    com.rpeters.jellyfin                 I  setRequestedFrameRate frameRate=NaN, this=android.view.View{4101901 V.ED..... ........ 0,0-0,0}, caller=androidx.compose.ui.platform.Api35Impl.setRequestedFrameRate:3822 androidx.compose.ui.platform.AndroidComposeView.dispatchDraw:2115 android.view.View.draw:26758 android.view.View.updateDisplayListIfDirty:25577 android.view.ViewGroup.recreateChildDisplayList:4881 
2026-01-20 17:46:32.082 32007-32007 View                    com.rpeters.jellyfin                 I  setRequestedFrameRate frameRate=NaN, this=androidx.compose.ui.platform.AndroidComposeView{6ca2461 VFED..... ........ 0,0-3120,1440 aid=1073741824}, caller=android.view.ViewGroup.setRequestedFrameRate:10045 androidx.compose.ui.platform.Api35Impl.setRequestedFrameRate:3822 androidx.compose.ui.platform.AndroidComposeView.dispatchDraw:2114 android.view.View.draw:26758 android.view.View.updateDisplayListIfDirty:25577 
2026-01-20 17:46:32.082 32007-32007 View                    com.rpeters.jellyfin                 I  setRequestedFrameRate frameRate=NaN, this=android.view.View{4101901 V.ED..... ........ 0,0-0,0}, caller=androidx.compose.ui.platform.Api35Impl.setRequestedFrameRate:3822 androidx.compose.ui.platform.AndroidComposeView.dispatchDraw:2115 android.view.View.draw:26758 android.view.View.updateDisplayListIfDirty:25577 android.view.ViewGroup.recreateChildDisplayList:4881 
2026-01-20 17:46:32.090 32007-32007 View                    com.rpeters.jellyfin                 I  setRequestedFrameRate frameRate=NaN, this=androidx.compose.ui.platform.AndroidComposeView{6ca2461 VFED..... ........ 0,0-3120,1440 aid=1073741824}, caller=android.view.ViewGroup.setRequestedFrameRate:10045 androidx.compose.ui.platform.Api35Impl.setRequestedFrameRate:3822 androidx.compose.ui.platform.AndroidComposeView.dispatchDraw:2114 android.view.View.draw:26758 android.view.View.updateDisplayListIfDirty:25577 
2026-01-20 17:46:32.090 32007-32007 View                    com.rpeters.jellyfin                 I  setRequestedFrameRate frameRate=NaN, this=android.view.View{4101901 V.ED..... ........ 0,0-0,0}, caller=androidx.compose.ui.platform.Api35Impl.setRequestedFrameRate:3822 androidx.compose.ui.platform.AndroidComposeView.dispatchDraw:2115 android.view.View.draw:26758 android.view.View.updateDisplayListIfDirty:25577 android.view.ViewGroup.recreateChildDisplayList:4881 
2026-01-20 17:46:32.098 32007-32007 View                    com.rpeters.jellyfin                 I  setRequestedFrameRate frameRate=NaN, this=androidx.compose.ui.platform.AndroidComposeView{6ca2461 VFED..... ........ 0,0-3120,1440 aid=1073741824}, caller=android.view.ViewGroup.setRequestedFrameRate:10045 androidx.compose.ui.platform.Api35Impl.setRequestedFrameRate:3822 androidx.compose.ui.platform.AndroidComposeView.dispatchDraw:2114 android.view.View.draw:26758 android.view.View.updateDisplayListIfDirty:25577 
2026-01-20 17:46:32.098 32007-32007 View                    com.rpeters.jellyfin                 I  setRequestedFrameRate frameRate=NaN, this=android.view.View{4101901 V.ED..... ........ 0,0-0,0}, caller=androidx.compose.ui.platform.Api35Impl.setRequestedFrameRate:3822 androidx.compose.ui.platform.AndroidComposeView.dispatchDraw:2115 android.view.View.draw:26758 android.view.View.updateDisplayListIfDirty:25577 android.view.ViewGroup.recreateChildDisplayList:4881 
2026-01-20 17:46:32.106 32007-32007 View                    com.rpeters.jellyfin                 I  setRequestedFrameRate frameRate=NaN, this=androidx.compose.ui.platform.AndroidComposeView{6ca2461 VFED..... ........ 0,0-3120,1440 aid=1073741824}, caller=android.view.ViewGroup.setRequestedFrameRate:10045 androidx.compose.ui.platform.Api35Impl.setRequestedFrameRate:3822 androidx.compose.ui.platform.AndroidComposeView.dispatchDraw:2114 android.view.View.draw:26758 android.view.View.updateDisplayListIfDirty:25577 
2026-01-20 17:46:32.106 32007-32007 View                    com.rpeters.jellyfin                 I  setRequestedFrameRate frameRate=NaN, this=android.view.View{4101901 V.ED..... ........ 0,0-0,0}, caller=androidx.compose.ui.platform.Api35Impl.setRequestedFrameRate:3822 androidx.compose.ui.platform.AndroidComposeView.dispatchDraw:2115 android.view.View.draw:26758 android.view.View.updateDisplayListIfDirty:25577 android.view.ViewGroup.recreateChildDisplayList:4881 
2026-01-20 17:46:32.116 32007-32007 View                    com.rpeters.jellyfin                 I  setRequestedFrameRate frameRate=NaN, this=androidx.compose.ui.platform.AndroidComposeView{6ca2461 VFED..... ........ 0,0-3120,1440 aid=1073741824}, caller=android.view.ViewGroup.setRequestedFrameRate:10045 androidx.compose.ui.platform.Api35Impl.setRequestedFrameRate:3822 androidx.compose.ui.platform.AndroidComposeView.dispatchDraw:2114 android.view.View.draw:26758 android.view.View.updateDisplayListIfDirty:25577 
2026-01-20 17:46:32.116 32007-32007 View                    com.rpeters.jellyfin                 I  setRequestedFrameRate frameRate=NaN, this=android.view.View{4101901 V.ED..... ........ 0,0-0,0}, caller=androidx.compose.ui.platform.Api35Impl.setRequestedFrameRate:3822 androidx.compose.ui.platform.AndroidComposeView.dispatchDraw:2115 android.view.View.draw:26758 android.view.View.updateDisplayListIfDirty:25577 android.view.ViewGroup.recreateChildDisplayList:4881 
2026-01-20 17:46:32.124 32007-32007 View                    com.rpeters.jellyfin                 I  setRequestedFrameRate frameRate=NaN, this=androidx.compose.ui.platform.AndroidComposeView{6ca2461 VFED..... ........ 0,0-3120,1440 aid=1073741824}, caller=android.view.ViewGroup.setRequestedFrameRate:10045 androidx.compose.ui.platform.Api35Impl.setRequestedFrameRate:3822 androidx.compose.ui.platform.AndroidComposeView.dispatchDraw:2114 android.view.View.draw:26758 android.view.View.updateDisplayListIfDirty:25577 
2026-01-20 17:46:32.124 32007-32007 View                    com.rpeters.jellyfin                 I  setRequestedFrameRate frameRate=NaN, this=android.view.View{4101901 V.ED..... ........ 0,0-0,0}, caller=androidx.compose.ui.platform.Api35Impl.setRequestedFrameRate:3822 androidx.compose.ui.platform.AndroidComposeView.dispatchDraw:2115 android.view.View.draw:26758 android.view.View.updateDisplayListIfDirty:25577 android.view.ViewGroup.recreateChildDisplayList:4881 
2026-01-20 17:46:32.132 32007-32007 View                    com.rpeters.jellyfin                 I  setRequestedFrameRate frameRate=NaN, this=androidx.compose.ui.platform.AndroidComposeView{6ca2461 VFED..... ........ 0,0-3120,1440 aid=1073741824}, caller=android.view.ViewGroup.setRequestedFrameRate:10045 androidx.compose.ui.platform.Api35Impl.setRequestedFrameRate:3822 androidx.compose.ui.platform.AndroidComposeView.dispatchDraw:2114 android.view.View.draw:26758 android.view.View.updateDisplayListIfDirty:25577 
2026-01-20 17:46:32.132 32007-32007 View                    com.rpeters.jellyfin                 I  setRequestedFrameRate frameRate=NaN, this=android.view.View{4101901 V.ED..... ........ 0,0-0,0}, caller=androidx.compose.ui.platform.Api35Impl.setRequestedFrameRate:3822 androidx.compose.ui.platform.AndroidComposeView.dispatchDraw:2115 android.view.View.draw:26758 android.view.View.updateDisplayListIfDirty:25577 android.view.ViewGroup.recreateChildDisplayList:4881 
2026-01-20 17:46:32.140 32007-32007 View                    com.rpeters.jellyfin                 I  setRequestedFrameRate frameRate=NaN, this=androidx.compose.ui.platform.AndroidComposeView{6ca2461 VFED..... ........ 0,0-3120,1440 aid=1073741824}, caller=android.view.ViewGroup.setRequestedFrameRate:10045 androidx.compose.ui.platform.Api35Impl.setRequestedFrameRate:3822 androidx.compose.ui.platform.AndroidComposeView.dispatchDraw:2114 android.view.View.draw:26758 android.view.View.updateDisplayListIfDirty:25577 
2026-01-20 17:46:32.140 32007-32007 View                    com.rpeters.jellyfin                 I  setRequestedFrameRate frameRate=NaN, this=android.view.View{4101901 V.ED..... ........ 0,0-0,0}, caller=androidx.compose.ui.platform.Api35Impl.setRequestedFrameRate:3822 androidx.compose.ui.platform.AndroidComposeView.dispatchDraw:2115 android.view.View.draw:26758 android.view.View.updateDisplayListIfDirty:25577 android.view.ViewGroup.recreateChildDisplayList:4881 
2026-01-20 17:46:32.149 32007-32007 View                    com.rpeters.jellyfin                 I  setRequestedFrameRate frameRate=NaN, this=androidx.compose.ui.platform.AndroidComposeView{6ca2461 VFED..... ........ 0,0-3120,1440 aid=1073741824}, caller=android.view.ViewGroup.setRequestedFrameRate:10045 androidx.compose.ui.platform.Api35Impl.setRequestedFrameRate:3822 androidx.compose.ui.platform.AndroidComposeView.dispatchDraw:2114 android.view.View.draw:26758 android.view.View.updateDisplayListIfDirty:25577 
2026-01-20 17:46:32.149 32007-32007 View                    com.rpeters.jellyfin                 I  setRequestedFrameRate frameRate=NaN, this=android.view.View{4101901 V.ED..... ........ 0,0-0,0}, caller=androidx.compose.ui.platform.Api35Impl.setRequestedFrameRate:3822 androidx.compose.ui.platform.AndroidComposeView.dispatchDraw:2115 android.view.View.draw:26758 android.view.View.updateDisplayListIfDirty:25577 android.view.ViewGroup.recreateChildDisplayList:4881 
2026-01-20 17:46:32.157 32007-32007 View                    com.rpeters.jellyfin                 I  setRequestedFrameRate frameRate=NaN, this=androidx.compose.ui.platform.AndroidComposeView{6ca2461 VFED..... ........ 0,0-3120,1440 aid=1073741824}, caller=android.view.ViewGroup.setRequestedFrameRate:10045 androidx.compose.ui.platform.Api35Impl.setRequestedFrameRate:3822 androidx.compose.ui.platform.AndroidComposeView.dispatchDraw:2114 android.view.View.draw:26758 android.view.View.updateDisplayListIfDirty:25577 
2026-01-20 17:46:32.157 32007-32007 View                    com.rpeters.jellyfin                 I  setRequestedFrameRate frameRate=NaN, this=android.view.View{4101901 V.ED..... ........ 0,0-0,0}, caller=androidx.compose.ui.platform.Api35Impl.setRequestedFrameRate:3822 androidx.compose.ui.platform.AndroidComposeView.dispatchDraw:2115 android.view.View.draw:26758 android.view.View.updateDisplayListIfDirty:25577 android.view.ViewGroup.recreateChildDisplayList:4881 
2026-01-20 17:46:32.159 32007-32437 AudioTrack              com.rpeters.jellyfin                 D  getTimestamp_l(6055): device stall time corrected using current time 153634587777066
2026-01-20 17:46:32.165 32007-32007 View                    com.rpeters.jellyfin                 I  setRequestedFrameRate frameRate=NaN, this=androidx.compose.ui.platform.AndroidComposeView{6ca2461 VFED..... ........ 0,0-3120,1440 aid=1073741824}, caller=android.view.ViewGroup.setRequestedFrameRate:10045 androidx.compose.ui.platform.Api35Impl.setRequestedFrameRate:3822 androidx.compose.ui.platform.AndroidComposeView.dispatchDraw:2114 android.view.View.draw:26758 android.view.View.updateDisplayListIfDirty:25577 
2026-01-20 17:46:32.165 32007-32007 View                    com.rpeters.jellyfin                 I  setRequestedFrameRate frameRate=NaN, this=android.view.View{4101901 V.ED..... ........ 0,0-0,0}, caller=androidx.compose.ui.platform.Api35Impl.setRequestedFrameRate:3822 androidx.compose.ui.platform.AndroidComposeView.dispatchDraw:2115 android.view.View.draw:26758 android.view.View.updateDisplayListIfDirty:25577 android.view.ViewGroup.recreateChildDisplayList:4881 
2026-01-20 17:46:32.174 32007-32007 View                    com.rpeters.jellyfin                 I  setRequestedFrameRate frameRate=NaN, this=androidx.compose.ui.platform.AndroidComposeView{6ca2461 VFED..... ........ 0,0-3120,1440 aid=1073741824}, caller=android.view.ViewGroup.setRequestedFrameRate:10045 androidx.compose.ui.platform.Api35Impl.setRequestedFrameRate:3822 androidx.compose.ui.platform.AndroidComposeView.dispatchDraw:2114 android.view.View.draw:26758 android.view.View.updateDisplayListIfDirty:25577 
2026-01-20 17:46:32.174 32007-32007 View                    com.rpeters.jellyfin                 I  setRequestedFrameRate frameRate=NaN, this=android.view.View{4101901 V.ED..... ........ 0,0-0,0}, caller=androidx.compose.ui.platform.Api35Impl.setRequestedFrameRate:3822 androidx.compose.ui.platform.AndroidComposeView.dispatchDraw:2115 android.view.View.draw:26758 android.view.View.updateDisplayListIfDirty:25577 android.view.ViewGroup.recreateChildDisplayList:4881 
2026-01-20 17:46:32.286 32007-32007 View                    com.rpeters.jellyfin                 I  setRequestedFrameRate frameRate=NaN, this=androidx.compose.ui.platform.AndroidComposeView{6ca2461 VFED..... ........ 0,0-3120,1440 aid=1073741824}, caller=android.view.ViewGroup.setRequestedFrameRate:10045 androidx.compose.ui.platform.Api35Impl.setRequestedFrameRate:3822 androidx.compose.ui.platform.AndroidComposeView.dispatchDraw:2114 android.view.View.draw:26758 android.view.View.updateDisplayListIfDirty:25577 
2026-01-20 17:46:32.287 32007-32007 View                    com.rpeters.jellyfin                 I  setRequestedFrameRate frameRate=-4.0, this=android.view.View{4101901 V.ED..... ........ 0,0-0,0}, caller=androidx.compose.ui.platform.Api35Impl.setRequestedFrameRate:3822 androidx.compose.ui.platform.AndroidComposeView.dispatchDraw:2115 android.view.View.draw:26758 android.view.View.updateDisplayListIfDirty:25577 android.view.ViewGroup.recreateChildDisplayList:4881 
2026-01-20 17:46:35.133 32007-32007 View                    com.rpeters.jellyfin                 I  setRequestedFrameRate frameRate=NaN, this=androidx.compose.ui.platform.AndroidComposeView{6ca2461 VFED..... ......ID 0,0-3120,1440 aid=1073741824}, caller=android.view.ViewGroup.setRequestedFrameRate:10045 androidx.compose.ui.platform.Api35Impl.setRequestedFrameRate:3822 androidx.compose.ui.platform.AndroidComposeView.dispatchDraw:2114 android.view.View.draw:26758 android.view.View.updateDisplayListIfDirty:25577 
2026-01-20 17:46:35.134 32007-32007 View                    com.rpeters.jellyfin                 I  setRequestedFrameRate frameRate=NaN, this=android.view.View{4101901 V.ED..... ........ 0,0-0,0}, caller=androidx.compose.ui.platform.Api35Impl.setRequestedFrameRate:3822 androidx.compose.ui.platform.AndroidComposeView.dispatchDraw:2115 android.view.View.draw:26758 android.view.View.updateDisplayListIfDirty:25577 android.view.ViewGroup.recreateChildDisplayList:4881 
2026-01-20 17:46:35.171 32007-32007 View                    com.rpeters.jellyfin                 I  setRequestedFrameRate frameRate=NaN, this=androidx.compose.ui.platform.AndroidComposeView{6ca2461 VFED..... ........ 0,0-3120,1440 aid=1073741824}, caller=android.view.ViewGroup.setRequestedFrameRate:10045 androidx.compose.ui.platform.Api35Impl.setRequestedFrameRate:3822 androidx.compose.ui.platform.AndroidComposeView.dispatchDraw:2114 android.view.View.draw:26758 android.view.View.updateDisplayListIfDirty:25577 
2026-01-20 17:46:35.171 32007-32007 View                    com.rpeters.jellyfin                 I  setRequestedFrameRate frameRate=NaN, this=android.view.View{4101901 V.ED..... ........ 0,0-0,0}, caller=androidx.compose.ui.platform.Api35Impl.setRequestedFrameRate:3822 androidx.compose.ui.platform.AndroidComposeView.dispatchDraw:2115 android.view.View.draw:26758 android.view.View.updateDisplayListIfDirty:25577 android.view.ViewGroup.recreateChildDisplayList:4881 
2026-01-20 17:46:35.513 32007-32007 View                    com.rpeters.jellyfin                 I  setRequestedFrameRate frameRate=NaN, this=androidx.compose.ui.platform.AndroidComposeView{6ca2461 VFED..... ........ 0,0-3120,1440 aid=1073741824}, caller=android.view.ViewGroup.setRequestedFrameRate:10045 androidx.compose.ui.platform.Api35Impl.setRequestedFrameRate:3822 androidx.compose.ui.platform.AndroidComposeView.dispatchDraw:2114 android.view.View.draw:26758 android.view.View.updateDisplayListIfDirty:25577 
2026-01-20 17:46:35.513 32007-32007 View                    com.rpeters.jellyfin                 I  setRequestedFrameRate frameRate=NaN, this=android.view.View{4101901 V.ED..... ........ 0,0-0,0}, caller=androidx.compose.ui.platform.Api35Impl.setRequestedFrameRate:3822 androidx.compose.ui.platform.AndroidComposeView.dispatchDraw:2115 android.view.View.draw:26758 android.view.View.updateDisplayListIfDirty:25577 android.view.ViewGroup.recreateChildDisplayList:4881 
2026-01-20 17:46:36.785 32007-32275 AidlBufferPoolAcc       com.rpeters.jellyfin                 D  evictor expired: 1, evicted: 0
2026-01-20 17:46:36.904 32007-32449 AidlBufferPool          com.rpeters.jellyfin                 D  bufferpool2 0xb400007313d8ad28 : 11(92274688 size) total buffers - 10(83886080 size) used buffers - 134/145 (recycle/alloc) - 11/141 (fetch/transfer)
2026-01-20 17:46:37.253 32007-32462 AidlBufferPool          com.rpeters.jellyfin                 D  bufferpool2 0xb400007313d7e648 : 5(28800 size) total buffers - 1(5760 size) used buffers - 303/308 (recycle/alloc) - 5/612 (fetch/transfer)
2026-01-20 17:46:37.786 32007-32275 AidlBufferPoolAcc       com.rpeters.jellyfin                 D  evictor expired: 1, evicted: 0
2026-01-20 17:46:40.074 32007-32043 OkHttpClient            com.rpeters.jellyfin                 I  POST https://rpeters1428.huron.usbx.me/jellyfin/Sessions/Playing/Progress
2026-01-20 17:46:40.196 32007-32007 PlaybackProgressManager com.rpeters.jellyfin                 D  Reported progress at 0ms for bbe3eb1e-be4b-32b3-00fd-4c895ffd935c
2026-01-20 17:46:42.434 32007-32048 AidlBufferPool          com.rpeters.jellyfin                 D  bufferpool2 0xb400007313d8ad28 : 11(92274688 size) total buffers - 11(92274688 size) used buffers - 261/272 (recycle/alloc) - 11/272 (fetch/transfer)
2026-01-20 17:46:42.695 32007-32462 AidlBufferPool          com.rpeters.jellyfin                 D  bufferpool2 0xb400007313d7e648 : 5(28800 size) total buffers - 1(5760 size) used buffers - 575/580 (recycle/alloc) - 5/1156 (fetch/transfer)
2026-01-20 17:46:47.678 32007-32027 AidlBufferPool          com.rpeters.jellyfin                 D  bufferpool2 0xb400007313d8ad28 : 11(92274688 size) total buffers - 11(92274688 size) used buffers - 387/398 (recycle/alloc) - 11/398 (fetch/transfer)
2026-01-20 17:46:48.229 32007-32462 AidlBufferPool          com.rpeters.jellyfin                 D  bufferpool2 0xb400007313d7e648 : 5(28800 size) total buffers - 1(5760 size) used buffers - 852/857 (recycle/alloc) - 5/1710 (fetch/transfer)
2026-01-20 17:46:50.198 32007-32043 OkHttpClient            com.rpeters.jellyfin                 I  POST https://rpeters1428.huron.usbx.me/jellyfin/Sessions/Playing/Progress
2026-01-20 17:46:50.364 32007-32007 PlaybackProgressManager com.rpeters.jellyfin                 D  Reported progress at 0ms for bbe3eb1e-be4b-32b3-00fd-4c895ffd935c
2026-01-20 17:46:53.176 32007-32449 AidlBufferPool          com.rpeters.jellyfin                 D  bufferpool2 0xb400007313d8ad28 : 11(92274688 size) total buffers - 10(83886080 size) used buffers - 524/535 (recycle/alloc) - 11/531 (fetch/transfer)
2026-01-20 17:46:53.242 32007-32007 VRI[VideoP...y]@4e39a44 com.rpeters.jellyfin                 I  ViewPostIme pointer 0
2026-01-20 17:46:53.245 32007-32007 VRI[VideoP...y]@4e39a44 com.rpeters.jellyfin                 I  call setFrameRateCategory for touch hint category=high hint, reason=touch, vri=VRI[VideoPlayerActivity]@4e39a44
2026-01-20 17:46:53.274 32007-32007 VRI[VideoP...y]@4e39a44 com.rpeters.jellyfin                 I  ViewPostIme pointer 1
2026-01-20 17:46:53.345 32007-32007 View                    com.rpeters.jellyfin                 I  setRequestedFrameRate frameRate=NaN, this=androidx.compose.ui.platform.AndroidComposeView{6ca2461 VFED..... ......ID 0,0-3120,1440 aid=1073741824}, caller=android.view.ViewGroup.setRequestedFrameRate:10045 androidx.compose.ui.platform.Api35Impl.setRequestedFrameRate:3822 androidx.compose.ui.platform.AndroidComposeView.dispatchDraw:2114 android.view.View.draw:26758 android.view.View.updateDisplayListIfDirty:25577 
2026-01-20 17:46:53.345 32007-32007 View                    com.rpeters.jellyfin                 I  setRequestedFrameRate frameRate=-4.0, this=android.view.View{4101901 V.ED..... ........ 0,0-0,0}, caller=androidx.compose.ui.platform.Api35Impl.setRequestedFrameRate:3822 androidx.compose.ui.platform.AndroidComposeView.dispatchDraw:2115 android.view.View.draw:26758 android.view.View.updateDisplayListIfDirty:25577 android.view.ViewGroup.recreateChildDisplayList:4881 
2026-01-20 17:46:53.349 32007-32007 View                    com.rpeters.jellyfin                 I  setRequestedFrameRate frameRate=NaN, this=androidx.compose.ui.platform.AndroidComposeView{6ca2461 VFED..... ........ 0,0-3120,1440 aid=1073741824}, caller=android.view.ViewGroup.setRequestedFrameRate:10045 androidx.compose.ui.platform.Api35Impl.setRequestedFrameRate:3822 androidx.compose.ui.platform.AndroidComposeView.dispatchDraw:2114 android.view.View.draw:26758 android.view.View.updateDisplayListIfDirty:25577 
2026-01-20 17:46:53.349 32007-32007 View                    com.rpeters.jellyfin                 I  setRequestedFrameRate frameRate=NaN, this=android.view.View{4101901 V.ED..... ........ 0,0-0,0}, caller=androidx.compose.ui.platform.Api35Impl.setRequestedFrameRate:3822 androidx.compose.ui.platform.AndroidComposeView.dispatchDraw:2115 android.view.View.draw:26758 android.view.View.updateDisplayListIfDirty:25577 android.view.ViewGroup.recreateChildDisplayList:4881 
2026-01-20 17:46:53.682 32007-32007 View                    com.rpeters.jellyfin                 I  setRequestedFrameRate frameRate=NaN, this=androidx.compose.ui.platform.AndroidComposeView{6ca2461 VFED..... ........ 0,0-3120,1440 aid=1073741824}, caller=android.view.ViewGroup.setRequestedFrameRate:10045 androidx.compose.ui.platform.Api35Impl.setRequestedFrameRate:3822 androidx.compose.ui.platform.AndroidComposeView.dispatchDraw:2114 android.view.View.draw:26758 android.view.View.updateDisplayListIfDirty:25577 
2026-01-20 17:46:53.683 32007-32007 View                    com.rpeters.jellyfin                 I  setRequestedFrameRate frameRate=NaN, this=android.view.View{4101901 V.ED..... ........ 0,0-0,0}, caller=androidx.compose.ui.platform.Api35Impl.setRequestedFrameRate:3822 androidx.compose.ui.platform.AndroidComposeView.dispatchDraw:2115 android.view.View.draw:26758 android.view.View.updateDisplayListIfDirty:25577 android.view.ViewGroup.recreateChildDisplayList:4881 
2026-01-20 17:46:53.726 32007-32462 AidlBufferPool          com.rpeters.jellyfin                 D  bufferpool2 0xb400007313d7e648 : 5(28800 size) total buffers - 4(23040 size) used buffers - 1129/1134 (recycle/alloc) - 5/2259 (fetch/transfer)
2026-01-20 17:46:54.282 32007-32007 VRI[VideoP...y]@4e39a44 com.rpeters.jellyfin                 I  ViewPostIme pointer 0
2026-01-20 17:46:54.372 32007-32007 VRI[VideoP...y]@4e39a44 com.rpeters.jellyfin                 I  ViewPostIme pointer 1
2026-01-20 17:46:54.383 32007-32007 View                    com.rpeters.jellyfin                 I  setRequestedFrameRate frameRate=NaN, this=androidx.compose.ui.platform.AndroidComposeView{6ca2461 VFED..... ......ID 0,0-3120,1440 aid=1073741824}, caller=android.view.ViewGroup.setRequestedFrameRate:10045 androidx.compose.ui.platform.Api35Impl.setRequestedFrameRate:3822 androidx.compose.ui.platform.AndroidComposeView.dispatchDraw:2114 android.view.View.draw:26758 android.view.View.updateDisplayListIfDirty:25577 
2026-01-20 17:46:54.383 32007-32007 View                    com.rpeters.jellyfin                 I  setRequestedFrameRate frameRate=NaN, this=android.view.View{4101901 V.ED..... ........ 0,0-0,0}, caller=androidx.compose.ui.platform.Api35Impl.setRequestedFrameRate:3822 androidx.compose.ui.platform.AndroidComposeView.dispatchDraw:2115 android.view.View.draw:26758 android.view.View.updateDisplayListIfDirty:25577 android.view.ViewGroup.recreateChildDisplayList:4881 
2026-01-20 17:46:54.387 32007-32007 View                    com.rpeters.jellyfin                 I  setRequestedFrameRate frameRate=NaN, this=androidx.compose.ui.platform.AndroidComposeView{6ca2461 VFED..... ........ 0,0-3120,1440 aid=1073741824}, caller=android.view.ViewGroup.setRequestedFrameRate:10045 androidx.compose.ui.platform.Api35Impl.setRequestedFrameRate:3822 androidx.compose.ui.platform.AndroidComposeView.dispatchDraw:2114 android.view.View.draw:26758 android.view.View.updateDisplayListIfDirty:25577 
2026-01-20 17:46:54.388 32007-32007 View                    com.rpeters.jellyfin                 I  setRequestedFrameRate frameRate=NaN, this=android.view.View{4101901 V.ED..... ........ 0,0-0,0}, caller=androidx.compose.ui.platform.Api35Impl.setRequestedFrameRate:3822 androidx.compose.ui.platform.AndroidComposeView.dispatchDraw:2115 android.view.View.draw:26758 android.view.View.updateDisplayListIfDirty:25577 android.view.ViewGroup.recreateChildDisplayList:4881 
2026-01-20 17:46:54.725 32007-32007 View                    com.rpeters.jellyfin                 I  setRequestedFrameRate frameRate=NaN, this=androidx.compose.ui.platform.AndroidComposeView{6ca2461 VFED..... ........ 0,0-3120,1440 aid=1073741824}, caller=android.view.ViewGroup.setRequestedFrameRate:10045 androidx.compose.ui.platform.Api35Impl.setRequestedFrameRate:3822 androidx.compose.ui.platform.AndroidComposeView.dispatchDraw:2114 android.view.View.draw:26758 android.view.View.updateDisplayListIfDirty:25577 
2026-01-20 17:46:54.725 32007-32007 View                    com.rpeters.jellyfin                 I  setRequestedFrameRate frameRate=NaN, this=android.view.View{4101901 V.ED..... ........ 0,0-0,0}, caller=androidx.compose.ui.platform.Api35Impl.setRequestedFrameRate:3822 androidx.compose.ui.platform.AndroidComposeView.dispatchDraw:2115 android.view.View.draw:26758 android.view.View.updateDisplayListIfDirty:25577 android.view.ViewGroup.recreateChildDisplayList:4881 
2026-01-20 17:46:57.374 32007-32007 VRI[VideoP...y]@4e39a44 com.rpeters.jellyfin                 I  call setFrameRateCategory for touch hint category=no preference, reason=boost timeout, vri=VRI[VideoPlayerActivity]@4e39a44
2026-01-20 17:46:57.650 32007-32047 PipelineWatcher         com.rpeters.jellyfin                 D  onInputBufferReleased: frameIndex not found (628); ignored
2026-01-20 17:46:58.688 32007-32047 AidlBufferPool          com.rpeters.jellyfin                 D  bufferpool2 0xb400007313d8ad28 : 11(92274688 size) total buffers - 11(92274688 size) used buffers - 651/662 (recycle/alloc) - 11/662 (fetch/transfer)
2026-01-20 17:46:59.215 32007-32462 AidlBufferPool          com.rpeters.jellyfin                 D  bufferpool2 0xb400007313d7e648 : 5(28800 size) total buffers - 1(5760 size) used buffers - 1401/1406 (recycle/alloc) - 5/2808 (fetch/transfer)
2026-01-20 17:47:00.368 32007-32043 OkHttpClient            com.rpeters.jellyfin                 I  POST https://rpeters1428.huron.usbx.me/jellyfin/Sessions/Playing/Progress
2026-01-20 17:47:00.521 32007-32007 PlaybackProgressManager com.rpeters.jellyfin                 D  Reported progress at 0ms for bbe3eb1e-be4b-32b3-00fd-4c895ffd935c
2026-01-20 17:47:02.464 32007-32007 VRI[VideoP...y]@4e39a44 com.rpeters.jellyfin                 I  ViewPostIme pointer 0
2026-01-20 17:47:02.466 32007-32007 VRI[VideoP...y]@4e39a44 com.rpeters.jellyfin                 I  call setFrameRateCategory for touch hint category=high hint, reason=touch, vri=VRI[VideoPlayerActivity]@4e39a44
2026-01-20 17:47:02.580 32007-32007 VRI[VideoP...y]@4e39a44 com.rpeters.jellyfin                 I  ViewPostIme pointer 1
2026-01-20 17:47:02.613 32007-32007 View                    com.rpeters.jellyfin                 I  setRequestedFrameRate frameRate=NaN, this=androidx.compose.ui.platform.AndroidComposeView{6ca2461 VFED..... ......ID 0,0-3120,1440 aid=1073741824}, caller=android.view.ViewGroup.setRequestedFrameRate:10045 androidx.compose.ui.platform.Api35Impl.setRequestedFrameRate:3822 androidx.compose.ui.platform.AndroidComposeView.dispatchDraw:2114 android.view.View.draw:26758 android.view.View.updateDisplayListIfDirty:25577 
2026-01-20 17:47:02.613 32007-32007 View                    com.rpeters.jellyfin                 I  setRequestedFrameRate frameRate=-4.0, this=android.view.View{4101901 V.ED..... ........ 0,0-0,0}, caller=androidx.compose.ui.platform.Api35Impl.setRequestedFrameRate:3822 androidx.compose.ui.platform.AndroidComposeView.dispatchDraw:2115 android.view.View.draw:26758 android.view.View.updateDisplayListIfDirty:25577 android.view.ViewGroup.recreateChildDisplayList:4881 
2026-01-20 17:47:02.618 32007-32007 View                    com.rpeters.jellyfin                 I  setRequestedFrameRate frameRate=NaN, this=androidx.compose.ui.platform.AndroidComposeView{6ca2461 VFED..... ........ 0,0-3120,1440 aid=1073741824}, caller=android.view.ViewGroup.setRequestedFrameRate:10045 androidx.compose.ui.platform.Api35Impl.setRequestedFrameRate:3822 androidx.compose.ui.platform.AndroidComposeView.dispatchDraw:2114 android.view.View.draw:26758 android.view.View.updateDisplayListIfDirty:25577 
2026-01-20 17:47:02.618 32007-32007 View                    com.rpeters.jellyfin                 I  setRequestedFrameRate frameRate=NaN, this=android.view.View{4101901 V.ED..... ........ 0,0-0,0}, caller=androidx.compose.ui.platform.Api35Impl.setRequestedFrameRate:3822 androidx.compose.ui.platform.AndroidComposeView.dispatchDraw:2115 android.view.View.draw:26758 android.view.View.updateDisplayListIfDirty:25577 android.view.ViewGroup.recreateChildDisplayList:4881 
2026-01-20 17:47:02.955 32007-32007 View                    com.rpeters.jellyfin                 I  setRequestedFrameRate frameRate=NaN, this=androidx.compose.ui.platform.AndroidComposeView{6ca2461 VFED..... ........ 0,0-3120,1440 aid=1073741824}, caller=android.view.ViewGroup.setRequestedFrameRate:10045 androidx.compose.ui.platform.Api35Impl.setRequestedFrameRate:3822 androidx.compose.ui.platform.AndroidComposeView.dispatchDraw:2114 android.view.View.draw:26758 android.view.View.updateDisplayListIfDirty:25577 
2026-01-20 17:47:02.955 32007-32007 View                    com.rpeters.jellyfin                 I  setRequestedFrameRate frameRate=NaN, this=android.view.View{4101901 V.ED..... ........ 0,0-0,0}, caller=androidx.compose.ui.platform.Api35Impl.setRequestedFrameRate:3822 androidx.compose.ui.platform.AndroidComposeView.dispatchDraw:2115 android.view.View.draw:26758 android.view.View.updateDisplayListIfDirty:25577 android.view.ViewGroup.recreateChildDisplayList:4881 
2026-01-20 17:47:04.189 32007-32449 AidlBufferPool          com.rpeters.jellyfin                 D  bufferpool2 0xb400007313d8ad28 : 11(92274688 size) total buffers - 10(83886080 size) used buffers - 788/799 (recycle/alloc) - 11/795 (fetch/transfer)
2026-01-20 17:47:04.203 32007-32007 VRI[VideoP...y]@4e39a44 com.rpeters.jellyfin                 I  ViewPostIme pointer 0
2026-01-20 17:47:04.268 32007-32007 VRI[VideoP...y]@4e39a44 com.rpeters.jellyfin                 I  ViewPostIme pointer 1
2026-01-20 17:47:04.272 32007-32462 AidlBufferPool          com.rpeters.jellyfin                 D  bufferpool2 0xb400007313d7e648 : 5(28800 size) total buffers - 1(5760 size) used buffers - 1654/1659 (recycle/alloc) - 5/3314 (fetch/transfer)
2026-01-20 17:47:04.278  2941-7679  AppOps                  system_server                        E  attributionTag  not declared in manifest of com.rpeters.jellyfin
2026-01-20 17:47:04.279  2941-5436  AppOps                  system_server                        E  attributionTag  not declared in manifest of com.rpeters.jellyfin
2026-01-20 17:47:04.289 32007-32007 View                    com.rpeters.jellyfin                 I  setRequestedFrameRate frameRate=NaN, this=androidx.compose.ui.platform.AndroidComposeView{6ca2461 VFED..... ........ 0,0-3120,1440 aid=1073741824}, caller=android.view.ViewGroup.setRequestedFrameRate:10045 androidx.compose.ui.platform.Api35Impl.setRequestedFrameRate:3822 androidx.compose.ui.platform.AndroidComposeView.dispatchDraw:2114 android.view.View.draw:26758 android.view.View.updateDisplayListIfDirty:25577 
2026-01-20 17:47:04.289 32007-32007 View                    com.rpeters.jellyfin                 I  setRequestedFrameRate frameRate=NaN, this=android.view.View{4101901 V.ED..... ........ 0,0-0,0}, caller=androidx.compose.ui.platform.Api35Impl.setRequestedFrameRate:3822 androidx.compose.ui.platform.AndroidComposeView.dispatchDraw:2115 android.view.View.draw:26758 android.view.View.updateDisplayListIfDirty:25577 android.view.ViewGroup.recreateChildDisplayList:4881 
2026-01-20 17:47:04.290 32007-32007 VRI[MainAc...ty]@9fe33e com.rpeters.jellyfin                 I  handleAppVisibility mAppVisible = false visible = true
2026-01-20 17:47:04.291 32007-32007 VRI[MainAc...ty]@9fe33e com.rpeters.jellyfin                 I  stopped(false) old = true
2026-01-20 17:47:04.291 32007-32007 VRI[MainAc...ty]@9fe33e com.rpeters.jellyfin                 D  WindowStopped on com.rpeters.jellyfin/com.rpeters.jellyfin.MainActivity set to false
2026-01-20 17:47:04.292 32007-32007 WindowOnBackDispatcher  com.rpeters.jellyfin                 D  setTopOnBackInvokedCallback (unwrapped): androidx.navigationevent.OnBackInvokedInput$createOnBackAnimationCallback$1@c725129
2026-01-20 17:47:04.292 32007-32058 perf_hint               com.rpeters.jellyfin                 E  Session ID too large, must fit 32-bit integer
