2026-01-19 21:22:54.710  5234-5397  CCodecBufferChannel     com.rpeters.jellyfin                 D  [c2.goldfish.h264.decoder#773] Created input block pool with allocatorID 16 => poolID 17 - OK (0)
2026-01-19 21:22:54.712  5234-5397  CCodecBufferChannel     com.rpeters.jellyfin                 D  [c2.goldfish.h264.decoder#773] Query output surface allocator returned 0 params => BAD_INDEX (6)
2026-01-19 21:22:54.713  5234-5397  CCodecBufferChannel     com.rpeters.jellyfin                 I  [c2.goldfish.h264.decoder#773] Created output block pool with allocatorID 18 => poolID 19 - OK
2026-01-19 21:22:54.714  5234-5397  CCodecBufferChannel     com.rpeters.jellyfin                 D  [c2.goldfish.h264.decoder#773] Configured output block pool ids 19 => OK
2026-01-19 21:22:54.714  5234-5397  Codec2-Out...ufferQueue com.rpeters.jellyfin                 D  remote graphic buffer migration 0/0
2026-01-19 21:22:54.716  5234-5397  Codec2Client            com.rpeters.jellyfin                 D  setOutputSurface -- failed to set consumer usage (6/BAD_INDEX)
2026-01-19 21:22:54.716  5234-5397  Codec2Client            com.rpeters.jellyfin                 D  setOutputSurface -- generation=5359617 consumer usage=0x900
2026-01-19 21:22:54.728  5234-5397  Codec2Client            com.rpeters.jellyfin                 D  Surface configure completed
2026-01-19 21:22:54.729  5234-5397  DMABUFHEAPS             com.rpeters.jellyfin                 I  Using DMA-BUF heap named: system
2026-01-19 21:22:55.467  5234-5397  CCodecConfig            com.rpeters.jellyfin                 D  c2 config diff is   c2::u32 raw.color.matrix = 1
                                                                                                      c2::u32 raw.color.primaries = 1
                                                                                                      c2::u32 raw.color.transfer = 3
                                                                                                      c2::u32 raw.crop.height = 1080
                                                                                                      c2::u32 raw.crop.left = 0
                                                                                                      c2::u32 raw.crop.top = 0
                                                                                                      c2::u32 raw.crop.width = 1920
2026-01-19 21:22:55.828  5234-5388  peters.jellyfin         com.rpeters.jellyfin                 I  hiddenapi: Accessing hidden method Landroid/media/AudioTrack;->getLatency()I (runtime_flags=0, domain=platform, api=unsupported) from Landroidx/media3/exoplayer/audio/AudioTrackPositionTracker; (domain=app, TargetSdkVersion=35) using reflection: allowed
2026-01-19 21:22:56.452  5234-5234  MediaRouter             com.rpeters.jellyfin                 D  onRestoreRoute() : route=RouteInfo{ name=Phone, description=null, status=null, category=RouteCategory{ name=System types=ROUTE_TYPE_LIVE_AUDIO ROUTE_TYPE_LIVE_VIDEO  groupable=false }, supportedTypes=ROUTE_TYPE_LIVE_AUDIO ROUTE_TYPE_LIVE_VIDEO , presentationDisplay=null }
2026-01-19 21:22:56.453  5234-5234  MediaRouter             com.rpeters.jellyfin                 V  Selecting route: RouteInfo{ name=Phone, description=null, status=null, category=RouteCategory{ name=System types=ROUTE_TYPE_LIVE_AUDIO ROUTE_TYPE_LIVE_VIDEO  groupable=false }, supportedTypes=ROUTE_TYPE_LIVE_AUDIO ROUTE_TYPE_LIVE_VIDEO , presentationDisplay=null }
2026-01-19 21:22:56.454   818-839   AppOps                  system_server                        E  attributionTag  not declared in manifest of com.rpeters.jellyfin
2026-01-19 21:22:56.455   818-1988  AppOps                  system_server                        E  attributionTag  not declared in manifest of com.rpeters.jellyfin
2026-01-19 21:22:56.511  5234-5319  OkHttpClient            com.rpeters.jellyfin                 I  POST https://rpeters1428.huron.usbx.me/jellyfin/Sessions/Playing
2026-01-19 21:22:56.658  5234-5319  PlaybackProgressManager com.rpeters.jellyfin                 D  Reported playback start for: 311c0e9b-bf71-e9cb-d42e-0e18214c20bb
2026-01-19 21:22:57.637  5234-5240  peters.jellyfin         com.rpeters.jellyfin                 I  JIT allocated 50KB for stack maps of void com.rpeters.jellyfin.ui.player.VideoPlayerScreenKt.VideoControlsOverlay(com.rpeters.jellyfin.ui.player.VideoPlayerState, kotlin.jvm.functions.Function0, kotlin.jvm.functions.Function1, kotlin.jvm.functions.Function1, kotlin.jvm.functions.Function1, kotlin.jvm.functions.Function1, kotlin.jvm.functions.Function0, kotlin.jvm.functions.Function0, kotlin.jvm.functions.Function0, kotlin.jvm.functions.Function0, kotlin.jvm.functions.Function0, kotlin.jvm.functions.Function0, boolean, kotlin.jvm.functions.Function1, boolean, kotlin.jvm.functions.Function1, boolean, kotlin.jvm.functions.Function1, boolean, com.rpeters.jellyfin.ui.player.VideoPlayerColors, boolean, androidx.compose.ui.Modifier, androidx.compose.runtime.Composer, int, int, int, int)
2026-01-19 21:22:57.637  5234-5240  peters.jellyfin         com.rpeters.jellyfin                 I  Compiler allocated 19MB to compile void com.rpeters.jellyfin.ui.player.VideoPlayerScreenKt.VideoControlsOverlay(com.rpeters.jellyfin.ui.player.VideoPlayerState, kotlin.jvm.functions.Function0, kotlin.jvm.functions.Function1, kotlin.jvm.functions.Function1, kotlin.jvm.functions.Function1, kotlin.jvm.functions.Function1, kotlin.jvm.functions.Function0, kotlin.jvm.functions.Function0, kotlin.jvm.functions.Function0, kotlin.jvm.functions.Function0, kotlin.jvm.functions.Function0, kotlin.jvm.functions.Function0, boolean, kotlin.jvm.functions.Function1, boolean, kotlin.jvm.functions.Function1, boolean, kotlin.jvm.functions.Function1, boolean, com.rpeters.jellyfin.ui.player.VideoPlayerColors, boolean, androidx.compose.ui.Modifier, androidx.compose.runtime.Composer, int, int, int, int)
2026-01-19 21:22:58.317  5234-5240  peters.jellyfin         com.rpeters.jellyfin                 I  Compiler allocated 14MB to compile void com.rpeters.jellyfin.ui.player.VideoPlayerScreenKt.VideoPlayerScreen(com.rpeters.jellyfin.ui.player.VideoPlayerState, kotlin.jvm.functions.Function0, kotlin.jvm.functions.Function1, kotlin.jvm.functions.Function1, kotlin.jvm.functions.Function1, kotlin.jvm.functions.Function1, kotlin.jvm.functions.Function0, kotlin.jvm.functions.Function0, kotlin.jvm.functions.Function0, kotlin.jvm.functions.Function0, kotlin.jvm.functions.Function1, kotlin.jvm.functions.Function1, kotlin.jvm.functions.Function0, kotlin.jvm.functions.Function0, kotlin.jvm.functions.Function0, kotlin.jvm.functions.Function1, kotlin.jvm.functions.Function1, kotlin.jvm.functions.Function0, kotlin.jvm.functions.Function1, kotlin.jvm.functions.Function0, kotlin.jvm.functions.Function0, kotlin.jvm.functions.Function0, kotlin.jvm.functions.Function1, androidx.media3.exoplayer.ExoPlayer, boolean, androidx.compose.ui.Modifier, androidx.compose.runtime.Composer, int, int, int, int)
2026-01-19 21:22:59.962  5234-5397  BufferPoolAccessor2.0   com.rpeters.jellyfin                 D  bufferpool2 0x7ce87ac5cce8 : 5(31457280 size) total buffers - 4(25165824 size) used buffers - 113/118 (recycle/alloc) - 5/117 (fetch/transfer)
2026-01-19 21:23:01.447  5234-5350  OkHttpClient            com.rpeters.jellyfin                 I  POST https://rpeters1428.huron.usbx.me/jellyfin/Sessions/Playing/Progress
2026-01-19 21:23:01.570  5234-5234  PlaybackProgressManager com.rpeters.jellyfin                 D  Reported progress at 1784974ms for 311c0e9b-bf71-e9cb-d42e-0e18214c20bb
2026-01-19 21:23:01.742  5234-5241  peters.jellyfin         com.rpeters.jellyfin                 I  Background young concurrent mark compact GC freed 1540KB AllocSpace bytes, 12(996KB) LOS objects, 6% free, 34MB/37MB, paused 6.511ms,3.647ms total 51.820ms
2026-01-19 21:23:01.990  5234-5350  OkHttpClient            com.rpeters.jellyfin                 I  POST https://rpeters1428.huron.usbx.me/jellyfin/Sessions/Playing/Progress
2026-01-19 21:23:02.113  5234-5350  PlaybackProgressManager com.rpeters.jellyfin                 D  Reported progress at 1785976ms for 311c0e9b-bf71-e9cb-d42e-0e18214c20bb
2026-01-19 21:23:05.053  5234-5234  MainThreadMonitor       com.rpeters.jellyfin                 W  Main thread delayed by 32ms - frame drops possible
2026-01-19 21:23:05.053  5234-5234  MainThreadMonitor       com.rpeters.jellyfin                 W  Main thread delayed by 32ms - frame drops possible
2026-01-19 21:23:05.054  5234-5234  MainThreadMonitor       com.rpeters.jellyfin                 W  Main thread delayed by 33ms - frame drops possible
2026-01-19 21:23:05.054  5234-5234  MainThreadMonitor       com.rpeters.jellyfin                 W  Main thread delayed by 33ms - frame drops possible
2026-01-19 21:23:05.062  5234-5396  BufferPoolAccessor2.0   com.rpeters.jellyfin                 D  bufferpool2 0x7ce87ac5cce8 : 5(31457280 size) total buffers - 4(25165824 size) used buffers - 235/240 (recycle/alloc) - 5/240 (fetch/transfer)
2026-01-19 21:23:06.595   818-839   AppOps                  system_server                        E  attributionTag  not declared in manifest of com.rpeters.jellyfin
2026-01-19 21:23:06.597   818-839   AppOps                  system_server                        E  attributionTag  not declared in manifest of com.rpeters.jellyfin
2026-01-19 21:23:06.641  5234-5234  WindowOnBackDispatcher  com.rpeters.jellyfin                 D  setTopOnBackInvokedCallback (unwrapped): androidx.navigationevent.OnBackInvokedInput$createOnBackAnimationCallback$1@c0f68b5
2026-01-19 21:23:06.803  5234-5234  InsetsController        com.rpeters.jellyfin                 D  hide(ime())
2026-01-19 21:23:06.803  5234-5234  ImeTracker              com.rpeters.jellyfin                 I  com.rpeters.jellyfin:5a476173: onCancelled at PHASE_CLIENT_ALREADY_HIDDEN
2026-01-19 21:23:07.220  5234-5234  VRI[VideoP...rActivity] com.rpeters.jellyfin                 D  visibilityChanged oldVisibility=true newVisibility=false
2026-01-19 21:23:07.268  5234-5396  SurfaceUtils            com.rpeters.jellyfin                 D  connecting to surface 0x7ce7bac85c50, reason connectToSurface
2026-01-19 21:23:07.268  5234-5396  MediaCodec              com.rpeters.jellyfin                 I  [c2.goldfish.h264.decoder] setting surface generation to 5359618
2026-01-19 21:23:07.268  5234-5396  SurfaceUtils            com.rpeters.jellyfin                 D  disconnecting from surface 0x7ce7bac85c50, reason connectToSurface(reconnect)
2026-01-19 21:23:07.269  5234-5396  SurfaceUtils            com.rpeters.jellyfin                 D  connecting to surface 0x7ce7bac85c40, reason connectToSurface(reconnect-with-listener)
2026-01-19 21:23:07.271  5234-5396  Codec2-Out...ufferQueue com.rpeters.jellyfin                 D  remote graphic buffer migration 12/12
2026-01-19 21:23:07.271  5234-5396  Codec2Client            com.rpeters.jellyfin                 D  setOutputSurface -- failed to set consumer usage (6/BAD_INDEX)
2026-01-19 21:23:07.271  5234-5396  Codec2Client            com.rpeters.jellyfin                 D  setOutputSurface -- generation=5359618 consumer usage=0x900
2026-01-19 21:23:07.279  5234-5396  Codec2Client            com.rpeters.jellyfin                 D  Surface configure completed
2026-01-19 21:23:07.279  5234-5396  SurfaceUtils            com.rpeters.jellyfin                 D  disconnecting from surface 0x7ce7bac652e0, reason disconnectFromSurface
2026-01-19 21:23:07.377  5234-5234  LeakCanary              com.rpeters.jellyfin                 D  Watching instance of androidx.fragment.app.FragmentManagerViewModel (androidx.fragment.app.FragmentManagerViewModel received ViewModel#onCleared() callback) with key dab0efb2-fa2c-45fb-962c-7e51aadded3c
2026-01-19 21:23:07.378  5234-5234  LeakCanary              com.rpeters.jellyfin                 D  Watching instance of dagger.hilt.android.internal.managers.ActivityRetainedComponentManager$ActivityRetainedComponentViewModel (dagger.hilt.android.internal.managers.ActivityRetainedComponentManager$ActivityRetainedComponentViewModel received ViewModel#onCleared() callback) with key ff591745-a90a-48b1-bf76-42cc41936698
2026-01-19 21:23:07.378  5234-5234  LeakCanary              com.rpeters.jellyfin                 D  Watching instance of leakcanary.internal.ViewModelClearedWatcher (leakcanary.internal.ViewModelClearedWatcher received ViewModel#onCleared() callback) with key 817f32ff-9ccd-4b50-aa53-3602b3ec2897
2026-01-19 21:23:07.379  5234-5234  LeakCanary              com.rpeters.jellyfin                 D  Watching instance of androidx.lifecycle.SavedStateHandlesVM (androidx.lifecycle.SavedStateHandlesVM received ViewModel#onCleared() callback) with key 6f15b6a2-f4fe-4197-b07c-f4255472dd5d
2026-01-19 21:23:07.380  5234-5234  LeakCanary              com.rpeters.jellyfin                 D  Watching instance of com.rpeters.jellyfin.ui.player.VideoPlayerViewModel (com.rpeters.jellyfin.ui.player.VideoPlayerViewModel received ViewModel#onCleared() callback) with key 4415a171-66dd-40f9-ae18-2fdc0e1c9637
2026-01-19 21:23:07.380  5234-5234  LeakCanary              com.rpeters.jellyfin                 D  Watching instance of androidx.compose.ui.platform.LifecycleRetainedValuesStoreOwner (androidx.compose.ui.platform.LifecycleRetainedValuesStoreOwner received ViewModel#onCleared() callback) with key a99ffdbc-cf6e-45c0-b207-2907f214ab13
2026-01-19 21:23:07.389  5234-5234  ExoPlayerImpl           com.rpeters.jellyfin                 I  Release bbc49d0 [AndroidXMedia3/1.9.0] [emu64xa, sdk_gphone64_x86_64, Google, 36] [media3.common, media3.session, media3.exoplayer, media3.decoder, media3.ui, media3.datasource, media3.extractor, media3.decoder.ffmpeg]
2026-01-19 21:23:07.391  5234-5388  MediaCodec              com.rpeters.jellyfin                 D  keep callback message for reclaim
2026-01-19 21:23:07.392  5234-5396  CCodecConfig            com.rpeters.jellyfin                 I  query failed after returning 12 values (BAD_INDEX)
2026-01-19 21:23:07.392  5234-5396  CCodecConfig            com.rpeters.jellyfin                 D  c2 config diff is   c2::u32 coded.vui.color.matrix = 1
                                                                                                      c2::u32 coded.vui.color.primaries = 1
                                                                                                      c2::u32 coded.vui.color.transfer = 3
2026-01-19 21:23:07.393  5234-5396  Codec2Client            com.rpeters.jellyfin                 W  query -- param skipped: index = 1342179345.
2026-01-19 21:23:07.394  5234-5396  Codec2Client            com.rpeters.jellyfin                 W  query -- param skipped: index = 2415921170.
2026-01-19 21:23:07.394  5234-5396  Codec2Client            com.rpeters.jellyfin                 W  query -- param skipped: index = 1610614798.
2026-01-19 21:23:07.401  5234-5396  MediaCodec              com.rpeters.jellyfin                 I  [c2.goldfish.h264.decoder] connecting to the same surface. Nothing to do.
2026-01-19 21:23:07.401  5234-5396  CCodecBufferChannel     com.rpeters.jellyfin                 D  [c2.goldfish.h264.decoder#773] MediaCodec discarded an unknown buffer
2026-01-19 21:23:07.403  5234-5396  CCodecBufferChannel     com.rpeters.jellyfin                 D  [c2.goldfish.h264.decoder#773] MediaCodec discarded an unknown buffer
2026-01-19 21:23:07.425  5234-5396  CCodecBufferChannel     com.rpeters.jellyfin                 D  [c2.goldfish.h264.decoder#773] MediaCodec discarded an unknown buffer
2026-01-19 21:23:07.425  5234-5396  CCodecBufferChannel     com.rpeters.jellyfin                 D  [c2.goldfish.h264.decoder#773] MediaCodec discarded an unknown buffer
2026-01-19 21:23:07.427  5234-5396  SurfaceUtils            com.rpeters.jellyfin                 D  disconnecting from surface 0x7ce7bac85c50, reason disconnectFromSurface
2026-01-19 21:23:07.434  5234-5397  AMessage                com.rpeters.jellyfin                 W  failed to deliver message as target handler 1 is gone.
2026-01-19 21:23:07.439  5234-5234  LeakCanary              com.rpeters.jellyfin                 D  Watching instance of androidx.lifecycle.ReportFragment (androidx.lifecycle.ReportFragment received Fragment#onDestroy() callback) with key 63e9d9fc-241a-41be-977f-8737b13aa38b
2026-01-19 21:23:07.439  5234-5234  LeakCanary              com.rpeters.jellyfin                 D  Watching instance of com.rpeters.jellyfin.ui.player.VideoPlayerActivity (com.rpeters.jellyfin.ui.player.VideoPlayerActivity received Activity#onDestroy() callback) with key 0e82cf19-b6d1-4cbd-a78f-f278611e9137
2026-01-19 21:23:07.439  5234-5234  WindowOnBackDispatcher  com.rpeters.jellyfin                 D  setTopOnBackInvokedCallback (unwrapped): null
2026-01-19 21:23:07.441  5234-5396  hw-BpHwBinder           com.rpeters.jellyfin                 I  onLastStrongRef automatically unlinking death recipients
2026-01-19 21:23:07.454  5234-5234  ViewRootImpl            com.rpeters.jellyfin                 D  Skipping stats log for color mode
2026-01-19 21:23:12.406  5234-5311  peters.jellyfin         com.rpeters.jellyfin                 W  Cleared Reference was only reachable from finalizer (only reported once)
2026-01-19 21:23:12.433  5234-5311  peters.jellyfin         com.rpeters.jellyfin                 I  Explicit concurrent mark compact GC freed 3484KB AllocSpace bytes, 563(36MB) LOS objects, 49% free, 13MB/26MB, paused 2.580ms,2.523ms total 53.181ms
2026-01-19 21:23:12.727  5234-5400  BufferPoolAccessor2.0   com.rpeters.jellyfin                 D  bufferpool2 0x7ce87ac5cce8 : 0(0 size) total buffers - 0(0 size) used buffers - 278/283 (recycle/alloc) - 5/280 (fetch/transfer)
2026-01-19 21:23:12.727  5234-5400  BufferPoolAccessor2.0   com.rpeters.jellyfin                 D  evictor expired: 1, evicted: 1
2026-01-19 21:23:22.256  5234-5234  WindowOnBackDispatcher  com.rpeters.jellyfin                 D  setTopOnBackInvokedCallback (unwrapped): android.app.Activity$$ExternalSyntheticLambda0@cfb56d7
2026-01-19 21:23:22.423  5234-5234  RealImageLoader         com.rpeters.jellyfin                 I  🧠 Successful (MEMORY_CACHE) - https://rpeters1428.huron.usbx.me/jellyfin/Items/311c0e9b-bf71-e9cb-d42e-0e18214c20bb/Images/Primary?maxHeight=400&maxWidth=400
2026-01-19 21:23:22.435  5234-5234  RealImageLoader         com.rpeters.jellyfin                 I  🧠 Successful (MEMORY_CACHE) - https://rpeters1428.huron.usbx.me/jellyfin/Items/58dd7e72-73fc-4464-8231-67a5c9a6febc/Images/Primary?maxHeight=400&maxWidth=400
2026-01-19 21:23:22.450  5234-5234  RealImageLoader         com.rpeters.jellyfin                 I  🧠 Successful (MEMORY_CACHE) - https://rpeters1428.huron.usbx.me/jellyfin/Items/7fac6adb-62d7-5ddd-8223-dd5acf3358bc/Images/Primary?maxHeight=400&maxWidth=400
2026-01-19 21:23:22.475  5234-5234  RealImageLoader         com.rpeters.jellyfin                 I  🧠 Successful (MEMORY_CACHE) - https://rpeters1428.huron.usbx.me/jellyfin/Items/f137a2dd-21bb-c1b9-9aa5-c0f6bf02a805/Images/Primary?maxHeight=400&maxWidth=400
2026-01-19 21:23:22.478  5234-5234  RealImageLoader         com.rpeters.jellyfin                 I  🧠 Successful (MEMORY_CACHE) - https://rpeters1428.huron.usbx.me/jellyfin/Items/a656b907-eb3a-7353-2e40-e44b968d0225/Images/Primary?maxHeight=400&maxWidth=400
2026-01-19 21:23:22.480  5234-5234  RealImageLoader         com.rpeters.jellyfin                 I  🧠 Successful (MEMORY_CACHE) - https://rpeters1428.huron.usbx.me/jellyfin/Items/db4f9179-ea8e-4d2b-273b-bca868a2dc47/Images/Primary?maxHeight=400&maxWidth=400
2026-01-19 21:23:22.494  5234-5370  OkHttp                  com.rpeters.jellyfin                 I  --> GET https://rpeters1428.huron.usbx.me/jellyfin/Items/1071671e-7bff-a053-2e93-0debee501d2e/Images/Primary?maxHeight=400&maxWidth=400
2026-01-19 21:23:22.559  5234-5234  HomeScreen              com.rpeters.jellyfin                 D  Waiting for server connection before loading data
2026-01-19 21:23:22.587  5234-5234  HomeScreen              com.rpeters.jellyfin                 D  Current server available, loading initial data for: rpeters1428
2026-01-19 21:23:22.607  5234-5351  OkHttpClient            com.rpeters.jellyfin                 I  GET https://rpeters1428.huron.usbx.me/jellyfin/Items?userId=c1b3b2bb-8e62-45b6-a7c4-f6645be8423a&limit=20&recursive=true&sortOrder=Descending&includeItemTypes=Movie&sortBy=DateCreated&enableTotalRecordCount=true&enableImages=true
2026-01-19 21:23:22.611  5234-5316  OkHttpClient            com.rpeters.jellyfin                 I  GET https://rpeters1428.huron.usbx.me/jellyfin/Items?userId=c1b3b2bb-8e62-45b6-a7c4-f6645be8423a&limit=20&recursive=true&sortOrder=Descending&includeItemTypes=Series&sortBy=DateCreated&enableTotalRecordCount=true&enableImages=true
2026-01-19 21:23:22.616  5234-5313  OkHttpClient            com.rpeters.jellyfin                 I  GET https://rpeters1428.huron.usbx.me/jellyfin/Items?userId=c1b3b2bb-8e62-45b6-a7c4-f6645be8423a&limit=20&recursive=true&sortOrder=Descending&includeItemTypes=Episode&sortBy=DateCreated&enableTotalRecordCount=true&enableImages=true
2026-01-19 21:23:22.635  5234-5370  OkHttp                  com.rpeters.jellyfin                 I  <-- 404 Not Found https://rpeters1428.huron.usbx.me/jellyfin/Items/1071671e-7bff-a053-2e93-0debee501d2e/Images/Primary?maxHeight=400&maxWidth=400 (139ms, unknown-length body)
2026-01-19 21:23:22.635  5234-5350  OkHttpClient            com.rpeters.jellyfin                 I  GET https://rpeters1428.huron.usbx.me/jellyfin/Items?userId=c1b3b2bb-8e62-45b6-a7c4-f6645be8423a&limit=20&recursive=true&sortOrder=Descending&includeItemTypes=AudioBook&sortBy=DateCreated&enableTotalRecordCount=true&enableImages=true
2026-01-19 21:23:22.636  5234-5312  OkHttpClient            com.rpeters.jellyfin                 I  GET https://rpeters1428.huron.usbx.me/jellyfin/Items?userId=c1b3b2bb-8e62-45b6-a7c4-f6645be8423a&includeItemTypes=CollectionFolder&enableTotalRecordCount=true&enableImages=true
2026-01-19 21:23:22.637  5234-5315  OkHttpClient            com.rpeters.jellyfin                 I  GET https://rpeters1428.huron.usbx.me/jellyfin/Items?userId=c1b3b2bb-8e62-45b6-a7c4-f6645be8423a&limit=50&recursive=true&sortOrder=Descending&includeItemTypes=Movie&includeItemTypes=Series&includeItemTypes=Episode&includeItemTypes=Audio&includeItemTypes=MusicAlbum&includeItemTypes=MusicArtist&includeItemTypes=Book&includeItemTypes=AudioBook&includeItemTypes=Video&sortBy=DateCreated&enableTotalRecordCount=true&enableImages=true
2026-01-19 21:23:22.639  5234-5319  OkHttpClient            com.rpeters.jellyfin                 I  GET https://rpeters1428.huron.usbx.me/jellyfin/Items?userId=c1b3b2bb-8e62-45b6-a7c4-f6645be8423a&limit=20&recursive=true&sortOrder=Descending&includeItemTypes=Book&sortBy=DateCreated&enableTotalRecordCount=true&enableImages=true
2026-01-19 21:23:22.647  5234-5358  OkHttpClient            com.rpeters.jellyfin                 I  GET https://rpeters1428.huron.usbx.me/jellyfin/Items?userId=c1b3b2bb-8e62-45b6-a7c4-f6645be8423a&limit=20&recursive=true&sortOrder=Descending&includeItemTypes=Movie&includeItemTypes=Episode&includeItemTypes=Video&filters=IsResumable&sortBy=DatePlayed&enableTotalRecordCount=true&enableImages=true
2026-01-19 21:23:22.648  5234-5351  OkHttpClient            com.rpeters.jellyfin                 I  GET https://rpeters1428.huron.usbx.me/jellyfin/Items?userId=c1b3b2bb-8e62-45b6-a7c4-f6645be8423a&limit=20&recursive=true&sortOrder=Descending&includeItemTypes=Audio&sortBy=DateCreated&enableTotalRecordCount=true&enableImages=true
2026-01-19 21:23:22.652  5234-5318  OkHttpClient            com.rpeters.jellyfin                 I  GET https://rpeters1428.huron.usbx.me/jellyfin/Items?userId=c1b3b2bb-8e62-45b6-a7c4-f6645be8423a&limit=20&recursive=true&sortOrder=Descending&includeItemTypes=Video&sortBy=DateCreated&enableTotalRecordCount=true&enableImages=true
2026-01-19 21:23:22.674  5234-5234  RealImageLoader         com.rpeters.jellyfin                 E  🚨 Failed - https://rpeters1428.huron.usbx.me/jellyfin/Items/1071671e-7bff-a053-2e93-0debee501d2e/Images/Primary?maxHeight=400&maxWidth=400
2026-01-19 21:23:22.674  5234-5234  RealImageLoader         com.rpeters.jellyfin                 E  coil3.network.HttpException: HTTP 404 (Fix with AI)
                                                                                                    	at coil3.network.NetworkFetcher$executeNetworkRequest$2.invokeSuspend(NetworkFetcher.kt:203)
                                                                                                    	at coil3.network.NetworkFetcher$executeNetworkRequest$2.invoke(Unknown Source:12)
                                                                                                    	at coil3.network.NetworkFetcher$executeNetworkRequest$2.invoke(Unknown Source:10)
                                                                                                    	at coil3.network.okhttp.internal.CallFactoryNetworkClient.executeRequest-impl(utils.kt:25)
                                                                                                    	at coil3.network.okhttp.internal.CallFactoryNetworkClient$executeRequest$1.invokeSuspend(Unknown Source:17)
                                                                                                    	at kotlin.coroutines.jvm.internal.BaseContinuationImpl.resumeWith(ContinuationImpl.kt:34)
                                                                                                    	at kotlinx.coroutines.DispatchedTask.run(DispatchedTask.kt:100)
                                                                                                    	at kotlinx.coroutines.internal.LimitedDispatcher$Worker.run(LimitedDispatcher.kt:124)
                                                                                                    	at kotlinx.coroutines.scheduling.TaskImpl.run(Tasks.kt:89)
                                                                                                    	at kotlinx.coroutines.scheduling.CoroutineScheduler.runSafely(CoroutineScheduler.kt:586)
                                                                                                    	at kotlinx.coroutines.scheduling.CoroutineScheduler$Worker.executeTask(CoroutineScheduler.kt:820)
                                                                                                    	at kotlinx.coroutines.scheduling.CoroutineScheduler$Worker.runWorker(CoroutineScheduler.kt:717)
                                                                                                    	at kotlinx.coroutines.scheduling.CoroutineScheduler$Worker.run(CoroutineScheduler.kt:704)
2026-01-19 21:23:23.038  5234-5240  peters.jellyfin         com.rpeters.jellyfin                 I  Compiler allocated 7069KB to compile java.lang.Object org.jellyfin.sdk.api.operations.ItemsApi.getItems(java.util.UUID, java.lang.String, java.lang.Boolean, java.lang.Boolean, java.lang.Boolean, java.lang.Boolean, java.lang.Boolean, java.util.UUID, java.lang.Integer, java.lang.Integer, java.lang.Boolean, java.lang.Boolean, java.lang.Boolean, java.util.Collection, java.util.Collection, java.lang.Boolean, java.lang.Boolean, java.lang.Double, java.lang.Double, java.time.LocalDateTime, java.time.LocalDateTime, java.time.LocalDateTime, java.time.LocalDateTime, java.lang.Boolean, java.lang.Boolean, java.lang.Boolean, java.lang.Boolean, java.lang.Boolean, java.lang.Boolean, java.lang.Boolean, java.lang.Boolean, java.lang.Boolean, java.util.Collection, java.lang.Integer, java.lang.Integer, java.lang.Boolean, java.lang.String, java.util.Collection, java.util.UUID, java.util.Collection, java.util.Collection, java.util.Collection, java.util.Collection, java.lang.Boolean, java.util.Collection, java.util.Collection, java.util.Collection, java.lang.Boolean, java.util.Collection, java.util.Collection, java.util.Collection, java.util.Collection, java.lang.Boolean, java.lang.Integer, java.util.Collection, java.lang.String, java.util.Collection, java.util.Collection, java.util.Collection, java.util.Collection, java.util.Collection, java.util.Collection, java.util.Collection, java.util.Collection, java.util.Collection, java.util.Collection, java.util.Collection, java.util.Collection, java.lang.String, java.lang.Boolean, java.lang.Boolean, java.lang.Boolean, java.lang.Boolean, java.lang.Integer, java.lang.Integer, java.lang.Integer, java.lang.Integer, java.lang.Boolean, java.util.Collection, java.lang.String, java.lang.String, java.lang.String, java.util.Collection, java.util.Collection, java.lang.Boolean, java.lang.Boolean, kotlin.coroutines.Continuation)
2026-01-19 21:24:09.927  5234-5234  RealImageLoader         com.rpeters.jellyfin                 I  🧠 Successful (MEMORY_CACHE) - https://rpeters1428.huron.usbx.me/jellyfin/Items/96b7c93e-77c2-8cd9-f2b3-f904a2814ca9/Images/Primary?maxHeight=400&maxWidth=400
2026-01-19 21:24:09.953  5234-5234  RealImageLoader         com.rpeters.jellyfin                 I  🧠 Successful (MEMORY_CACHE) - https://rpeters1428.huron.usbx.me/jellyfin/Items/470652d8-fd84-32cc-5393-e6c5f2f93a18/Images/Primary?maxHeight=400&maxWidth=400
2026-01-19 21:24:09.980  5234-5234  RealImageLoader         com.rpeters.jellyfin                 I  🧠 Successful (MEMORY_CACHE) - https://rpeters1428.huron.usbx.me/jellyfin/Items/7ab2506b-1e57-3af8-4f52-63d293464dcc/Images/Primary?maxHeight=400&maxWidth=400
2026-01-19 21:24:10.158  5234-5234  RealImageLoader         com.rpeters.jellyfin                 I  💾 Successful (DISK) - https://rpeters1428.huron.usbx.me/jellyfin/Items/51978f2b-b57e-58c7-fa66-388814687b38/Images/Primary?maxHeight=400&maxWidth=400
2026-01-19 21:24:10.333  5234-5234  RealImageLoader         com.rpeters.jellyfin                 I  💾 Successful (DISK) - https://rpeters1428.huron.usbx.me/jellyfin/Items/9a74269d-8f69-2b79-efd2-a3c3e0cd46c0/Images/Primary?maxHeight=400&maxWidth=400
2026-01-19 21:24:10.334  5234-5234  RealImageLoader         com.rpeters.jellyfin                 I  💾 Successful (DISK) - https://rpeters1428.huron.usbx.me/jellyfin/Items/c50600f6-8e30-6b38-d158-cdd53eb873d7/Images/Primary?maxHeight=400&maxWidth=400
2026-01-19 21:24:11.062  5234-5234  RealImageLoader         com.rpeters.jellyfin                 I  💾 Successful (DISK) - https://rpeters1428.huron.usbx.me/jellyfin/Items/d2dc6bd7-bdfd-f9ed-9b17-203de79d7287/Images/Primary?maxHeight=400&maxWidth=400
2026-01-19 21:24:11.089  5234-5240  peters.jellyfin         com.rpeters.jellyfin                 I  Compiler allocated 10MB to compile kotlin.Unit com.rpeters.jellyfin.ui.components.MediaCardsKt.PosterMediaCard_E1wUwNU$lambda$4(boolean, boolean, kotlin.jvm.functions.Function1, org.jellyfin.sdk.model.api.BaseItemDto, long, com.rpeters.jellyfin.ui.utils.EnhancedPlaybackUtils, androidx.compose.foundation.layout.ColumnScope, androidx.compose.runtime.Composer, int)
2026-01-19 21:24:11.096  5234-5234  RealImageLoader         com.rpeters.jellyfin                 I  🧠 Successful (MEMORY_CACHE) - https://rpeters1428.huron.usbx.me/jellyfin/Items/51978f2b-b57e-58c7-fa66-388814687b38/Images/Primary?maxHeight=400&maxWidth=400
2026-01-19 21:24:11.186  5234-5234  RealImageLoader         com.rpeters.jellyfin                 I  💾 Successful (DISK) - https://rpeters1428.huron.usbx.me/jellyfin/Items/b7f875a9-2aad-25b0-d4f6-119c30004c9b/Images/Primary?maxHeight=400&maxWidth=400
2026-01-19 21:24:11.706  5234-5234  RealImageLoader         com.rpeters.jellyfin                 I  💾 Successful (DISK) - https://rpeters1428.huron.usbx.me/jellyfin/Items/dae1d6bc-613a-acb1-cbcf-a0105a6337eb/Images/Primary?maxHeight=400&maxWidth=400
2026-01-19 21:24:11.784  5234-5234  RealImageLoader         com.rpeters.jellyfin                 I  💾 Successful (DISK) - https://rpeters1428.huron.usbx.me/jellyfin/Items/4fef46a5-c3a1-2c2e-35a5-67ab47af8d0a/Images/Primary?maxHeight=400&maxWidth=400
2026-01-19 21:24:11.924  5234-5234  RealImageLoader         com.rpeters.jellyfin                 I  💾 Successful (DISK) - https://rpeters1428.huron.usbx.me/jellyfin/Items/311c0e9b-bf71-e9cb-d42e-0e18214c20bb/Images/Primary?maxHeight=400&maxWidth=400
2026-01-19 21:24:12.024  5234-5234  RealImageLoader         com.rpeters.jellyfin                 I  💾 Successful (DISK) - https://rpeters1428.huron.usbx.me/jellyfin/Items/ab735e53-1160-4435-7b55-a336055db4d2/Images/Primary?maxHeight=400&maxWidth=400
2026-01-19 21:24:12.175  5234-5234  RealImageLoader         com.rpeters.jellyfin                 I  💾 Successful (DISK) - https://rpeters1428.huron.usbx.me/jellyfin/Items/de934377-1959-0705-ef9b-38eef3aa06e2/Images/Primary?maxHeight=400&maxWidth=400
2026-01-19 21:24:12.606  5234-5234  RealImageLoader         com.rpeters.jellyfin                 I  💾 Successful (DISK) - https://rpeters1428.huron.usbx.me/jellyfin/Items/f4b981d2-8df7-a1a9-87dc-23e5f69f3fd3/Images/Primary?maxHeight=400&maxWidth=400
2026-01-19 21:24:12.690  5234-5234  RealImageLoader         com.rpeters.jellyfin                 I  💾 Successful (DISK) - https://rpeters1428.huron.usbx.me/jellyfin/Items/69ea2bbe-086b-308f-7f09-808763b2ad43/Images/Primary?maxHeight=400&maxWidth=400
2026-01-19 21:24:13.380  5234-5234  RealImageLoader         com.rpeters.jellyfin                 I  💾 Successful (DISK) - https://rpeters1428.huron.usbx.me/jellyfin/Items/73389e0d-fe8f-2953-2528-3c43bc3fc917/Images/Primary?maxHeight=400&maxWidth=400
2026-01-19 21:24:14.288  5234-5234  RealImageLoader         com.rpeters.jellyfin                 I  💾 Successful (DISK) - https://rpeters1428.huron.usbx.me/jellyfin/Items/bbe3eb1e-be4b-32b3-00fd-4c895ffd935c/Images/Primary?maxHeight=400&maxWidth=400
2026-01-19 21:24:14.380  5234-5234  RealImageLoader         com.rpeters.jellyfin                 I  🧠 Successful (MEMORY_CACHE) - https://rpeters1428.huron.usbx.me/jellyfin/Items/bbe3eb1e-be4b-32b3-00fd-4c895ffd935c/Images/Primary?maxHeight=400&maxWidth=400
2026-01-19 21:24:15.336  5234-5234  WindowOnBackDispatcher  com.rpeters.jellyfin                 D  setTopOnBackInvokedCallback (unwrapped): androidx.navigationevent.OnBackInvokedInput$createOnBackAnimationCallback$1@c0f68b5
2026-01-19 21:24:15.401  5234-5234  OkHttpClient            com.rpeters.jellyfin                 I  GET https://rpeters1428.huron.usbx.me/jellyfin/Items?userId=c1b3b2bb-8e62-45b6-a7c4-f6645be8423a&limit=1&fields=Overview&fields=Genres&fields=People&fields=MediaSources&fields=MediaStreams&fields=DateCreated&fields=Studios&fields=Tags&fields=Chapters&ids=73389e0d-fe8f-2953-2528-3c43bc3fc917&enableTotalRecordCount=true&enableImages=true
2026-01-19 21:24:15.582  5234-5318  OkHttpClient            com.rpeters.jellyfin                 I  POST https://rpeters1428.huron.usbx.me/jellyfin/Items/73389e0d-fe8f-2953-2528-3c43bc3fc917/PlaybackInfo
2026-01-19 21:24:15.713  5234-5318  OkHttpClient            com.rpeters.jellyfin                 I  GET https://rpeters1428.huron.usbx.me/jellyfin/Items/73389e0d-fe8f-2953-2528-3c43bc3fc917/Similar?userId=c1b3b2bb-8e62-45b6-a7c4-f6645be8423a&limit=10&fields=PrimaryImageAspectRatio&fields=Overview&fields=Genres
2026-01-19 21:24:15.842  5234-5234  RealImageLoader         com.rpeters.jellyfin                 I  💾 Successful (DISK) - https://rpeters1428.huron.usbx.me/jellyfin/Items/73389e0d-fe8f-2953-2528-3c43bc3fc917/Images/Backdrop?tag=11bf74c5b2971199c180df456129feec&maxHeight=400&maxWidth=800
2026-01-19 21:24:15.842  5234-5234  RealImageLoader         com.rpeters.jellyfin                 I  💾 Successful (DISK) - https://rpeters1428.huron.usbx.me/jellyfin/Items/73389e0d-fe8f-2953-2528-3c43bc3fc917/Images/Logo?tag=c3a70bed7dfef866389ece8f840f4717
2026-01-19 21:24:17.638  5234-5234  JellyfinSt...Repository com.rpeters.jellyfin                 D  Testing direct play strategy: Try original container format
2026-01-19 21:24:17.638  5234-5234  JellyfinSt...Repository com.rpeters.jellyfin                 D  Using enhanced direct play for item 73389e0d-fe8f-2953-2528-3c43bc3fc917
2026-01-19 21:24:17.638  5234-5234  MediaPlayerUtils        com.rpeters.jellyfin                 D  Launching internal video player for: Wonder Woman
2026-01-19 21:24:17.649  5234-5234  MediaPlayerUtils        com.rpeters.jellyfin                 D  Successfully launched internal video player
2026-01-19 21:24:17.753  5234-5312  OkHttpClient            com.rpeters.jellyfin                 I  POST https://rpeters1428.huron.usbx.me/jellyfin/Sessions/Playing/Progress
2026-01-19 21:24:17.806  5234-5234  InsetsController        com.rpeters.jellyfin                 D  Setting requestedVisibleTypes to 496 (was 503)
2026-01-19 21:24:17.832  5234-5234  WindowOnBackDispatcher  com.rpeters.jellyfin                 D  setTopOnBackInvokedCallback (unwrapped): android.app.Activity$$ExternalSyntheticLambda0@32ca860
2026-01-19 21:24:17.885  5234-5234  VRI[VideoP...rActivity] com.rpeters.jellyfin                 D  WindowInsets changed: 1344x2992 statusBars:[0,156,0,0] mandatorySystemGestures:[0,156,0,0] 
2026-01-19 21:24:17.904  5234-5234  VRI[VideoP...rActivity] com.rpeters.jellyfin                 D  WindowInsets changed: 2992x1344 statusBars:null mandatorySystemGestures:[0,156,0,96] 
2026-01-19 21:24:17.994  5234-5234  PlaybackProgressManager com.rpeters.jellyfin                 D  Reported progress at 1790552ms for 311c0e9b-bf71-e9cb-d42e-0e18214c20bb
2026-01-19 21:24:18.009  5234-5312  OkHttpClient            com.rpeters.jellyfin                 I  POST https://rpeters1428.huron.usbx.me/jellyfin/Sessions/Playing/Stopped
2026-01-19 21:24:18.107  5234-5234  InsetsController        com.rpeters.jellyfin                 D  hide(ime())
2026-01-19 21:24:18.107  5234-5234  ImeTracker              com.rpeters.jellyfin                 I  com.rpeters.jellyfin:9afb1877: onCancelled at PHASE_CLIENT_ALREADY_HIDDEN
2026-01-19 21:24:18.133  5234-5234  PlaybackProgressManager com.rpeters.jellyfin                 D  Reported playback stop for: 311c0e9b-bf71-e9cb-d42e-0e18214c20bb at 1790552ms
2026-01-19 21:24:18.133  5234-5234  PlaybackProgressManager com.rpeters.jellyfin                 D  Stopped tracking
2026-01-19 21:24:18.134  5234-5234  PlaybackProgressManager com.rpeters.jellyfin                 D  Loading existing progress for item: 73389e0d-fe8f-2953-2528-3c43bc3fc917
2026-01-19 21:24:18.134  5234-5234  PlaybackProgressManager com.rpeters.jellyfin                 D  Started tracking for item: 73389e0d-fe8f-2953-2528-3c43bc3fc917
2026-01-19 21:24:18.138  5234-5312  OkHttpClient            com.rpeters.jellyfin                 I  GET https://rpeters1428.huron.usbx.me/jellyfin/UserItems/73389e0d-fe8f-2953-2528-3c43bc3fc917/UserData?userId=c1b3b2bb-8e62-45b6-a7c4-f6645be8423a
2026-01-19 21:24:18.139  5234-5318  OkHttpClient            com.rpeters.jellyfin                 I  GET https://rpeters1428.huron.usbx.me/jellyfin/UserItems/73389e0d-fe8f-2953-2528-3c43bc3fc917/UserData?userId=c1b3b2bb-8e62-45b6-a7c4-f6645be8423a
2026-01-19 21:24:18.246  5234-5234  OkHttpClient            com.rpeters.jellyfin                 I  GET https://rpeters1428.huron.usbx.me/jellyfin/Items?userId=c1b3b2bb-8e62-45b6-a7c4-f6645be8423a&limit=1&fields=Overview&fields=Genres&fields=People&fields=MediaSources&fields=MediaStreams&fields=DateCreated&fields=Studios&fields=Tags&fields=Chapters&ids=73389e0d-fe8f-2953-2528-3c43bc3fc917&enableTotalRecordCount=true&enableImages=true
2026-01-19 21:24:18.426  5234-5234  OkHttpClient            com.rpeters.jellyfin                 I  POST https://rpeters1428.huron.usbx.me/jellyfin/Items/73389e0d-fe8f-2953-2528-3c43bc3fc917/PlaybackInfo
2026-01-19 21:24:18.494  5234-5234  VRI[MainActivity]       com.rpeters.jellyfin                 D  visibilityChanged oldVisibility=true newVisibility=false
2026-01-19 21:24:18.506  5234-5320  HWUI                    com.rpeters.jellyfin                 D  endAllActiveAnimators on 0x7ce7bac53790 (UnprojectedRipple) with handle 0x7ce7cacec9e0
2026-01-19 21:24:18.512  5234-5234  WindowOnBackDispatcher  com.rpeters.jellyfin                 D  setTopOnBackInvokedCallback (unwrapped): android.app.Activity$$ExternalSyntheticLambda0@cfb56d7
2026-01-19 21:24:18.558  5234-5312  OkHttpClient            com.rpeters.jellyfin                 I  POST https://rpeters1428.huron.usbx.me/jellyfin/Items/73389e0d-fe8f-2953-2528-3c43bc3fc917/PlaybackInfo
2026-01-19 21:24:18.692  5234-5234  ExoPlayerImpl           com.rpeters.jellyfin                 I  Init e862cd6 [AndroidXMedia3/1.9.0] [emu64xa, sdk_gphone64_x86_64, Google, 36]
2026-01-19 21:24:18.693  5234-5234  DefaultRenderersFactory com.rpeters.jellyfin                 I  Loaded FfmpegVideoRenderer.
2026-01-19 21:24:18.694  5234-5234  DefaultRenderersFactory com.rpeters.jellyfin                 I  Loaded FfmpegAudioRenderer.
2026-01-19 21:24:19.061  5234-5448  ExoPlayerImplInternal   com.rpeters.jellyfin                 E  Playback error (Fix with AI)
                                                                                                      androidx.media3.exoplayer.ExoPlaybackException: Source error
                                                                                                          at androidx.media3.exoplayer.ExoPlayerImplInternal.handleIoException(ExoPlayerImplInternal.java:937)
                                                                                                          at androidx.media3.exoplayer.ExoPlayerImplInternal.handleMessage(ExoPlayerImplInternal.java:907)
                                                                                                          at android.os.Handler.dispatchMessage(Handler.java:128)
                                                                                                          at android.os.Looper.dispatchMessage(Looper.java:333)
                                                                                                          at android.os.Looper.loopOnce(Looper.java:263)
                                                                                                          at android.os.Looper.loop(Looper.java:367)
                                                                                                          at android.os.HandlerThread.run(HandlerThread.java:139)
                                                                                                      Caused by: androidx.media3.exoplayer.source.UnrecognizedInputFormatException: None of the available extractors (FlvExtractor, FlacExtractor, WavExtractor, FragmentedMp4Extractor, Mp4Extractor, AmrExtractor, PsExtractor, OggExtractor, TsExtractor, MatroskaExtractor, AdtsExtractor, Ac3Extractor, Ac4Extractor, Mp3Extractor, AviExtractor, JpegExtractor, PngExtractor, WebpExtractor, BmpExtractor, HeifExtractor, AvifExtractor) could read the stream. {contentIsMalformed=false, dataType=1}
                                                                                                      sniff failures: [NoDeclaredBrand, NoDeclaredBrand]
                                                                                                          at androidx.media3.exoplayer.source.BundledExtractorsAdapter.init(BundledExtractorsAdapter.java:110)
                                                                                                          at androidx.media3.exoplayer.source.ProgressiveMediaPeriod$ExtractingLoadable.load(ProgressiveMediaPeriod.java:1169)
                                                                                                          at androidx.media3.exoplayer.upstream.Loader$LoadTask.run(Loader.java:453)
                                                                                                          at java.util.concurrent.ThreadPoolExecutor.runWorker(ThreadPoolExecutor.java:1154)
                                                                                                          at java.util.concurrent.ThreadPoolExecutor$Worker.run(ThreadPoolExecutor.java:652)
                                                                                                          at java.lang.Thread.run(Thread.java:1563)
2026-01-19 21:24:19.066  5234-5234  VideoPlayer             com.rpeters.jellyfin                 E  Error: Source error (Fix with AI)
                                                                                                    androidx.media3.exoplayer.ExoPlaybackException: Source error
                                                                                                    	at androidx.media3.exoplayer.ExoPlayerImplInternal.handleIoException(ExoPlayerImplInternal.java:937)
                                                                                                    	at androidx.media3.exoplayer.ExoPlayerImplInternal.handleMessage(ExoPlayerImplInternal.java:907)
                                                                                                    	at android.os.Handler.dispatchMessage(Handler.java:128)
                                                                                                    	at android.os.Looper.dispatchMessage(Looper.java:333)
                                                                                                    	at android.os.Looper.loopOnce(Looper.java:263)
                                                                                                    	at android.os.Looper.loop(Looper.java:367)
                                                                                                    	at android.os.HandlerThread.run(HandlerThread.java:139)
                                                                                                    Caused by: androidx.media3.exoplayer.source.UnrecognizedInputFormatException: None of the available extractors (FlvExtractor, FlacExtractor, WavExtractor, FragmentedMp4Extractor, Mp4Extractor, AmrExtractor, PsExtractor, OggExtractor, TsExtractor, MatroskaExtractor, AdtsExtractor, Ac3Extractor, Ac4Extractor, Mp3Extractor, AviExtractor, JpegExtractor, PngExtractor, WebpExtractor, BmpExtractor, HeifExtractor, AvifExtractor) could read the stream. {contentIsMalformed=false, dataType=1}
                                                                                                    sniff failures: [NoDeclaredBrand, NoDeclaredBrand]
                                                                                                    	at androidx.media3.exoplayer.source.BundledExtractorsAdapter.init(BundledExtractorsAdapter.java:110)
                                                                                                    	at androidx.media3.exoplayer.source.ProgressiveMediaPeriod$ExtractingLoadable.load(ProgressiveMediaPeriod.java:1169)
                                                                                                    	at androidx.media3.exoplayer.upstream.Loader$LoadTask.run(Loader.java:453)
                                                                                                    	at java.util.concurrent.ThreadPoolExecutor.runWorker(ThreadPoolExecutor.java:1154)
                                                                                                    	at java.util.concurrent.ThreadPoolExecutor$Worker.run(ThreadPoolExecutor.java:652)
                                                                                                    	at java.lang.Thread.run(Thread.java:1563)
2026-01-19 21:24:23.707  5234-5234  ViewRootImpl            com.rpeters.jellyfin                 D  Skipping stats log for color mode
2026-01-19 21:24:23.709  5234-5234  WindowOnBackDispatcher  com.rpeters.jellyfin                 D  setTopOnBackInvokedCallback (unwrapped): androidx.navigationevent.OnBackInvokedInput$createOnBackAnimationCallback$1@c0f68b5
2026-01-19 21:24:23.860  5234-5234  InsetsController        com.rpeters.jellyfin                 D  hide(ime())
2026-01-19 21:24:23.860  5234-5234  ImeTracker              com.rpeters.jellyfin                 I  com.rpeters.jellyfin:a252c41e: onCancelled at PHASE_CLIENT_ALREADY_HIDDEN
2026-01-19 21:24:24.302  5234-5234  VRI[VideoP...rActivity] com.rpeters.jellyfin                 D  visibilityChanged oldVisibility=true newVisibility=false
2026-01-19 21:24:24.424  5234-5234  LeakCanary              com.rpeters.jellyfin                 D  Watching instance of androidx.fragment.app.FragmentManagerViewModel (androidx.fragment.app.FragmentManagerViewModel received ViewModel#onCleared() callback) with key 66546738-3ebe-45d4-bb33-ab915f9c9ee5
2026-01-19 21:24:24.425  5234-5234  LeakCanary              com.rpeters.jellyfin                 D  Watching instance of dagger.hilt.android.internal.managers.ActivityRetainedComponentManager$ActivityRetainedComponentViewModel (dagger.hilt.android.internal.managers.ActivityRetainedComponentManager$ActivityRetainedComponentViewModel received ViewModel#onCleared() callback) with key 51967979-a5c3-4a0c-a52d-4b31ec1df845
2026-01-19 21:24:24.426  5234-5234  LeakCanary              com.rpeters.jellyfin                 D  Watching instance of leakcanary.internal.ViewModelClearedWatcher (leakcanary.internal.ViewModelClearedWatcher received ViewModel#onCleared() callback) with key 5c801bfd-8315-4583-88db-79b36925165e
2026-01-19 21:24:24.426  5234-5234  LeakCanary              com.rpeters.jellyfin                 D  Watching instance of androidx.lifecycle.SavedStateHandlesVM (androidx.lifecycle.SavedStateHandlesVM received ViewModel#onCleared() callback) with key 49691adc-eebc-4014-95bf-46be3192c463
